DEBUG    pytest_reportportal.service:service.py:930 ReportPortal - Init service: endpoint=http://192.168.7.189:8080, project=default_personal, api_key=pdr-mac-bft_k0lUpueVSxK3zjGjZDXwejLozpyQplI2EgaaHII5zqZVAi_hlCC8WGDaWlaGREh5
DEBUG    urllib3.connectionpool:connectionpool.py:241 Starting new HTTP connection (1): 192.168.7.189:8080
DEBUG    urllib3.connectionpool:connectionpool.py:544 http://192.168.7.189:8080 "GET /api/v1/default_personal/settings HTTP/1.1" 200 None
DEBUG    reportportal_client.helpers:helpers.py:170 not enough values to unpack (expected 2, got 1)
DEBUG    reportportal_client.helpers:helpers.py:170 not enough values to unpack (expected 2, got 1)
DEBUG    pytest_reportportal.service:service.py:211 ReportPortal - Start launch: request_body={'attributes': [{'value': 'mac'}, {'value': 'BFT'}, {'key': 'agent', 'value': 'pytest-reportportal|5.4.7', 'system': True}, {'key': 'cpu', 'value': 'i386', 'system': True}, {'key': 'machine', 'value': 'x86_64', 'system': True}, {'key': 'os', 'value': 'Darwin', 'system': True}], 'name': 'Single Test', 'start_time': '1742548995609', 'description': 'PDR Mac BFT', 'rerun': False, 'rerun_of': None}
DEBUG    urllib3.connectionpool:connectionpool.py:544 http://192.168.7.189:8080 "POST /api/v2/default_personal/launch HTTP/1.1" 201 None
DEBUG    urllib3.connectionpool:connectionpool.py:1049 Starting new HTTPS connection (1): www.google-analytics.com:443
DEBUG    urllib3.connectionpool:connectionpool.py:544 https://www.google-analytics.com:443 "POST /mp/collect?measurement_id=G-WP57RSG8XL&api_secret=nHowjF2PQZ-41Io0Op4hfQ HTTP/1.1" 204 0
DEBUG    reportportal_client.client:client.py:568 start_launch - ID: 6f8fc56e-51c9-49d6-a3f1-0c2aaca86677
DEBUG    pytest_reportportal.service:service.py:213 ReportPortal - Launch started: id=6f8fc56e-51c9-49d6-a3f1-0c2aaca86677
DEBUG    my_package:__init__.py:122 [STEP]: [Action] Launch App
DEBUG    my_package:__init__.py:122 [STEP]: [Action] Close App
DEBUG    my_package:__init__.py:122 [STEP]: [Verify] Check if App Exist
DEBUG    my_package:__init__.py:122 [STEP]: [Action] Base_page: Compare Images
DEBUG    my_package:__init__.py:122 [STEP]: [Action] Base_page: Snapshot
DEBUG    my_package:__init__.py:122 [STEP]: [Action][Base Page] Snapshot [Heart Icon] on thumbnail (name)
DEBUG    my_package:__init__.py:122 [STEP]: [Action][Base_page] Double click
DEBUG    my_package:__init__.py:122 [STEP]: [Action][Base_page] Right Click
DEBUG    my_package:__init__.py:122 [STEP]: [Action][Base_page] Select specific tag with name
DEBUG    my_package:__init__.py:122 [STEP]: [Action][Base_page] Select Library Room category
DEBUG    my_package:__init__.py:122 [STEP]: [Action][Base_page] Unfold [CLUT] category
DEBUG    my_package:__init__.py:122 [STEP]: [Action][Base_page] Select right click menu
DEBUG    my_package:__init__.py:122 [STEP]: [Action][Base_page] Select file in file picker
DEBUG    my_package:__init__.py:122 [STEP]: [Action][Base_page] Move mouse to position (0, 0)
DEBUG    my_package:__init__.py:122 [STEP]: [Action][Base_page] Input keyboard
DEBUG    my_package:__init__.py:122 [STEP]: [Action][Base_page] Input text
DEBUG    my_package:__init__.py:122 [STEP]: [Action][Base_page] Press [Esc] key
DEBUG    my_package:__init__.py:122 [STEP]: [Action][Base_page] Press [Enter] key
DEBUG    my_package:__init__.py:122 [STEP]: [Action][Base_page] Press [Space] key
DEBUG    my_package:__init__.py:122 [STEP]: [Action][Base_page] Hover on button on launcher
DEBUG    my_package:__init__.py:122 [STEP]: [Action][Base_page] Open [New Workspace] via hotkey
DEBUG    my_package:__init__.py:122 [STEP]: [Action][Base_page] Tap [Select All] via hotkey
DEBUG    my_package:__init__.py:122 [STEP]: [Action][Base_page] Enter [Effect Room] via hotkey
DEBUG    my_package:__init__.py:122 [STEP]: [Action][Base_page] Enter [PiP Room] via hotkey
DEBUG    my_package:__init__.py:122 [STEP]: [Action][Base_page] Enter [Title Room] via hotkey
DEBUG    my_package:__init__.py:122 [STEP]: [Action][Base_page] Enter [Transition Room] via hotkey
DEBUG    my_package:__init__.py:122 [STEP]: [Action][Base_page] Enter [Split] via hotkey
DEBUG    my_package:__init__.py:122 [STEP]: [Action][Base_page] Check if the preview window is different when playing
DEBUG    my_package:__init__.py:122 [STEP]: [Action][Base_page] Delete folder
DEBUG    my_package:__init__.py:122 [STEP]: [Verify][Base_page] Check if the file exists
DEBUG    my_package:__init__.py:122 [STEP]: [Action][Base_page] Clear [AI Module] files
DEBUG    my_package:__init__.py:122 [STEP]: [Initial][Base Page] Clear capture file
DEBUG    my_package:__init__.py:122 [STEP]: [Initial][Base Page] Clear login account cache
DEBUG    my_package:__init__.py:122 [STEP]: [Initial] clear cache and GDPR
DEBUG    my_package:__init__.py:122 [STEP]: [Initial] clear cache
DEBUG    my_package:__init__.py:122 [STEP]: [Action][Base_page] Drag Mouse
DEBUG    my_package:__init__.py:122 [STEP]: [Action][Base Page] Click [CEIP] dialog
DEBUG    my_package:__init__.py:122 [STEP]: [Action][Base_page] click 'New Project' button on Launcher
DEBUG    my_package:__init__.py:122 [STEP]: [Verify] Get the value of 'Show launcher after closing program' checkbox
DEBUG    my_package:__init__.py:122 [STEP]: [Action][Base_page] Delte 1st recently project
DEBUG    my_package:__init__.py:122 [STEP]: [Action][Base_page] Apply [Sample Clip] on [AI Module Import dialog] on Launcher
DEBUG    my_package:__init__.py:122 [STEP]: [Action][Base_page] Click [Import] button on [AI Module Import dialog] on Launcher and import media
DEBUG    my_package:__init__.py:122 [STEP]: [Action] Sign in to PDR
DEBUG    my_package:__init__.py:122 [STEP]: [Action][Base_page][AdjustSet] Adjust slider value
DEBUG    my_package:__init__.py:122 [STEP]: [Action][Base_page][AdjustSet] Set value
DEBUG    my_package:__init__.py:122 [STEP]: [Action][Base_page][AdjustSet] Get value
DEBUG    my_package:__init__.py:122 [STEP]: [Action][Base_page][EaseSet] Enable/ Disable ease checkbox
DEBUG    my_package:__init__.py:122 [STEP]: [Action][Base_page][EaseSet] Get status of ease checkbox
DEBUG    my_package:__init__.py:122 [STEP]: [Action][Base_page][KeyframeSet] Click previous keyframe
DEBUG    my_package:__init__.py:122 [STEP]: [Action][Base_page][KeyframeSet] Click next keyframe
DEBUG    my_package:__init__.py:122 [STEP]: [Action][Main_page] click Launch Free version button on Ess dialog
DEBUG    my_package:__init__.py:122 [STEP]: [Action][Main Page] Tap [Tool Menu] on [Tips Area]
DEBUG    my_package:__init__.py:122 [STEP]: [Action][Main_page] Insert media to selected track
DEBUG    my_package:__init__.py:122 [STEP]: [Action][Main_page] Open [designer window] by [tips area]
DEBUG    my_package:__init__.py:122 [STEP]: [Action][Main_page] Click [Split] button on [Tips Area]
DEBUG    my_package:__init__.py:122 [STEP]: [Action][Main_page] Set Timecode
DEBUG    my_package:__init__.py:122 [STEP]: [Action][Main_page] Click Set Length of Selected Clip
DEBUG    my_package:__init__.py:122 [STEP]: [Action][Main_page] Set timeline timecode
DEBUG    my_package:__init__.py:122 [STEP]: [Action][Main_page] Get Timeline Timecode
DEBUG    my_package:__init__.py:122 [STEP]: [Action][Main_page] Set Timecode on Library Preview
DEBUG    my_package:__init__.py:122 [STEP]: [Action][Main_page] Enter Room
DEBUG    my_package:__init__.py:122 [STEP]: [Action][Main_page] Select media by library icon view
DEBUG    my_package:__init__.py:122 [STEP]: [Action][Main_page] Close and Restart App
DEBUG    my_package:__init__.py:122 [STEP]: [Action][Main_page] Click [Undo] button
DEBUG    my_package:__init__.py:122 [STEP]: [Action][Main_page] Click [Produce] button
DEBUG    my_package:__init__.py:122 [STEP]: [Action][Main_page] select target track on timeline
DEBUG    my_package:__init__.py:122 [STEP]: [Action][Main_page] Set [Project Aspect Ratio] as (4:3)
DEBUG    my_package:__init__.py:122 [STEP]: [Action][Main_page] Set [Project Aspect Ratio] as (9:16)
DEBUG    my_package:__init__.py:122 [STEP]: [Action][Main_page] Set [Project Aspect Ratio] as (1:1)
DEBUG    my_package:__init__.py:122 [STEP]: [Action][Main_page] Handle [Save Project] Dialog
DEBUG    my_package:__init__.py:122 [STEP]: [Action][Main_page] Open Project from top menu bar
DEBUG    my_package:__init__.py:122 [STEP]: [Action][Main_page] Deal with [Open Project] dialog
DEBUG    my_package:__init__.py:122 [STEP]: [Action][Main_page] Deal with merge media to current library dialog
DEBUG    my_package:__init__.py:122 [STEP]: [Action][Main_page] Click [New Project] from top menu bar
DEBUG    my_package:__init__.py:122 [STEP]: [Action][Main_page] Save project as from top menu bar
DEBUG    my_package:__init__.py:122 [STEP]: [Action][Main_page] Handle [Do you want to save changes] dialog
DEBUG    my_package:__init__.py:122 [STEP]: [Action][Main_page] Open [Pack Project Materials] from top menu bar
DEBUG    my_package:__init__.py:122 [STEP]: [Action][Main_page] Open [Video Collage Designer] from top menu bar
DEBUG    my_package:__init__.py:122 [STEP]: [Action][Main_page] Click [Show Library Preview Window] from top menu bar
DEBUG    my_package:__init__.py:122 [STEP]: [Action][Main_page] Enable/ Disable [Show Timeline Preview Volume Meter] from top menu bar
DEBUG    my_package:__init__.py:122 [STEP]: [Action][Main_page] Click [Set User Preferences]
DEBUG    my_package:__init__.py:122 [STEP]: [Action][Main_page] Drag current position media to timeline playhead position
DEBUG    my_package:__init__.py:122 [STEP]: [Action][Main_page] Drag media to timeline playhead position
DEBUG    my_package:__init__.py:122 [STEP]: [Action][Main Page] Drag Transition to timeline clip
DEBUG    my_package:__init__.py:122 [STEP]: [Action][Main_page] Handle [Aspect Ratio Conflict] dialog
DEBUG    my_package:__init__.py:122 [STEP]: [Action] Close AP and back to launcher
DEBUG    my_package:__init__.py:122 [STEP]: [Action][Mask Designer][AdjustSet] Set value
DEBUG    my_package:__init__.py:122 [STEP]: [Action][Mask Designer][EaseSet] Enable/ Disable checkbox
DEBUG    my_package:__init__.py:122 [STEP]: [Action][Mask Designer][Save As] Click OK
DEBUG    my_package:__init__.py:122 [STEP]: [Action][Mask Designer][Save As] Input name
DEBUG    my_package:__init__.py:122 [STEP]: [Action][Mask Designer][Object Settings][ModuleSet] Click Previous Keyframe
DEBUG    my_package:__init__.py:122 [STEP]: [Action][Mask Designer][Object Settings][ModuleSet] Click Add/Remove Keyframe
DEBUG    my_package:__init__.py:122 [STEP]: [Action][Mask Designer][Object Settings][ModuleSet] Click Next Keyframe
DEBUG    my_package:__init__.py:122 [STEP]: [Action][Mask Designer][Object Settings][ModuleSet] Click Reset Keyframe
DEBUG    my_package:__init__.py:122 [STEP]: [Action][Mask Designer][Object Settings] Get Rotation Value
DEBUG    my_package:__init__.py:122 [STEP]: [Action][Mask Designer][Object Settings] Set Rotation
DEBUG    my_package:__init__.py:122 [STEP]: [Action][Mask Designer][Simple Track][Position] Add Keyframe
DEBUG    my_package:__init__.py:122 [STEP]: [Action][Mask Designer][Simple Track][Position] Click Previous Keyframe
DEBUG    my_package:__init__.py:122 [STEP]: [Action][Mask Designer][Simple Track][Position] Click Next Keyframe
DEBUG    my_package:__init__.py:122 [STEP]: [Action][Mask Designer][Simple Track][Scale] Add Keyframe
DEBUG    my_package:__init__.py:122 [STEP]: [Action][Mask Designer][Simple Track][Scale] Click Previous Keyframe
DEBUG    my_package:__init__.py:122 [STEP]: [Action][Mask Designer][Simple Track][Scale] Click Next Keyframe
DEBUG    my_package:__init__.py:122 [STEP]: [Action][Mask Designer][Simple Track][Opacity] Add Keyframe
DEBUG    my_package:__init__.py:122 [STEP]: [Action][Mask Designer][Simple Track][Opacity] Click Previous Keyframe
DEBUG    my_package:__init__.py:122 [STEP]: [Action][Mask Designer][Simple Track][Opacity] Click Next Keyframe
DEBUG    my_package:__init__.py:122 [STEP]: [Action][Mask Designer][Simple Track][Rotation] Add Keyframe
DEBUG    my_package:__init__.py:122 [STEP]: [Action][Mask Designer][Simple Track][Rotation] Click Previous Keyframe
DEBUG    my_package:__init__.py:122 [STEP]: [Action][Mask Designer][Simple Track][Rotation] Click Next Keyframe
DEBUG    my_package:__init__.py:122 [STEP]: [Action][Mask Designer] Set timecode
DEBUG    my_package:__init__.py:122 [STEP]: [Action][Mask Designer] Get timecode
DEBUG    my_package:__init__.py:122 [STEP]: [Action][Mask Designer] Tick/ Untick [Only Show Selected Track]
DEBUG    my_package:__init__.py:122 [STEP]: [Action][Mask Designer] Click [OK] on Mask Designer
DEBUG    my_package:__init__.py:122 [STEP]: [Action][Mask Designer] Click [Save As]
DEBUG    my_package:__init__.py:122 [STEP]: [Action][Mask Designer] Share template to cloud
DEBUG    my_package:__init__.py:122 [STEP]: [Action][Mask Designer] Scroll bar
DEBUG    my_package:__init__.py:122 [STEP]: [Action][Mask Designer] Apply mask preset by index
DEBUG    my_package:__init__.py:122 [STEP]: [Action][Mask Designer] Create Custom Mask from Image
DEBUG    my_package:__init__.py:122 [STEP]: [Action][Mask Designer] Click [Create Text Mask]
DEBUG    my_package:__init__.py:122 [STEP]: [Verify][Mask Designer] Check [Brush Mask Designer] is opened
DEBUG    my_package:__init__.py:122 [STEP]: [Action][Mask Designer] Click [Create Brush Mask]
DEBUG    my_package:__init__.py:122 [STEP]: [Action][Mask Designer][Brush Mask] Click [Reset]
DEBUG    my_package:__init__.py:122 [STEP]: [Action][Mask Designer][Brush Mask][Tools] Set Smart Brush
DEBUG    my_package:__init__.py:122 [STEP]: [Action][Mask Designer][Brush Mask] Drag tool on canvas from upper left
DEBUG    my_package:__init__.py:122 [STEP]: [Action][Mask Designer][Brush Mask] Drag tool on canvas from upper middle
DEBUG    my_package:__init__.py:122 [STEP]: [Action][Mask Designer][Brush Mask] Drag tool on canvas from upper right
DEBUG    my_package:__init__.py:122 [STEP]: [Action][Mask Designer][Brush Mask][Width] Set width
DEBUG    my_package:__init__.py:122 [STEP]: [Action][Mask Designer][Brush Mask] Click [OK] button
DEBUG    my_package:__init__.py:122 [STEP]: [Action][Mask Designer] Switch to [Motion] tab
DEBUG    my_package:__init__.py:122 [STEP]: [Action][Mask Designer] Switch to [Mask] tab
DEBUG    my_package:__init__.py:122 [STEP]: [Action][Mask Designer][Motion] Click [Path] Tab
DEBUG    my_package:__init__.py:122 [STEP]: [Action][Mask Designer][Motion] Select [Path] Template by index
DEBUG    my_package:__init__.py:122 [STEP]: [Action][Mask Designer] Resize object on canvas
DEBUG    my_package:__init__.py:122 [STEP]: [Action][Mask Designer] Enable/ Disable [Invert Mask]
DEBUG    my_package:__init__.py:122 [STEP]: [Action][Mask Designer] Set Feather Radius Value by textbox
DEBUG    my_package:__init__.py:122 [STEP]: [Action][Mask Designer] Click preview operation -- play, pause, stop, previous frame, next frame, fast forward
DEBUG    my_package:__init__.py:122 [STEP]: [Action][Mask Designer] Remove custom mask by index
DEBUG    my_package:__init__.py:122 [STEP]: [Action][Mask Designer] Move the object on canvas by offset_x and offset_y
DEBUG    my_package:__init__.py:122 [STEP]: [Action][Mask Designer] Rotate the object on canvas by degrees
DEBUG    my_package:__init__.py:122 [STEP]: [Action][Mask Designer] Click [Create Selection Mask] button
DEBUG    my_package:__init__.py:122 [STEP]: [Action][Mask Designer] Draw a triangle on canvas
DEBUG    my_package:__init__.py:122 [STEP]: [Action][Media Room] Import media for local file
DEBUG    my_package:__init__.py:122 [STEP]: [Action][Media Room] Import media from [CyberLink Cloud]
DEBUG    my_package:__init__.py:122 [STEP]: [Action][Media Room] Open [Shutterstock] dialog in media room
DEBUG    my_package:__init__.py:122 [STEP]: [Action][Media Room] Enter [Media Content] Category
DEBUG    my_package:__init__.py:122 [STEP]: [Action][Media Room] Enter [Color Boards]
DEBUG    my_package:__init__.py:122 [STEP]: [Action][Media Room] Enter [Background Music (CL)] Category
DEBUG    my_package:__init__.py:122 [STEP]: [Action][Media Room] Enter [Background Music (meta)] Category
DEBUG    my_package:__init__.py:122 [STEP]: [Action][Media Room] Enter [Sound Clip] Category
DEBUG    my_package:__init__.py:122 [STEP]: [Action][Media Room] Enter [Download] Category
DEBUG    my_package:__init__.py:122 [STEP]: [Action][Media Room] Search library for (content name)
DEBUG    my_package:__init__.py:122 [STEP]: [Action][Media Room] Search conponent in Media Room (Sound Effects) category
DEBUG    my_package:__init__.py:122 [STEP]: [Action][Media Room] Click [Cancel] button in search library
DEBUG    my_package:__init__.py:122 [STEP]: [Action][Media Room] Click [Display/Hide Explore View] button
DEBUG    my_package:__init__.py:122 [STEP]: [Action][Media Room] Add new tag with name
DEBUG    my_package:__init__.py:122 [STEP]: [Action][Media Room] Delete tag by right click
DEBUG    my_package:__init__.py:122 [STEP]: [Action][Media Room] Rename tag by right click
DEBUG    my_package:__init__.py:122 [STEP]: [Action][Media Room] Sort by [Created Date] in [Library Menu]
DEBUG    my_package:__init__.py:122 [STEP]: [Action][Media Room] Modify [Color Board] Color
DEBUG    my_package:__init__.py:122 [STEP]: [Action][Media Room] Set [Gradient Color]
DEBUG    my_package:__init__.py:122 [STEP]: [Action][Media Room] Handle Color Gradient
DEBUG    my_package:__init__.py:122 [STEP]: [Action][Media Room] Add media to specific tag by right click
DEBUG    my_package:__init__.py:122 [STEP]: [Action][Media Room] Move clip in library to trash can
DEBUG    my_package:__init__.py:122 [STEP]: [Action][Media Room] Open [File Location] from [Library Clip] context menu by right click
DEBUG    my_package:__init__.py:122 [STEP]: [Action] Select specific category
DEBUG    my_package:__init__.py:122 [STEP]: [Action][Media Room] Select specific category in meta by name
DEBUG    my_package:__init__.py:122 [STEP]: [Action][Media Room] Select specific sound clips in library by name
DEBUG    my_package:__init__.py:122 [STEP]: [Verify][Media Room] Check [Download] mark if shown on BG music for specific music
DEBUG    my_package:__init__.py:122 [STEP]: [Verify][Media Room] Check [Download OK] mark if shown on BG music for specific music
DEBUG    my_package:__init__.py:122 [STEP]: [Action][Media_Room] Handle high definition dialog
DEBUG    my_package:__init__.py:122 [STEP]: [Action][Media_Room] Click [Meta] icon
DEBUG    my_package:__init__.py:122 [STEP]: [Verify][Media_Room] Check [Meta] webpage is opened after clicked [Meta] icon
DEBUG    my_package:__init__.py:122 [STEP]: [Action][TitleRoom] Click "Download Content from DirectorZone/Cloud"
DEBUG    my_package:__init__.py:122 [STEP]: [Action][Title Room] Drag [Scroll Bar] in [Title Room] with (value)
DEBUG    my_package:__init__.py:122 [STEP]: [Action][Title Designer] Maximize/ Minimize Title Designer Window
DEBUG    my_package:__init__.py:122 [STEP]: [Action][Title Designer] Set Time Code
DEBUG    my_package:__init__.py:122 [STEP]: [Action][Title Designer] Get Title Text Content
DEBUG    my_package:__init__.py:122 [STEP]: [Action][Title Designer] Drag Vertical Slider
DEBUG    my_package:__init__.py:122 [STEP]: [Action][Title Designer] Insert Title
DEBUG    my_package:__init__.py:122 [STEP]: [Action][Title Designer] Edit Title
DEBUG    my_package:__init__.py:122 [STEP]: [Action][Title Designer] Click [Insert Particle] Button
DEBUG    my_package:__init__.py:122 [STEP]: [Action][Title Designer] Insert Particle
DEBUG    my_package:__init__.py:122 [STEP]: [Action][Title Designer] Click [Insert Image] Button
DEBUG    my_package:__init__.py:122 [STEP]: [Action][Title Designer] Insert Image
DEBUG    my_package:__init__.py:122 [STEP]: [Action][Title Designer] Click [Insert Background] Button
DEBUG    my_package:__init__.py:122 [STEP]: [Action][Title Designer] Insert Background
DEBUG    my_package:__init__.py:122 [STEP]: [Action][Title Designer] Adjust setting for [Insert Background]
DEBUG    my_package:__init__.py:122 [STEP]: [Action][Title Designer] Click [Delete Background] Button
DEBUG    my_package:__init__.py:122 [STEP]: [Action][Title Designer] Switch mode
DEBUG    my_package:__init__.py:122 [STEP]: [Action][Title Designer] Click [Object] Tab
DEBUG    my_package:__init__.py:122 [STEP]: [Action][Title Designer] Click animation tab
DEBUG    my_package:__init__.py:122 [STEP]: [Action][Title Designer] Click [Motion] Tab
DEBUG    my_package:__init__.py:122 [STEP]: [Action][Title Designer] Click [OK] button
DEBUG    my_package:__init__.py:122 [STEP]: [Action][Title Designer] Set template name when saving template
DEBUG    my_package:__init__.py:122 [STEP]: [Action][Title Designer] Click [Cancel] Button
DEBUG    my_package:__init__.py:122 [STEP]: [Action][Title Designer] Save template as
DEBUG    my_package:__init__.py:122 [STEP]: [Action][Title Designer] Share to DZ
DEBUG    my_package:__init__.py:122 [STEP]: [Action][Title Designer] Click preview operation -- play, pause, stop, previous frame, next frame, fast forward
DEBUG    my_package:__init__.py:122 [STEP]: [Action][Title Designer] Apply Character Presets
DEBUG    my_package:__init__.py:122 [STEP]: [Action][Title Designer] Set Font Type
DEBUG    my_package:__init__.py:122 [STEP]: [Action][Title Designer] Set Font Size
DEBUG    my_package:__init__.py:122 [STEP]: [Action][Title Designer] Set Line Spacing Amount
DEBUG    my_package:__init__.py:122 [STEP]: [Action][Title Designer] Set Text Spacing Amount
DEBUG    my_package:__init__.py:122 [STEP]: [Action][Title Designer] Set Font Face Color
DEBUG    my_package:__init__.py:122 [STEP]: [Action][Title Designer] Set Kerning Check
DEBUG    my_package:__init__.py:122 [STEP]: [Action][Title Designer] Set Align
DEBUG    my_package:__init__.py:122 [STEP]: [Action][Title Designer] Set Check Font Face
DEBUG    my_package:__init__.py:122 [STEP]: [Action][Title Designer] Enable/ Disable Check Shadow
DEBUG    my_package:__init__.py:122 [STEP]: [Action][Title Designer] Enable/Disable Border
DEBUG    my_package:__init__.py:122 [STEP]: [Action][Title Designer] Set Border Depth by Value
DEBUG    my_package:__init__.py:122 [STEP]: [Action][Title Designer] Set Border Depth by Slider
DEBUG    my_package:__init__.py:122 [STEP]: [Action][Title Designer] Enable/ Disable Check Shadow
DEBUG    my_package:__init__.py:122 [STEP]: [Action][Title Designer] Drag Shadow Distance Slider
DEBUG    my_package:__init__.py:122 [STEP]: [Action][Title Designer] Click Shadow Distance Arrow Button
DEBUG    my_package:__init__.py:122 [STEP]: [Action][Title Designer] Input Shadow Blur Value
DEBUG    my_package:__init__.py:122 [STEP]: [Action][Title Designer] Drag Shadow Opacity Slider
DEBUG    my_package:__init__.py:122 [STEP]: [Action][Title Designer] Input Shadow Opacity Value
DEBUG    my_package:__init__.py:122 [STEP]: [Action][Title Designer] Enable/ Disable Check Fill Shadow
DEBUG    my_package:__init__.py:122 [STEP]: [Action][Title Designer] Set Shadow Fill Shadow Color
DEBUG    my_package:__init__.py:122 [STEP]: [Action][Title Designer] Click Undo button
DEBUG    my_package:__init__.py:122 [STEP]: [Action][Title Designer] Add Keyframe Control
DEBUG    my_package:__init__.py:122 [STEP]: [Action][Title Designer] Reset Keyframe Control in Position
DEBUG    my_package:__init__.py:122 [STEP]: [Action][Title Designer] Click Previous Keyframe Control in Position
DEBUG    my_package:__init__.py:122 [STEP]: [Action][Title Designer] Click Next Keyframe Control in Position
DEBUG    my_package:__init__.py:122 [STEP]: [Action][Title Designer] Input Object Setting Position X Value
DEBUG    my_package:__init__.py:122 [STEP]: [Action][Title Designer] Click Object Setting Position X Arrow Button
DEBUG    my_package:__init__.py:122 [STEP]: [Action][Title Designer] Input Object Setting Position Y Value
DEBUG    my_package:__init__.py:122 [STEP]: [Action][Title Designer] Add Keyframe Control in Scale
DEBUG    my_package:__init__.py:122 [STEP]: [Action][Title Designer] Reset Keyframe Control in Scale
DEBUG    my_package:__init__.py:122 [STEP]: [Action][Title Designer] Click Previous Keyframe Control in Scale
DEBUG    my_package:__init__.py:122 [STEP]: [Action][Title Designer] Get Object Setting Scale Width Value
DEBUG    my_package:__init__.py:122 [STEP]: [Action][Title Designer] Input Object Setting Scale Height Value
DEBUG    my_package:__init__.py:122 [STEP]: [Action][Title Designer] Get Object Setting Scale Height Value
DEBUG    my_package:__init__.py:122 [STEP]: [Action][Title Designer] Set Check Object Setting Scale Ease In
DEBUG    my_package:__init__.py:122 [STEP]: [Action][Title Designer] Drag Object Setting -- Scale -- Ease In Slider
DEBUG    my_package:__init__.py:122 [STEP]: [Action][Title Designer] Get Object Setting -- Scale -- Ease In Value
DEBUG    my_package:__init__.py:122 [STEP]: [Action][Title Designer] Set Check Object Setting -- Scale -- Ease Out
DEBUG    my_package:__init__.py:122 [STEP]: [Action][Title Designer] Get Object Setting -- Scale -- Ease Out Value
DEBUG    my_package:__init__.py:122 [STEP]: [Action][Title Designer] Drag Object Setting -- Scale -- Ease Out Slider
DEBUG    my_package:__init__.py:122 [STEP]: [Action][Title Designer] Add Keyframe Control in Opacity
DEBUG    my_package:__init__.py:122 [STEP]: [Action][Title Designer] Drag Object Setting -- Opacity Slider
DEBUG    my_package:__init__.py:122 [STEP]: [Action][Title Designer] Add Keyframe Control in Rotation
DEBUG    my_package:__init__.py:122 [STEP]: [Action][Title Designer] Click Next Keyframe Control in Rotation
DEBUG    my_package:__init__.py:122 [STEP]: [Action][Title Designer] Input Object Setting Rotation Value
DEBUG    my_package:__init__.py:122 [STEP]: [Action][Title Designer] Get Object Setting Rotation Value
DEBUG    my_package:__init__.py:122 [STEP]: [Action][Title Designer] Set Check Object Setting -- Rotation -- Ease Out
DEBUG    my_package:__init__.py:122 [STEP]: [Action][Title Designer] Input Object Setting -- Rotation -- Ease Out Value
DEBUG    my_package:__init__.py:122 [STEP]: [Action][Title Designer] Apply in Animation Effect
DEBUG    my_package:__init__.py:122 [STEP]: [Action][Title Designer] Click Object Settings -- Simple Track Opacity -- Keyframe Control
DEBUG    my_package:__init__.py:122 [STEP]: [Action][Title Designer] Click Object Settings -- Simple Track Opacity -- Previous Keyframe
DEBUG    my_package:__init__.py:122 [STEP]: [Action][Title Designer] Click Object Settings -- Simple Track Opacity -- Next Keyframe
DEBUG    my_package:__init__.py:122 [STEP]: [Action][TitleDesigner] Fold or Unfold [Font Face] Tab
DEBUG    my_package:__init__.py:122 [STEP]: [Action][TitleDesigner] Fold/ Unfold [Shadow] Tab
DEBUG    my_package:__init__.py:122 [STEP]: [Action][TitleDesigner] Fold/ Unfold [Object Setting] Tab
DEBUG    my_package:__init__.py:122 [STEP]: [Action][TitleDesigner] Fold/ Unfold [In Animation] Tab
DEBUG    my_package:__init__.py:122 [STEP]: [Action][TitleDesigner] Fold/ Unfold [Out Animation] Tab
DEBUG    my_package:__init__.py:122 [STEP]: [Action][TitleDesigner][MGT] Check if warning message show up and deal with dont show again option
DEBUG    my_package:__init__.py:122 [STEP]: [Action][TitleDesigner][MGT] Click OK button on warning message dialog
DEBUG    my_package:__init__.py:122 [STEP]: [Action][TitleDesigner][MGT] Select title track
DEBUG    my_package:__init__.py:122 [STEP]: [Action][TitleDesigner][MGT] Input title text
DEBUG    my_package:__init__.py:122 [STEP]: [Action][TitleDesigner][MGT] Apply font type
DEBUG    my_package:__init__.py:122 [STEP]: [Action][TitleDesigner][MGT] Click Bold button
DEBUG    my_package:__init__.py:122 [STEP]: [Action][TitleDesigner][MGT] Apply font face color
DEBUG    my_package:__init__.py:122 [STEP]: [Action][TitleDesigner][MGT] Apply Graphics Color
DEBUG    my_package:__init__.py:122 [STEP]: [Action][TitleDesigner][MGT] Set Position X value
DEBUG    my_package:__init__.py:122 [STEP]: [Action][TitleDesigner][MGT] Get position x value
DEBUG    my_package:__init__.py:122 [STEP]: [Action][TitleDesigner][MGT] Click position x arrow button
DEBUG    my_package:__init__.py:122 [STEP]: [Action][TitleDesigner][MGT] Set Position Y value
DEBUG    my_package:__init__.py:122 [STEP]: [Action][TitleDesigner][MGT] Get position y value
DEBUG    my_package:__init__.py:122 [STEP]: [Action][TitleDesigner][MGT] Click position y arrow button
DEBUG    my_package:__init__.py:122 [STEP]: [Action][TitleDesigner][MGT] Get scale width value
DEBUG    my_package:__init__.py:122 [STEP]: [Action][TitleDesigner][MGT] Click scale width arrow button
DEBUG    my_package:__init__.py:122 [STEP]: [Action][TitleDesigner][MGT] Drag scale width slider
DEBUG    my_package:__init__.py:122 [STEP]: [Action][TitleDesigner][MGT] Set scale height value
DEBUG    my_package:__init__.py:122 [STEP]: [Action][TitleDesigner][MGT] Get scale height value
DEBUG    my_package:__init__.py:122 [STEP]: [Action][TitleDesigner][MGT] Click scale height arrow button
DEBUG    my_package:__init__.py:122 [STEP]: [Action][TitleDesigner][MGT] Drag scale height slider
DEBUG    my_package:__init__.py:122 [STEP]: [Action][TitleDesigner][MGT] Tick/ Untick Maintain Aspect Ratio
DEBUG    my_package:__init__.py:122 [STEP]: [Action][TitleDesigner][MGT] Fold/ Unfold Title Tab
DEBUG    my_package:__init__.py:122 [STEP]: [Action][TitleDesigner][MGT] Fold/ Unfold Object Setting Tab
DEBUG    my_package:__init__.py:122 [STEP]: [Action][TitleDesigner][MGT] Set zoom value by menu
DEBUG    my_package:__init__.py:122 [STEP]: [Action][TitleDesigner][MGT] Click Zoom in button
DEBUG    my_package:__init__.py:122 [STEP]: [Action][Title Designer][MGT] Click preview operation -- play, pause, stop, previous frame, next frame, fast forward
DEBUG    my_package:__init__.py:122 [STEP]: [Action][TitleDesigner][MGT] Click Undo button
DEBUG    my_package:__init__.py:122 [STEP]: [Action][TitleDesigner][MGT] Click Zoom out button
DEBUG    my_package:__init__.py:122 [STEP]: [Action][TitleDesigner][MotionGraphic] Handle special effect want to continue dialog
DEBUG    my_package:__init__.py:122 [STEP]: [Action][TitleDesigner][Backdrop] Fold/ Unfold the tab
DEBUG    my_package:__init__.py:122 [STEP]: [Action][TitleDesigner][Backdrop] Enable/ Disable the checkbox
DEBUG    my_package:__init__.py:122 [STEP]: [Action][TitleDesigner][Backdrop] Get the type of backdrop
DEBUG    my_package:__init__.py:122 [STEP]: [Action][TitleDesigner][Backdrop] Get the status of width
DEBUG    my_package:__init__.py:122 [STEP]: [Action][TitleDesigner][Backdrop] Apply color to backdrop
DEBUG    my_package:__init__.py:122 [STEP]: [Action][TitleDesigner][Backdrop] Enable/ Disable maintain aspect ratio
DEBUG    my_package:__init__.py:122 [STEP]: [Action][TitleDesigner][SpecialEffect] Fold/ Unfold the tab
DEBUG    my_package:__init__.py:122 [STEP]: [Action][TitleDesigner][SpecialEffect] Apply effect
DEBUG    my_package:__init__.py:122 [STEP]: [Action][TitleDesigner][SpecialEffect] Set the look of effect
DEBUG    my_package:__init__.py:122 [STEP]: [Action][TitleDesigner][Path] Fold/ Unfold the tab
DEBUG    my_package:__init__.py:122 [STEP]: [Action][TitleDesigner][Path] Select and apply the path
DEBUG    my_package:__init__.py:122 [STEP]: [Action][TitleDesigner][AdjustTitleOnCanvas] Resize the title to small
DEBUG    my_package:__init__.py:122 [STEP]: [Action][TitleDesigner][AdjustTitleOnCanvas] Move the title to left
DEBUG    my_package:__init__.py:122 [STEP]: [Action][TitleDesigner][AdjustTitleOnCanvas] Move the title to right
DEBUG    my_package:__init__.py:122 [STEP]: [Action][TitleDesigner][AdjustTitleOnCanvas] Rotate the title clockwise
DEBUG    my_package:__init__.py:122 [STEP]: [Action][TitleDesigner][AdjustTitleOnCanvas] Rotate the title anticlockwise
DEBUG    my_package:__init__.py:122 [STEP]: [Action][TitleDesigner][AdjustTitleOnCanvas] Move the title to right
DEBUG    my_package:__init__.py:122 [STEP]: [Action][TitleDesigner][AdjustTitleOnCanvas] Move [Particle] to left
DEBUG    my_package:__init__.py:122 [STEP]: [Action][Precut] Click [Cancel] Button to leave [Precut] Window
DEBUG    my_package:__init__.py:122 [STEP]: [Action][Precut] Switch [Trim Mode] in [Precut Window]
DEBUG    my_package:__init__.py:122 [STEP]: [Action][Precut] Get Single Trim Duration
DEBUG    my_package:__init__.py:122 [STEP]: [Action][Precut] Set Single Trim Precut In Position
DEBUG    my_package:__init__.py:122 [STEP]: [Action][Precut] Click [OK] Button to leave Precut Window
DEBUG    my_package:__init__.py:122 [STEP]: [Action][Effect Room] Find the specific tag and return tag object
DEBUG    my_package:__init__.py:122 [STEP]: [Action][Effect Room] Import [CLUTs] with file path
DEBUG    my_package:__init__.py:122 [STEP]: [Action][Effect Room] Remove from [Effect Settings]
DEBUG    my_package:__init__.py:122 [STEP]: [Action][Transition Room] Drag [Scroll Bar] to (value)
DEBUG    my_package:__init__.py:122 [STEP]: [Action][Import Download Media From CL] Close [Downloaded Media From Cyberlink Cloud] Window
DEBUG    my_package:__init__.py:122 [STEP]: [Action][Import Download Media From CL] Tap Select/Deselect All button
DEBUG    my_package:__init__.py:122 [STEP]: [Action][Import Download Media From CL] Get [Remove] button status
DEBUG    my_package:__init__.py:122 [STEP]: [Action][Import Download Media From CL] Tap [Remove] button
DEBUG    my_package:__init__.py:122 [STEP]: [Action][Import Download Media From CL] Input text in search library
DEBUG    my_package:__init__.py:122 [STEP]: [Action][Import Download Media From CL] Select content in folder level
DEBUG    my_package:__init__.py:122 [STEP]: [Action][Pip Designer] Get [Only show selected track] Checkbox Status
DEBUG    my_package:__init__.py:122 [STEP]: [Action][Pip Designer] Resize Object on Canvas
DEBUG    my_package:__init__.py:122 [STEP]: [Action][Pip Designer] Move Object on Canvas
DEBUG    my_package:__init__.py:122 [STEP]: [Action][Pip Designer] Add/ Remove Position Keyframe
DEBUG    my_package:__init__.py:122 [STEP]: [Action][Pip Designer] Reset Position Keyframe
DEBUG    my_package:__init__.py:122 [STEP]: [Action][Pip Designer] Switch to Previous Keyframe
DEBUG    my_package:__init__.py:122 [STEP]: [Action][Pip Designer] Switch to Next Keyframe
DEBUG    my_package:__init__.py:122 [STEP]: [Action][Pip Designer] Get X Position Value
DEBUG    my_package:__init__.py:122 [STEP]: [Action][Pip Designer] Input X Position Value
DEBUG    my_package:__init__.py:122 [STEP]: [Action][Pip Designer] Get Y Position Value
DEBUG    my_package:__init__.py:122 [STEP]: [Action][Pip Designer] Input Y Position Value
DEBUG    my_package:__init__.py:122 [STEP]: [Action][Pip Designer] Enable/ Disable Ease In Checkbox
DEBUG    my_package:__init__.py:122 [STEP]: [Action][Pip Designer] Input Ease In Value
DEBUG    my_package:__init__.py:122 [STEP]: [Action][Pip Designer] Enable/ Disable Ease Out Checkbox
DEBUG    my_package:__init__.py:122 [STEP]: [Action][Pip Designer] Input Ease Out Value
DEBUG    my_package:__init__.py:122 [STEP]: [Action][Pip Designer] Add/ Remove Scale Keyframe
DEBUG    my_package:__init__.py:122 [STEP]: [Action][Pip Designer] Switch to Scale Previous Keyframe
DEBUG    my_package:__init__.py:122 [STEP]: [Action][Pip Designer] Switch to Scale Next Keyframe
DEBUG    my_package:__init__.py:122 [STEP]: [Action][Pip Designer] Get Scale Width Value
DEBUG    my_package:__init__.py:122 [STEP]: [Action][Pip Designer] Get Scale Height Value
DEBUG    my_package:__init__.py:122 [STEP]: [Action][Pip Designer] Input Scale Height Value
DEBUG    my_package:__init__.py:122 [STEP]: [Action][Pip Designer] Input Rotation Degree Value
DEBUG    my_package:__init__.py:122 [STEP]: [Action][Pip Designer] Switch to Rotation Next Keyframe
DEBUG    my_package:__init__.py:122 [STEP]: [Action][Pip Designer] Enable/ Disable Chromakey
DEBUG    my_package:__init__.py:122 [STEP]: [Action][Pip Designer] Enable/ Disable Border
DEBUG    my_package:__init__.py:122 [STEP]: [Action][Pip Designer] Set [Border Size] by Slider
DEBUG    my_package:__init__.py:122 [STEP]: [Action][Pip Designer] Input Border Blur Value
DEBUG    my_package:__init__.py:122 [STEP]: [Action][Pip Designer] Apply Border Opacity
DEBUG    my_package:__init__.py:122 [STEP]: [Action][Pip Designer] Apply [Border Uniform Color] by RGB code
DEBUG    my_package:__init__.py:122 [STEP]: [Action][Pip Designer] Enable/ Disable Shadow
DEBUG    my_package:__init__.py:122 [STEP]: [Action][Pip Designer] Set [Shadow Distance] by Slider
DEBUG    my_package:__init__.py:122 [STEP]: [Action][Pip Designer] Input Shadow Distance Value
DEBUG    my_package:__init__.py:122 [STEP]: [Action][Pip Designer] Select [Shadow Color] by RGB color
DEBUG    my_package:__init__.py:122 [STEP]: [Action][Pip Designer] Apply Enable Fade In
DEBUG    my_package:__init__.py:122 [STEP]: [Action][Pip Designer] Apply Enable Fade Out
DEBUG    my_package:__init__.py:122 [STEP]: [Action][Pip Designer] Click Play/ Stop/ Pause/ Previous Frame/ Next Frame/ Fast Forward
DEBUG    my_package:__init__.py:122 [STEP]: [Action][Pip Designer] Tap Scale Track Previous Keyframe
DEBUG    my_package:__init__.py:122 [STEP]: [Action][Pip Designer] Tap Scale Track Next Keyframe
DEBUG    my_package:__init__.py:122 [STEP]: [Action] Add/Remove Opacity Track Current Keyframe
DEBUG    my_package:__init__.py:122 [STEP]: [Action] Tap Opacity Track Previous Keyframe
DEBUG    my_package:__init__.py:122 [STEP]: [Action] Tap Opacity Track Next Keyframe
DEBUG    my_package:__init__.py:122 [STEP]: [Action] Add/Remove Rotation Track Current Keyframe
DEBUG    my_package:__init__.py:122 [STEP]: [Action] Click OK button on pip designer window
DEBUG    my_package:__init__.py:122 [STEP]: [Action] Input Template Name and Click OK
DEBUG    my_package:__init__.py:122 [STEP]: [Action][Pip Designer] Share to Cloud
DEBUG    my_package:__init__.py:122 [STEP]: [Action][Pip Designer] Switch mode
DEBUG    my_package:__init__.py:122 [STEP]: [Action][Pip Designer] Click [Maximize] button
DEBUG    my_package:__init__.py:122 [STEP]: [Action][Pip Designer] Click specific keyframe
DEBUG    my_package:__init__.py:122 [STEP]: [Action][Pip Designer] Drag properties scroll bar
DEBUG    my_package:__init__.py:122 [STEP]: [Action][Pip Designer] Drag timeline scroll bar to larger
DEBUG    my_package:__init__.py:122 [STEP]: [Action][Pip Designer] Apply Flip Horizontally
DEBUG    my_package:__init__.py:122 [STEP]: [Action][Pip Designer] Apply Flip Vertically
DEBUG    my_package:__init__.py:122 [STEP]: [Action][Pip Designer][Express Mode] Get current mode
DEBUG    my_package:__init__.py:122 [STEP]: [Action][Pip Designer][Express Mode] Fold/ Unfold Object Setting tab
DEBUG    my_package:__init__.py:122 [STEP]: [Action][Pip Designer] Unfold Properties Chroma Key tab
DEBUG    my_package:__init__.py:122 [STEP]: [Action][Pip Designer][Express Mode] Fold/ Unfold Properties Border tab
DEBUG    my_package:__init__.py:122 [STEP]: [Action][Pip Designer][Express Mode] Fold/ Unfold Properties Shadow tab
DEBUG    my_package:__init__.py:122 [STEP]: [Action][Pip Designer][Express Mode] Fold/ Unfold Properties Fades tab
DEBUG    my_package:__init__.py:122 [STEP]: [Action][Pip Designer][Express Mode] Get Object Setting -- Opacity value
DEBUG    my_package:__init__.py:122 [STEP]: [Action][Pip Designer][Express Mode] Adjust Object Setting -- Opacity by slider
DEBUG    my_package:__init__.py:122 [STEP]: [Action][Pip Designer][Express Mode] Adjust Object Setting -- Opacity by arrow
DEBUG    my_package:__init__.py:122 [STEP]: [Action][Pip Designer][Express Mode] Get Border Size value
DEBUG    my_package:__init__.py:122 [STEP]: [Action][Pip Designer][Express Mode] Click Border Size arrow button
DEBUG    my_package:__init__.py:122 [STEP]: [Action][Pip Designer][Express Mode] Get Border Blur value
DEBUG    my_package:__init__.py:122 [STEP]: [Action][Pip Designer][Express Mode] Get Border Opacity value
DEBUG    my_package:__init__.py:122 [STEP]: [Action][Pip Designer][Advanced Mode] Switch to Motion tab
DEBUG    my_package:__init__.py:122 [STEP]: [Action][Pip Designer][Advanced Mode] Switch to Properties tab
DEBUG    my_package:__init__.py:122 [STEP]: [Action][Pip Designer][Advanced Mode] Switch to Animation tab
DEBUG    my_package:__init__.py:122 [STEP]: [Action][Pip Designer][Advanced Mode] Fold/ Unfold in animation menu
DEBUG    my_package:__init__.py:122 [STEP]: [Action][Pip Designer][Advanced Mode] Fold/ Unfold path menu
DEBUG    my_package:__init__.py:122 [STEP]: [Action][Pip Designer][Advanced Mode] Fold/ Unfold motion blur menu
DEBUG    my_package:__init__.py:122 [STEP]: [Action][Pip Designer][In Animation] Select template
DEBUG    my_package:__init__.py:122 [STEP]: [Action][Pip Designer][Path] Select certain template
DEBUG    my_package:__init__.py:122 [STEP]: [Action][Pip Designer][Motion Blur] Tick/ Untick checkbox
DEBUG    my_package:__init__.py:122 [STEP]: [Action][Pip Designer][Motion Blur][Length] Set value
DEBUG    my_package:__init__.py:122 [STEP]: [Action][Pip Designer][Motion Blur][Density] Adjust slider
DEBUG    my_package:__init__.py:122 [STEP]: [Action][Pip Designer][Simple Timeline] Get Ease In Status
DEBUG    my_package:__init__.py:122 [STEP]: [Action][Pip Designer][Simple Timeline] Get Ease Out Status
DEBUG    my_package:__init__.py:122 [STEP]: [Action][Particle Room] Click Download Content from DirectorZone/Cloud
DEBUG    my_package:__init__.py:122 [STEP]: [Action][Particle Room] Search Particle room library
DEBUG    my_package:__init__.py:122 [STEP]: [Action][Library Preview] Click [Dock] button on [Preview Window]
DEBUG    my_package:__init__.py:122 [STEP]: [Action][Library Preview] Dock/ Undock [Preview Window]
DEBUG    my_package:__init__.py:122 [STEP]: [Action][Library Preview] Click [Close] button on [Preview Window]
DEBUG    my_package:__init__.py:122 [STEP]: [Action][Library Preview] Click [Minimize] button on [Preview Window]
DEBUG    my_package:__init__.py:122 [STEP]: [Action][Library Preview] Click [Show Library Preview] button when [Minimized window]
DEBUG    my_package:__init__.py:122 [STEP]: [Action][Library Preview] Click Preview Operation for Play/ Pause/ Stop/ Previous Frame/ Next Frame/ Fast Forward
DEBUG    my_package:__init__.py:122 [STEP]: [Action][Library Preview] Click [Mark In]
DEBUG    my_package:__init__.py:122 [STEP]: [Action][Library Preview] Click [Mark Out]
DEBUG    my_package:__init__.py:122 [STEP]: [Action][Library Preview] Click [Insert] on selected track
DEBUG    my_package:__init__.py:122 [STEP]: [Action][Library Preview] Click [Add Clip Marker]
DEBUG    my_package:__init__.py:122 [STEP]: [Action][Library Preview] Input [Text] on [Modify Clip Marker]
DEBUG    my_package:__init__.py:122 [STEP]: [Action] Click the [View Entire Video] button
DEBUG    my_package:__init__.py:122 [STEP]: [Action][Timeline] Select a clip on timeline
DEBUG    my_package:__init__.py:122 [STEP]: [Action][Timeline Operation] Set the track lock/unlock
DEBUG    my_package:__init__.py:122 [STEP]: [Action][Timeline Operation] Add audio to tarck (number) with option (position)
DEBUG    my_package:__init__.py:122 [STEP]: [Action][Playback_window] Get timecode from slidebar
DEBUG    my_package:__init__.py:122 [STEP]: [Action][Playback_window] Click preview operation -- play, pause, stop, previous frame, next frame, fast forward
DEBUG    my_package:__init__.py:122 [STEP]: [Action][Audio_Mixing_Room] Set [Audio Gain] value on (audio_no) to (value)
DEBUG    my_package:__init__.py:122 [STEP]: [Action][Audio_Mixing_Room] Get [Audio Gain] value on (audio_no)
DEBUG    my_package:__init__.py:122 [STEP]: [Action][Audio_Mixing_Room] Click [Keyframe Control] on track (audio_no)
DEBUG    my_package:__init__.py:122 [STEP]: [Action][Audio_Mixing_Room] Click [Previous Keyframe] on track (audio_no)
DEBUG    my_package:__init__.py:122 [STEP]: [Action][Audio_Mixing_Room] Click [Next Keyframe] on track (audio_no)
DEBUG    my_package:__init__.py:122 [STEP]: [Action][Audio_Mixing_Room] Click [Fade In] on (audio_no)
DEBUG    my_package:__init__.py:122 [STEP]: [Action][Audio_Mixing_Room] Click [Normalize] on track (audio_no)
DEBUG    my_package:__init__.py:122 [STEP]: [Action][Pip Room] Sort [Library View] by [Name]
DEBUG    my_package:__init__.py:122 [STEP]: [Action][Pip Room] Sort [library menu] by [Created Date]
DEBUG    my_package:__init__.py:122 [STEP]: [Action][Pip Room] Click "Download Content from DirectorZone/ Cloud"
DEBUG    my_package:__init__.py:122 [STEP]: [Action][DownloadFromCLDZ] Select template
DEBUG    my_package:__init__.py:122 [STEP]: [Action][DownloadFromCLDZ] Delete template
DEBUG    my_package:__init__.py:122 [STEP]: [Action][TipsArea] Click [Insert to Selected Track] button
DEBUG    my_package:__init__.py:122 [STEP]: [Action][TipsArea] Click [Effect] button on [Tips Area]
DEBUG    my_package:__init__.py:122 [STEP]: [Action][TipsArea] Click [Trim] button in [Tips Area]
DEBUG    my_package:__init__.py:122 [STEP]: [Action][TipsArea] Click [Change Color] button in [Tips Area] and change color
DEBUG    my_package:__init__.py:122 [STEP]: [Action][TipsArea] Click [Video Collage] button in [Tips Area]
DEBUG    my_package:__init__.py:122 [STEP]: [Action][Preferences_Page] Set editbox value
DEBUG    my_package:__init__.py:122 [STEP]: [Action][Preferences_Page] Click [OK] button to leave [Preferences page]
DEBUG    my_package:__init__.py:122 [STEP]: [Action][Preferences_Page] Switch to [Editing] tab
DEBUG    my_package:__init__.py:122 [STEP]: [Action][Preferences_Page] Switch to [Project] tab
DEBUG    my_package:__init__.py:122 [STEP]: [Action][Preferences_Page][General] Set [Audio Channels] to (Stereo)
DEBUG    my_package:__init__.py:122 [STEP]: [Action][Preferences_Page][General] Set [Audio Channels] to (5.1 Surround)
DEBUG    my_package:__init__.py:122 [STEP]: [Action][Preferences_Page] Set Title default Duration
DEBUG    my_package:__init__.py:122 [STEP]: [Action][Preferences_Page] Set [Subtitle] default Duration to (value)
DEBUG    my_package:__init__.py:122 [STEP]: [Action][Preferences_Page][Project] Set [Numbers of Recently Used Projects] to value
DEBUG    my_package:__init__.py:122 [STEP]: [Action][Preferences_Page][Project] Get [Numbers of Recently Used Projects] value
DEBUG    my_package:__init__.py:122 [STEP]: [Verify][VideoCollageDesigner] Check if [Video Collage Designer] window opened
DEBUG    my_package:__init__.py:122 [STEP]: [Action][VideoCollageDesigner] Set Timecode
DEBUG    my_package:__init__.py:122 [STEP]: [Action][VideoCollageDesigner] Get Timecode
DEBUG    my_package:__init__.py:122 [STEP]: [Action][VideoCollageDesigner] Click [OK] button to leave [Video Collage Designer] window
DEBUG    my_package:__init__.py:122 [STEP]: [Action][VideoCollageDesigner] Save As the custom layout with name
DEBUG    my_package:__init__.py:122 [STEP]: [Action][VideoCollageDesigner] Share to DZ with name
DEBUG    my_package:__init__.py:122 [STEP]: [Action][VideoCollageDesigner] Click preview operation -- play, pause, stop, previous frame, next frame, fast forward
DEBUG    my_package:__init__.py:122 [STEP]: [Action][VideoCollageDesigner][Border] Scroll bar
DEBUG    my_package:__init__.py:122 [STEP]: [Action][VideoCollageDesigner][Border] Get Value
DEBUG    my_package:__init__.py:122 [STEP]: [Action][VideoCollageDesigner][Border] Set Value by Slider
DEBUG    my_package:__init__.py:122 [STEP]: [Verify][VideoCollageDesigner][Border] Check if Border Color as Expected
DEBUG    my_package:__init__.py:122 [STEP]: [Action][VideoCollageDesigner][Border] Set Border Color
DEBUG    my_package:__init__.py:122 [STEP]: [Action][VideoCollageDesigner][Border] Get Interclip Value
DEBUG    my_package:__init__.py:122 [STEP]: [Action][VideoCollageDesigner][Border] Set Interclip by Slider
DEBUG    my_package:__init__.py:122 [STEP]: [Action][VideoCollageDesigner][Border] Set Interclip Value by Input
DEBUG    my_package:__init__.py:122 [STEP]: [Action][VideoCollageDesigner][Border] Set Fill Type
DEBUG    my_package:__init__.py:122 [STEP]: [Action][VideoCollageDesigner][Border] Set Uniform Color
DEBUG    my_package:__init__.py:122 [STEP]: [Action][VideoCollageDesigner][Border] Get Uniform Color
DEBUG    my_package:__init__.py:122 [STEP]: [Action][VideoCollageDesigner][Border] Select Interclip Texture by Path
DEBUG    my_package:__init__.py:122 [STEP]: [Action][VideoCollageDesigner][Border] Set Frame Animation
DEBUG    my_package:__init__.py:122 [STEP]: [Action][VideoCollageDesigner][Border] Set Start Clip Playback by index
DEBUG    my_package:__init__.py:122 [STEP]: [Action][VideoCollageDesigner][Border] Set [Before/ After Clip Playback] by index
DEBUG    my_package:__init__.py:122 [STEP]: [Action][VideoCollageDesigner][Border] Set [Before/ After Clip Playback -- Color Board] Color
DEBUG    my_package:__init__.py:122 [STEP]: [Action][VideoCollageDesigner][Border] Click [Advanced Setting] button
DEBUG    my_package:__init__.py:122 [STEP]: [Action][VideoCollageDesigner][Border][Advanced] Set [Playback Timing] by index
DEBUG    my_package:__init__.py:122 [STEP]: [Action][VideoCollageDesigner][Border][Advanced] Set [Playback Timing - Delay Time] by sec
DEBUG    my_package:__init__.py:122 [STEP]: [Action][VideoCollageDesigner][Border][Advanced] Set match collage duration
DEBUG    my_package:__init__.py:122 [STEP]: [Action][VideoCollageDesigner][Border][Advanced] Click [OK] button to leave Advanced Setting
DEBUG    my_package:__init__.py:122 [STEP]: [Action][VideoCollageDesigner][Media] Import media
DEBUG    my_package:__init__.py:122 [STEP]: [Action][VideoCollageDesigner][Media] Select media category
DEBUG    my_package:__init__.py:122 [STEP]: [Action][VideoCollageDesigner][Media] Click [Auto Fill] button
DEBUG    my_package:__init__.py:122 [STEP]: [Action][VideoCollageDesigner][Media] Select media by name
DEBUG    my_package:__init__.py:122 [STEP]: [Action][VideoCollageDesigner][Layout] Select layout
DEBUG    my_package:__init__.py:122 [STEP]: [Action][VideoCollageDesigner][Layout] Remove layout with [Yes]
DEBUG    my_package:__init__.py:122 [STEP]: [Action][VideoCollageDesigner][Preview] Enter [Dutation Settings] Window by Right Click Menu
DEBUG    my_package:__init__.py:122 [STEP]: [Action][VideoCollageDesigner][Preview] Remove Clip on Preview by Right Click Menu
DEBUG    my_package:__init__.py:122 [STEP]: [Action][VideoCollageDesigner][Preview] Exchange Media by Drag Mouse on Preview
DEBUG    my_package:__init__.py:122 [STEP]: [Action][VideoCollageDesigner][Preview] Hover on slot with layout 10
DEBUG    my_package:__init__.py:122 [STEP]: [Action][VideoCollageDesigner][Preview][Zoom] Zoom In by Arrow
DEBUG    my_package:__init__.py:122 [STEP]: [Action][VideoCollageDesigner][Preview][Zoom] Zoom Out by Arrow
DEBUG    my_package:__init__.py:122 [STEP]: [Action][VideoCollageDesigner][Preview][Zoom] Zoom by Slider
DEBUG    my_package:__init__.py:122 [STEP]: [Action][VideoCollageDesigner][Preview][Trim] Click [Trim] button and check opened Trim Window
DEBUG    my_package:__init__.py:122 [STEP]: [Verify][Produce] Check [Produce] page show
DEBUG    my_package:__init__.py:122 [STEP]: [Action][Produce] Get timecode
DEBUG    my_package:__init__.py:122 [STEP]: [Action][Produce][Local] Select file format
DEBUG    my_package:__init__.py:122 [STEP]: [Action][Produce][Local] Check [Upload Copy to CyberLink Cloud] is visible
DEBUG    my_package:__init__.py:122 [STEP]: [Action][Produce][Local] Enable/ Disable [Upload Copy to CyberLink Cloud]
DEBUG    my_package:__init__.py:122 [STEP]: [Action][Produce][Local] Click [Yes]/ [No] button on [Convert CyberLink Cloud Copy to MP4] dialog
DEBUG    my_package:__init__.py:122 [STEP]: [Verify][Produce][Local] Check [Back] button show on [Produce] page after produce complete
DEBUG    my_package:__init__.py:122 [STEP]: [Action][Produce][Local] Click [Back] button on [Produce] page after produce complete
DEBUG    my_package:__init__.py:122 [STEP]: [Action][Produce][Local] Select [File Extension]
DEBUG    my_package:__init__.py:122 [STEP]: [Action][Produce][Local] Get [File Extension] value
DEBUG    my_package:__init__.py:122 [STEP]: [Action][Produce][Local] Select [Profile Name] by index
DEBUG    my_package:__init__.py:122 [STEP]: [Action][Produce][Local] Get [Profile Name] value
DEBUG    my_package:__init__.py:122 [STEP]: [Action][Produce][Local] Enable/ Disable [Fast Video Rendering]
DEBUG    my_package:__init__.py:122 [STEP]: [Action][Produce][Local] Set [Fast Video Rendering] to (Hardware Encode)
DEBUG    my_package:__init__.py:122 [STEP]: [Action][Produce][Local] Get [Fast Video Rendering - Hardware Encode] status
DEBUG    my_package:__init__.py:122 [STEP]: [Action][Produce][Local] Enable/ Disable [Surround Sound]
DEBUG    my_package:__init__.py:122 [STEP]: [Action][Produce][Local] Set [Surround Sound] to (Theater) option
DEBUG    my_package:__init__.py:122 [STEP]: [Action][Produce][Local] Set timecode
DEBUG    my_package:__init__.py:122 [STEP]: [Action][Produce] Click [Select Output Folder] button and select output folder
DEBUG    my_package:__init__.py:122 [STEP]: [Action][Produce] Get [Produced Filename]
DEBUG    my_package:__init__.py:122 [STEP]: [Action][Produce] Click [Start] button to produce
DEBUG    my_package:__init__.py:122 [STEP]: [Verify][Produce] Check [Produce] is completed
DEBUG    my_package:__init__.py:122 [STEP]: [Action][Voice_Over_Recording_Room] Enable/Disable [Time Limit] checkbox in [Voice Over Recording Room - Preferences]
DEBUG    my_package:__init__.py:122 [STEP]: [Action][Voice_Over_Recording_Room] Enable/ Disable [Delay 3s] checkbox in [Voice Over Recording Room - Preferences]
DEBUG    my_package:__init__.py:122 [STEP]: [Action][Voice_Over_Recording_Room] Enable/Disable [Auto Fade In] checkbox in [Voice Over Recording Room - Preferences]
DEBUG    my_package:__init__.py:122 [STEP]: [Action][Voice_Over_Recording_Room] Enable/Disable [Auto Fade Out] checkbox in [Voice Over Recording Room - Preferences]
DEBUG    my_package:__init__.py:122 [STEP]: [Action][Voice_Over_Recording_Room] Click [OK] button to leave [Voice Over Recording Room - Preferences]
DEBUG    my_package:__init__.py:122 [STEP]: [Action][Voice_Over_Recording_Room] Click [Record] button
DEBUG    my_package:__init__.py:122 [STEP]: [Action][Voice_Over_Recording_Room] Enable/ Disable [Mute All Tracks When Recording] checkbox
DEBUG    my_package:__init__.py:122 [STEP]: [Action][Voice_Over_Recording_Room] Click [Preferences] button in [Voice Over Recording Room]
DEBUG    my_package:__init__.py:122 [STEP]: [Action][Voice_Over_Recording_Room] Set [Time Limit] to (value)
DEBUG    my_package:__init__.py:122 [STEP]: [Action][Fix Enhance][Fix] Click [Apply] Button in [Wind Removal] Window
DEBUG    my_package:__init__.py:122 [STEP]: [Action][Fix Enhance][Enhance] Get [Color Adjustment] Checkbox Status
DEBUG    my_package:__init__.py:122 [STEP]: [Action][Fix Enhance][Enhance] Get [Color Enhancement] Checkbox Status
DEBUG    my_package:__init__.py:122 [STEP]: [Action][Fix Enhance][Speech Enhancement] Apply Effect in [Speech Enhancement] Window
DEBUG    my_package:__init__.py:122 [STEP]: [Action][ShutterStock Page][ShutterStock] Close Getty Image window
DEBUG    my_package:__init__.py:122 [STEP]: [Verify][ShutterStock Page][ShutterStock] Check if [Download] button is enabled or not
DEBUG    my_package:__init__.py:122 [STEP]: [Action][ShutterStock Page][ShutterStock] Switch to [Video] tab
DEBUG    my_package:__init__.py:122 [STEP]: [Action][ShutterStock Page][ShutterStock] Switch to [Photo] tab
DEBUG    my_package:__init__.py:122 [STEP]: [Action][ShutterStock Page][Video] Select stock media by thumbnail index
DEBUG    my_package:__init__.py:122 [STEP]: [Action][ShutterStock Page][Video] Select Clip
DEBUG    my_package:__init__.py:122 [STEP]: [Verify][ShutterStock Page][Photo] Select stock media by thumbnail index and Download
DEBUG    my_package:__init__.py:122 [STEP]: [Action][ShutterStock Page][Search] Click [Clear] Button
DEBUG    my_package:__init__.py:122 [STEP]: [Action][ShutterStock Page][Search] Search content by text
DEBUG    my_package:__init__.py:122 [STEP]: [Verify][Trim Page] Check if enter [Trim] Window
DEBUG    my_package:__init__.py:122 [STEP]: [Action][Trim Page] Get [Trim] Window Title
DEBUG    my_package:__init__.py:122 [STEP]: [Action][Particle Designer] Get Particle Designer title
DEBUG    my_package:__init__.py:122 [STEP]: [Action][Particle Designer] Set Timecode
DEBUG    my_package:__init__.py:122 [STEP]: [Action][Particle Designer] Get Timecode
DEBUG    my_package:__init__.py:122 [STEP]: [Action][Particle Designer] Click [OK] button to close Particle Designer window
DEBUG    my_package:__init__.py:122 [STEP]: [Action][Particle Designer] Save as template
DEBUG    my_package:__init__.py:122 [STEP]: [Action][Particle Designer] Save as OK
DEBUG    my_package:__init__.py:122 [STEP]: [Action][Express Mode][Particle Designer] Click [Emit] slider
DEBUG    my_package:__init__.py:122 [STEP]: [Action][Express Mode][Particle Designer] Get [Emit] value
DEBUG    my_package:__init__.py:122 [STEP]: [Action][Express Mode][Particle Designer] Click [Emit] plus button
DEBUG    my_package:__init__.py:122 [STEP]: [Action][Express Mode][Particle Designer] Click [Emit] minus button
DEBUG    my_package:__init__.py:122 [STEP]: [Action][Express Mode][Particle Designer] Drag [Max] slider
DEBUG    my_package:__init__.py:122 [STEP]: [Action][Express Mode][Particle Designer] Get [Max] value
DEBUG    my_package:__init__.py:122 [STEP]: [Action][Express Mode][Particle Designer] Click [Max] plus button
DEBUG    my_package:__init__.py:122 [STEP]: [Action][Express Mode][Particle Designer] Click [Max] minus button
DEBUG    my_package:__init__.py:122 [STEP]: [Action][Express Mode][Particle Designer] Drag [Life] slider
DEBUG    my_package:__init__.py:122 [STEP]: [Action][Express Mode][Particle Designer] Get [Life] value
DEBUG    my_package:__init__.py:122 [STEP]: [Action][Express Mode][Particle Designer] Click [Life] plus button
DEBUG    my_package:__init__.py:122 [STEP]: [Action][Express Mode][Particle Designer] Click [Life] minus button
DEBUG    my_package:__init__.py:122 [STEP]: [Action][Express Mode][Particle Designer] Drag [Speed] slider
DEBUG    my_package:__init__.py:122 [STEP]: [Action][Express Mode][Particle Designer] Get [Size] value
DEBUG    my_package:__init__.py:122 [STEP]: [Action][Express Mode][Particle Designer] Click [Size] plus button
DEBUG    my_package:__init__.py:122 [STEP]: [Action][Express Mode][Particle Designer] Click [Size] minus button
DEBUG    my_package:__init__.py:122 [STEP]: [Action][Express Mode][Particle Designer] Drag [Speed] slider
DEBUG    my_package:__init__.py:122 [STEP]: [Action][Express Mode][Particle Designer] Get [Speed] value
DEBUG    my_package:__init__.py:122 [STEP]: [Action][Express Mode][Particle Designer] Click [Speed] plus button
DEBUG    my_package:__init__.py:122 [STEP]: [Action][Express Mode][Particle Designer] Click [Speed] minus button
DEBUG    my_package:__init__.py:122 [STEP]: [Action][Express Mode][Particle Designer] Drag [Gravity] slider
DEBUG    my_package:__init__.py:122 [STEP]: [Action][Express Mode][Particle Designer] Get [Opacity] value
DEBUG    my_package:__init__.py:122 [STEP]: [Action][Express Mode][Particle Designer] Click [Opacity] plus button
DEBUG    my_package:__init__.py:122 [STEP]: [Action][Express Mode][Particle Designer] Click [Opacity] minus button
DEBUG    my_package:__init__.py:122 [STEP]: [Action][Crop Zoom Pan] Close [Crop Zoom Pan] Window
DEBUG    my_package:__init__.py:122 [STEP]: [Action][Crop Zoom Pan] Set Timecode
DEBUG    my_package:__init__.py:122 [STEP]: [Action][Crop Zoom Pan] Get Timecode
DEBUG    my_package:__init__.py:122 [STEP]: [Action][Project_Room] Enter [My Project]
DEBUG    my_package:__init__.py:122 [STEP]: [Action][Project_Room] Insert Project to seleted track
DEBUG    my_package:__init__.py:122 [STEP]: [Action][Project_New][File Missing Dialog] Click [Browse] button
DEBUG    my_package:__init__.py:122 [STEP]: Handle What is Stock Media dialog
DEBUG    my_package:__init__.py:122 [STEP]: [Action][Getty Image] Switch to [Getty Image] tab in [Download from Shutterstock] window
DEBUG    my_package:__init__.py:122 [STEP]: [Action][Getty Image] Click [Filter] button
DEBUG    my_package:__init__.py:122 [STEP]: [Action][Getty Image][Filter] Set collection type
DEBUG    my_package:__init__.py:122 [STEP]: [Action][Properties] Fold/ Unfold Shape Type
DEBUG    my_package:__init__.py:122 [STEP]: [Action][Properties] Fold/ Unfold Shape Preset
DEBUG    my_package:__init__.py:122 [STEP]: [Action][Properties] Fold/ Unfold Shape Fill
DEBUG    my_package:__init__.py:122 [STEP]: [Action][Properties] Fold/ Unfold Shape Outline
DEBUG    my_package:__init__.py:122 [STEP]: [Action][Properties] Fold/ Unfold Shadow
DEBUG    my_package:__init__.py:122 [STEP]: [Action][Properties][Shape Type] Drag Scroll Bar
DEBUG    my_package:__init__.py:122 [STEP]: [Action][Properties][Shape Type] Apply Shape Type
DEBUG    my_package:__init__.py:122 [STEP]: [Action][Properties][Shape Preset] Apply Shape Preset
DEBUG    my_package:__init__.py:122 [STEP]: [Action][Properties][Shape Fill] Enable/ Disable Fill
DEBUG    my_package:__init__.py:122 [STEP]: [Action][Properties][Shape Fill] Set Uniform Color to hexcolor
DEBUG    my_package:__init__.py:122 [STEP]: [Action][Properties][Shape Fill] Set Gradient Begin Color
DEBUG    my_package:__init__.py:122 [STEP]: [Action][Properties][Shape Fill] Set Gradient End Color
DEBUG    my_package:__init__.py:122 [STEP]: [Action][Properties][Shape Fill][Blur] Get Value
DEBUG    my_package:__init__.py:122 [STEP]: [Action][Properties][Shape Fill][Blur] Set Value
DEBUG    my_package:__init__.py:122 [STEP]: [Action][Properties][Shape Fill][Opacity] Get Value
DEBUG    my_package:__init__.py:122 [STEP]: [Action][Properties][Shape Fill][Opacity] Click Arrow to Adjust Value
DEBUG    my_package:__init__.py:122 [STEP]: [Action][Properties][Shape Outline][Size] Get Value
DEBUG    my_package:__init__.py:122 [STEP]: [Action][Properties][Shape Outline][Size] Set Value
DEBUG    my_package:__init__.py:122 [STEP]: [Action][Properties][Shape Outline][Blur] Get Value
DEBUG    my_package:__init__.py:122 [STEP]: [Action][Properties][Shape Outline][Blur] Set Value by Slider
DEBUG    my_package:__init__.py:122 [STEP]: [Action][Properties][Shape Outline] Enable/ Disable Outline
DEBUG    my_package:__init__.py:122 [STEP]: [Action][Properties][Shape Outline] Set Line Type
DEBUG    my_package:__init__.py:122 [STEP]: [Action][Properties][Shape Outline] Set Uniform Color
DEBUG    my_package:__init__.py:122 [STEP]: [Action][Properties][Shadow] Enable/ Disable Shadow
DEBUG    my_package:__init__.py:122 [STEP]: [Action][Properties][Shadow] Set Apply Shadow To
DEBUG    my_package:__init__.py:122 [STEP]: [Action][Properties][Shadow][Distance] Get Value
DEBUG    my_package:__init__.py:122 [STEP]: [Action][Properties][Shadow][Distance] Set Value
DEBUG    my_package:__init__.py:122 [STEP]: [Action][Properties][Shadow][Blur] Get Value
DEBUG    my_package:__init__.py:122 [STEP]: [Action][Properties][Shadow][Blur] Set Value
DEBUG    my_package:__init__.py:122 [STEP]: [Action][Properties][Shadow][Opacity] Get Value
DEBUG    my_package:__init__.py:122 [STEP]: [Action][Properties][Shadow][Opacity] Set Value by Slider
DEBUG    my_package:__init__.py:122 [STEP]: [Action][Properties][Shadow][Fill Shadow] Get status of Fill Shadow
DEBUG    my_package:__init__.py:122 [STEP]: [Action][Properties][Shadow][Fill Shadow] Enable/ Disable Fill Shadow
DEBUG    my_package:__init__.py:122 [STEP]: [Action][Properties][Shadow][Direction] Get Value
DEBUG    my_package:__init__.py:122 [STEP]: [Action][Properties][Shadow][Direction] Set Value
DEBUG    my_package:__init__.py:122 [STEP]: [Action][Properties][Title][Font Type] Get Font Type
DEBUG    my_package:__init__.py:122 [STEP]: [Action][Properties][Title][Font Type] Set Font Type
DEBUG    my_package:__init__.py:122 [STEP]: [Action][Properties][Title][Font Size] Get Font Size
DEBUG    my_package:__init__.py:122 [STEP]: [Action][Properties][Title][Font Size] Set Font Size
DEBUG    my_package:__init__.py:122 [STEP]: [Action][Properties][Title][Font Color] Get Font Color
DEBUG    my_package:__init__.py:122 [STEP]: [Verify][Shape Designer] Check Shape Designer is opened
DEBUG    my_package:__init__.py:122 [STEP]: [Action][Shape Designer] Maximize Shape Designer
DEBUG    my_package:__init__.py:122 [STEP]: [Action][Shape Designer] Click Undo
DEBUG    my_package:__init__.py:122 [STEP]: [Action][Shape Designer] Get Title Name
DEBUG    my_package:__init__.py:122 [STEP]: [Action][Shape Designer] Set Timecode
DEBUG    my_package:__init__.py:122 [STEP]: [Action][Shape Designer] Get Timecode
DEBUG    my_package:__init__.py:122 [STEP]: [Action][Shape Designer] Click Properties Tab
DEBUG    my_package:__init__.py:122 [STEP]: [Action][Shape Designer] Click Keyframe Tab
DEBUG    my_package:__init__.py:122 [STEP]: [Action][Shape Designer] Click Play/ Pause/ Stop/ Previous Frame/ Next Frame/ Fast Forward
DEBUG    my_package:__init__.py:122 [STEP]: [Action][Shape Designer] Adjust object on Canvas to large
DEBUG    my_package:__init__.py:122 [STEP]: [Action][Shape Designer] Move object on Canvas to left
DEBUG    my_package:__init__.py:122 [STEP]: [Action][Shape Designer] Unselect title on Canvas
DEBUG    my_package:__init__.py:122 [STEP]: [Action][Shape Designer] Click center on Canvas
DEBUG    my_package:__init__.py:122 [STEP]: [Action][Shape Designer] Edit title on Canvas
DEBUG    my_package:__init__.py:122 [STEP]: [Action][Shape Designer] Click [OK] button on shape designer window
DEBUG    my_package:__init__.py:122 [STEP]: [Action][Shape Designer] Click Cancel to leave Shape Designer
DEBUG    my_package:__init__.py:122 [STEP]: [Action][Shape Designer] Click Save to save the template
DEBUG    my_package:__init__.py:122 [STEP]: [Action][Shape Designer][Save As] Set Name
DEBUG    my_package:__init__.py:122 [STEP]: [Action][Shape Designer][Save As] Click OK
DEBUG    my_package:__init__.py:122 [STEP]: [Action][Shape Designer][Simple Timeline][Position] Click Next Keyframe
DEBUG    my_package:__init__.py:122 [STEP]: [Action][Shape Designer][Keyframe][Object Setting][Scale] Set Maintain Aspect Ratio Checkbox
DEBUG    my_package:__init__.py:122 [STEP]: [Action][Shape Designer][Keyframe][Object Setting][Scale] Get Maintain Aspect Ratio Checkbox
DEBUG    my_package:__init__.py:122 [STEP]: [Action][Intro Video Room] Enter Intro Video Room
DEBUG    my_package:__init__.py:122 [STEP]: [Action][Intro Video Room] Click specific category by name
DEBUG    my_package:__init__.py:122 [STEP]: [Action][Intro Video Room] Select Intro Template with method 2
DEBUG    my_package:__init__.py:122 [STEP]: [Action][Intro Video Room] Enter Saved Category
DEBUG    my_package:__init__.py:122 [STEP]: [Action][Intro Video Room] Enter My Favorites
DEBUG    my_package:__init__.py:122 [STEP]: [Action][Intro Video Room] Enter My Profile
DEBUG    my_package:__init__.py:122 [STEP]: [Action][Intro Video Room] Click Add to Timeline Button
DEBUG    my_package:__init__.py:122 [STEP]: [Action][Intro Video Room] Set Timecode
DEBUG    my_package:__init__.py:122 [STEP]: [Action][Intro Video Room] Set preview Timecode
DEBUG    my_package:__init__.py:122 [STEP]: [Action][Intro Video Room] Click Save As Button and Save
DEBUG    my_package:__init__.py:122 [STEP]: [Action][Intro Video Room] Click Share template button and share
DEBUG    my_package:__init__.py:122 [STEP]: [Action][Intro Video Room] Click Preview Operation for Play/Pause/Stop
DEBUG    my_package:__init__.py:122 [STEP]: [Action][Intro Video Room] Hover at Center of Preview Area
DEBUG    my_package:__init__.py:122 [STEP]: [Action][Intro Video Room] Click Preview Center
DEBUG    my_package:__init__.py:122 [STEP]: [Action][Intro Video Room] Move Preview Object to Left Upper
DEBUG    my_package:__init__.py:122 [STEP]: [Action][Intro Video Room] Move Preview Object to Down
DEBUG    my_package:__init__.py:122 [STEP]: [Action][Intro Video Room] Click Duration button
DEBUG    my_package:__init__.py:122 [STEP]: [Action][Intro Video Room] Click Replace Media and choose option
DEBUG    my_package:__init__.py:122 [STEP]: [Action][Intro Video Room] Click Crop button
DEBUG    my_package:__init__.py:122 [STEP]: [Action][Intro Video Room] Click Crop button
DEBUG    my_package:__init__.py:122 [STEP]: [Action][Intro Video Room] Click LUT button
DEBUG    my_package:__init__.py:122 [STEP]: [Action][Intro Video Room] Click Add Text button and choose option
DEBUG    my_package:__init__.py:122 [STEP]: [Action][Intro Video Room] Click Add Image button and choose option
DEBUG    my_package:__init__.py:122 [STEP]: [Action][Intro Video Room] Click Add PIP Object Button
DEBUG    my_package:__init__.py:122 [STEP]: [Action][Intro Video Room] Cancel Selection
DEBUG    my_package:__init__.py:122 [STEP]: [Action][Intro Video Room] Select and Insert PIP Template
DEBUG    my_package:__init__.py:122 [STEP]: [Action][Intro Video Room] Click Layer Order and choose option to modify order
DEBUG    my_package:__init__.py:122 [STEP]: [Action][Intro Video Room] Get Original Duration Time
DEBUG    my_package:__init__.py:122 [STEP]: [Action][Intro Video Room] Set Duration Time to target value
DEBUG    my_package:__init__.py:122 [STEP]: [Action][Intro Video Room] Get New Duration Time
DEBUG    my_package:__init__.py:122 [STEP]: [Action][Intro Video Room] Click OK to confirm the duration setting
DEBUG    my_package:__init__.py:122 [STEP]: [Action][Intro Video Room] Close LUT window
DEBUG    my_package:__init__.py:122 [STEP]: [Action][Intro Video Room] Select LUT template
DEBUG    my_package:__init__.py:122 [STEP]: [Action][Intro Video Room] Enable Backdrop
DEBUG    my_package:__init__.py:122 [STEP]: [Action][Intro Video Room] Set Backdrop Type
DEBUG    my_package:__init__.py:122 [STEP]: [Action][Intro Video Room] Click Backdrop Button
DEBUG    my_package:__init__.py:122 [STEP]: [Action][Intro Video Room] Click Remove Button in Preview Center
DEBUG    my_package:__init__.py:122 [STEP]: [Action][Intro Video Room][In Animation] Unfold Setting
DEBUG    my_package:__init__.py:122 [STEP]: [Action][Intro Video Room][In Animation] Select Template and Apply
DEBUG    my_package:__init__.py:122 [STEP]: [Action][Intro Video Room] Select Template and Import in Motion Graphics
DEBUG    my_package:__init__.py:122 [STEP]: [Action][Intro Video Room] Click Animation Button
DEBUG    my_package:__init__.py:122 [STEP]: [Action][Intro Video Room][Crop] Resize to small by dragging left-upper node
DEBUG    my_package:__init__.py:122 [STEP]: [Action][Intro Video Room][Crop] Click option on Crop window
DEBUG    my_package:__init__.py:122 [STEP]: [Action][Intro Video Room] Delete 1st Template
DEBUG    my_package:__init__.py:122 [STEP]: [Action][Intro Video Room] Confirm Copyright for sharing Tempalte
DEBUG    my_package:__init__.py:122 [STEP]: [Action][Intro Video Room] Click Share button to Share Template
DEBUG    my_package:__init__.py:122 [STEP]: [Action][Subtitle_Room][Library Menu] Click [Auto Transcribe] button
DEBUG    my_package:__init__.py:122 [STEP]: [Action][Subtitle_Room][Library Menu] Click [Manually Create] button
DEBUG    my_package:__init__.py:122 [STEP]: [Action][Subtitle_Room][More Button] Click [Clear All Subtitles] from [More] button
DEBUG    my_package:__init__.py:122 [STEP]: [Action][Subtitle_Room][More Button] Click [Import subtitles from SRT/TXT file] from [More] button
DEBUG    my_package:__init__.py:122 [STEP]: [Action][Subtitle_Room][More Button] Click [Export SRT] button with option
DEBUG    my_package:__init__.py:122 [STEP]: [Action][Subtitle_Room][Auto_Function] Select [Language] option
DEBUG    my_package:__init__.py:122 [STEP]: [Action][Subtitle_Room][Auto_Function] Get [Language] status
DEBUG    my_package:__init__.py:122 [STEP]: [Action][Subtitle_Room][Auto_Function] Click [Create] button
DEBUG    my_package:__init__.py:122 [STEP]: [Action][Subtitle_Room][Position] Set [X] position to (value) by slider
DEBUG    my_package:__init__.py:122 [STEP]: [Action][Subtitle_Room][Position] Set [X] position to (value) by textbox
DEBUG    my_package:__init__.py:122 [STEP]: [Action][Subtitle_Room][Position] Get [X] position
DEBUG    my_package:__init__.py:122 [STEP]: [Action][Subtitle_Room][Position] Set [Y] position to (value) by slider
DEBUG    my_package:__init__.py:122 [STEP]: [Action][Subtitle_Room][Position] Set [Y] position to (value) by textbox
DEBUG    my_package:__init__.py:122 [STEP]: [Action][Subtitle_Room][Position] Get [Y] position
DEBUG    my_package:__init__.py:122 [STEP]: [Action][Subtitle_Room][Position] Click [Reset] button to reset position
DEBUG    my_package:__init__.py:122 [STEP]: [Action][Subtitle_Room][Position] Click [Close] button to close position window
DEBUG    my_package:__init__.py:122 [STEP]: [Action][Subtitle_Room][Character] Set [Font Type] to (font_type)
DEBUG    my_package:__init__.py:122 [STEP]: [Action][Subtitle_Room][Character] Set [Size] to (value)
DEBUG    my_package:__init__.py:122 [STEP]: [Action][Subtitle_Room][Character] Set [Text Color] to (HexColor)
DEBUG    my_package:__init__.py:122 [STEP]: [Action][Subtitle_Room][Character] Click [Apply To All] button
DEBUG    my_package:__init__.py:122 [STEP]: [Action][Subtitle_Room][Character] Click [OK] button to close [Character] window
DEBUG    my_package:__init__.py:122 [STEP]: [Action][Subtitle_Room] Click [Add] button
DEBUG    my_package:__init__.py:122 [STEP]: [Action][Subtitle_Room] Click [Delete] button
DEBUG    my_package:__init__.py:122 [STEP]: [Action][Subtitle_Room] Click [Change Subtitle Format] button
DEBUG    my_package:__init__.py:122 [STEP]: [Action][Subtitle_Room] Click the (no) subtitle text
DEBUG    my_package:__init__.py:122 [STEP]: [Action][Subtitle_Room] Select multiple subtitle text (no1) and (no2)
DEBUG    my_package:__init__.py:122 [STEP]: [Action][Subtitle_Room] Get [start time] of the (no) subtitle text
DEBUG    my_package:__init__.py:122 [STEP]: [Action][Subtitle_Room] Modify the (no) subtitle text to (string)
DEBUG    my_package:__init__.py:122 [STEP]: [Action][Subtitle_Room] Click [Adjust Position] button
DEBUG    my_package:__init__.py:122 [STEP]: [Action][Subtitle_Room] Click [Split] button
DEBUG    my_package:__init__.py:122 [STEP]: [Action][Subtitle_Room] Click [Merge] button
DEBUG    my_package:__init__.py:122 [STEP]: [Action][Effect Settings] Click [Close] button to leave [Effect Settings]
DEBUG    my_package:__init__.py:122 [STEP]: [Action][Effect Settings][Broken Glass] Adjust Degree slider
DEBUG    my_package:__init__.py:122 [STEP]: [Action][Effect Settings Page][TV_Wall] Adjust Horizontal Slider
DEBUG    my_package:__init__.py:122 [STEP]: [Action][Effect Settings Page][TV_Wall] Adjust Vertical Slider
DEBUG    my_package:__init__.py:122 [STEP]: [Action] Set color to HexColor code
DEBUG    my_package:__init__.py:122 [STEP]: [Action] Sort by Likes
DEBUG    my_package:__init__.py:122 [STEP]: [Action] Download [AI Module]
DEBUG    my_package:__init__.py:122 [STEP]: [Action] Wait for downloading AI module
DEBUG    my_package:__init__.py:122 [STEP]: [Action] Wait until download [Body Effect] complete
DEBUG    my_package:__init__.py:122 [STEP]: [Action] Click [Launch Free Version] button and enter main program by new project
DEBUG    my_package:__init__.py:122 [STEP]: [Action] Launch 365 build with clear cache and enter project
DEBUG    my_package:__init__.py:122 [STEP]: [Action] Open packed project
DEBUG    my_package:__init__.py:122 [STEP]: [Action] Open Recent Project
DEBUG    my_package:__init__.py:122 [STEP]: [Action] Insert media to timeline
DEBUG    my_package:__init__.py:122 [STEP]: [Initial] Check dependency test result
DEBUG    pytest_reportportal.service:service.py:695 ReportPortal - Start TestItem: request_body={'attributes': [{'value': 'media_room_func'}, {'value': 'media_room'}], 'name': '[test_media_room_func_2_1] Enter media room and check [Use Sample Media] shows', 'description': '1. Launch PDR\n2. click "New Project" on Launcher\n3. Check if "Media Library" is shown on Media Room', 'start_time': '1742549002309', 'item_type': 'STEP', 'code_ref': 'test_BFT_PDR23_stage1_reportportal.py:Test_BFT_365_OS14.test_media_room_func_2_1', 'parameters': None, 'parent_item_id': None, 'test_case_id': 'test_BFT_PDR23_stage1_reportportal.py:Test_BFT_365_OS14.test_media_room_func_2_1'}
DEBUG    urllib3.connectionpool:connectionpool.py:544 http://192.168.7.189:8080 "POST /api/v2/default_personal/item HTTP/1.1" 201 None
DEBUG    reportportal_client.client:client.py:635 start_test_item - ID: ba066e62-a0fd-42d7-b8b0-df07afc46d76
DEBUG    ATFramework:log.py:80  [Project Info] SR_No=, TR_No=, VERSION=, Build_No=, Build_File=/Users/qadf_at/Desktop/AT/PDRMac_BFT_reportportal\app\, OS_Version=
DEBUG    my_package:__init__.py:122 [STEP]: [Initial] Launch PDR with clear cache
DEBUG    urllib3.connectionpool:connectionpool.py:544 http://192.168.7.189:8080 "POST /api/v2/default_personal/item/ba066e62-a0fd-42d7-b8b0-df07afc46d76 HTTP/1.1" 201 None
DEBUG    reportportal_client.client:client.py:635 start_test_item - ID: 2c5fbde6-a879-4a51-b9e1-a94ccf81c866
DEBUG    my_package:__init__.py:122 [STEP]: [Action] Launch 365 build with clear cache and enter project
DEBUG    urllib3.connectionpool:connectionpool.py:544 http://192.168.7.189:8080 "POST /api/v2/default_personal/item/2c5fbde6-a879-4a51-b9e1-a94ccf81c866 HTTP/1.1" 201 None
DEBUG    reportportal_client.client:client.py:635 start_test_item - ID: 0c9d2c51-1e3f-4936-ae2a-c18fd4ccf916
DEBUG    my_package:__init__.py:122 [STEP]: [Initial] clear cache and GDPR
DEBUG    urllib3.connectionpool:connectionpool.py:544 http://192.168.7.189:8080 "POST /api/v2/default_personal/item/0c9d2c51-1e3f-4936-ae2a-c18fd4ccf916 HTTP/1.1" 201 None
DEBUG    reportportal_client.client:client.py:635 start_test_item - ID: 24ecc1f3-e89a-4459-a119-2051e1d222a9
DEBUG    urllib3.connectionpool:connectionpool.py:544 http://192.168.7.189:8080 "PUT /api/v2/default_personal/item/24ecc1f3-e89a-4459-a119-2051e1d222a9 HTTP/1.1" 200 None
DEBUG    reportportal_client.client:client.py:690 finish_test_item - ID: 24ecc1f3-e89a-4459-a119-2051e1d222a9
DEBUG    reportportal_client.client:client.py:691 response message: Accepted finish request for test item ID = 24ecc1f3-e89a-4459-a119-2051e1d222a9
DEBUG    my_package:__init__.py:122 [STEP]: [Action] Launch App
DEBUG    urllib3.connectionpool:connectionpool.py:544 http://192.168.7.189:8080 "POST /api/v2/default_personal/item/0c9d2c51-1e3f-4936-ae2a-c18fd4ccf916 HTTP/1.1" 201 None
DEBUG    reportportal_client.client:client.py:635 start_test_item - ID: ce1d006b-a17f-43c4-8683-75d891bd41f4
DEBUG    my_package:__init__.py:122 [STEP]: [Verify] Check if App Exist
DEBUG    urllib3.connectionpool:connectionpool.py:544 http://192.168.7.189:8080 "POST /api/v2/default_personal/item/ce1d006b-a17f-43c4-8683-75d891bd41f4 HTTP/1.1" 201 None
DEBUG    reportportal_client.client:client.py:635 start_test_item - ID: efdbf685-692b-4462-acf4-8834bb72259f
DEBUG    urllib3.connectionpool:connectionpool.py:544 http://192.168.7.189:8080 "PUT /api/v2/default_personal/item/efdbf685-692b-4462-acf4-8834bb72259f HTTP/1.1" 200 None
DEBUG    reportportal_client.client:client.py:690 finish_test_item - ID: efdbf685-692b-4462-acf4-8834bb72259f
DEBUG    reportportal_client.client:client.py:691 response message: Accepted finish request for test item ID = efdbf685-692b-4462-acf4-8834bb72259f
DEBUG    urllib3.connectionpool:connectionpool.py:544 http://192.168.7.189:8080 "PUT /api/v2/default_personal/item/ce1d006b-a17f-43c4-8683-75d891bd41f4 HTTP/1.1" 200 None
DEBUG    reportportal_client.client:client.py:690 finish_test_item - ID: ce1d006b-a17f-43c4-8683-75d891bd41f4
DEBUG    reportportal_client.client:client.py:691 response message: Accepted finish request for test item ID = ce1d006b-a17f-43c4-8683-75d891bd41f4
DEBUG    my_package:__init__.py:122 [STEP]: [Action][Base Page] Click [CEIP] dialog
DEBUG    urllib3.connectionpool:connectionpool.py:544 http://192.168.7.189:8080 "POST /api/v2/default_personal/item/0c9d2c51-1e3f-4936-ae2a-c18fd4ccf916 HTTP/1.1" 201 None
DEBUG    reportportal_client.client:client.py:635 start_test_item - ID: d572b0fb-2435-403d-b09d-a9a365b9b3ab
DEBUG    urllib3.connectionpool:connectionpool.py:544 http://192.168.7.189:8080 "PUT /api/v2/default_personal/item/d572b0fb-2435-403d-b09d-a9a365b9b3ab HTTP/1.1" 200 None
DEBUG    reportportal_client.client:client.py:690 finish_test_item - ID: d572b0fb-2435-403d-b09d-a9a365b9b3ab
DEBUG    reportportal_client.client:client.py:691 response message: Accepted finish request for test item ID = d572b0fb-2435-403d-b09d-a9a365b9b3ab
DEBUG    my_package:__init__.py:122 [STEP]: [Action][Base_page] click 'New Project' button on Launcher
DEBUG    urllib3.connectionpool:connectionpool.py:544 http://192.168.7.189:8080 "POST /api/v2/default_personal/item/0c9d2c51-1e3f-4936-ae2a-c18fd4ccf916 HTTP/1.1" 201 None
DEBUG    reportportal_client.client:client.py:635 start_test_item - ID: 7fee6486-6c91-4d93-9a42-bfc89a9d7e87
DEBUG    urllib3.connectionpool:connectionpool.py:544 http://192.168.7.189:8080 "PUT /api/v2/default_personal/item/7fee6486-6c91-4d93-9a42-bfc89a9d7e87 HTTP/1.1" 200 None
DEBUG    reportportal_client.client:client.py:690 finish_test_item - ID: 7fee6486-6c91-4d93-9a42-bfc89a9d7e87
DEBUG    reportportal_client.client:client.py:691 response message: Accepted finish request for test item ID = 7fee6486-6c91-4d93-9a42-bfc89a9d7e87
DEBUG    my_package:__init__.py:122 [STEP]: [Action][Base_page] Press [Esc] key
DEBUG    urllib3.connectionpool:connectionpool.py:544 http://192.168.7.189:8080 "POST /api/v2/default_personal/item/0c9d2c51-1e3f-4936-ae2a-c18fd4ccf916 HTTP/1.1" 201 None
DEBUG    reportportal_client.client:client.py:635 start_test_item - ID: ad7b7f64-71e3-45a4-babd-7af6cefe2ac9
DEBUG    urllib3.connectionpool:connectionpool.py:544 http://192.168.7.189:8080 "PUT /api/v2/default_personal/item/ad7b7f64-71e3-45a4-babd-7af6cefe2ac9 HTTP/1.1" 200 None
DEBUG    reportportal_client.client:client.py:690 finish_test_item - ID: ad7b7f64-71e3-45a4-babd-7af6cefe2ac9
DEBUG    reportportal_client.client:client.py:691 response message: Accepted finish request for test item ID = ad7b7f64-71e3-45a4-babd-7af6cefe2ac9
DEBUG    ATFramework:log.py:80  [Locator] The element is not found via >> {'AXIdentifier': '_NS:8'} <<
DEBUG    urllib3.connectionpool:connectionpool.py:544 http://192.168.7.189:8080 "PUT /api/v2/default_personal/item/0c9d2c51-1e3f-4936-ae2a-c18fd4ccf916 HTTP/1.1" 200 None
DEBUG    reportportal_client.client:client.py:690 finish_test_item - ID: 0c9d2c51-1e3f-4936-ae2a-c18fd4ccf916
DEBUG    reportportal_client.client:client.py:691 response message: Accepted finish request for test item ID = 0c9d2c51-1e3f-4936-ae2a-c18fd4ccf916
DEBUG    urllib3.connectionpool:connectionpool.py:544 http://192.168.7.189:8080 "PUT /api/v2/default_personal/item/2c5fbde6-a879-4a51-b9e1-a94ccf81c866 HTTP/1.1" 200 None
DEBUG    reportportal_client.client:client.py:690 finish_test_item - ID: 2c5fbde6-a879-4a51-b9e1-a94ccf81c866
DEBUG    reportportal_client.client:client.py:691 response message: Accepted finish request for test item ID = 2c5fbde6-a879-4a51-b9e1-a94ccf81c866
DEBUG    my_package:__init__.py:122 [STEP]: [Verify] Check [Use Sample Media] is shown on Media Room
DEBUG    urllib3.connectionpool:connectionpool.py:544 http://192.168.7.189:8080 "POST /api/v2/default_personal/item/ba066e62-a0fd-42d7-b8b0-df07afc46d76 HTTP/1.1" 201 None
DEBUG    reportportal_client.client:client.py:635 start_test_item - ID: 8219050d-97d2-49e6-923c-5aaf7287587c
DEBUG    urllib3.connectionpool:connectionpool.py:544 http://192.168.7.189:8080 "PUT /api/v2/default_personal/item/8219050d-97d2-49e6-923c-5aaf7287587c HTTP/1.1" 200 None
DEBUG    reportportal_client.client:client.py:690 finish_test_item - ID: 8219050d-97d2-49e6-923c-5aaf7287587c
DEBUG    reportportal_client.client:client.py:691 response message: Accepted finish request for test item ID = 8219050d-97d2-49e6-923c-5aaf7287587c
DEBUG    pytest_reportportal.service:service.py:765 ReportPortal - Finish TestItem: request_body={'attributes': [{'value': 'media_room_func'}, {'value': 'media_room'}], 'end_time': '1742549026494', 'status': 'PASSED', 'issue': None, 'item_id': 'ba066e62-a0fd-42d7-b8b0-df07afc46d76'}
DEBUG    urllib3.connectionpool:connectionpool.py:544 http://192.168.7.189:8080 "PUT /api/v2/default_personal/item/ba066e62-a0fd-42d7-b8b0-df07afc46d76 HTTP/1.1" 200 None
DEBUG    reportportal_client.client:client.py:690 finish_test_item - ID: ba066e62-a0fd-42d7-b8b0-df07afc46d76
DEBUG    reportportal_client.client:client.py:691 response message: Accepted finish request for test item ID = ba066e62-a0fd-42d7-b8b0-df07afc46d76
DEBUG    pytest_reportportal.service:service.py:695 ReportPortal - Start TestItem: request_body={'attributes': [{'value': 'media_room_func'}, {'value': 'media_room'}], 'name': '[test_media_room_func_2_2] Switch to another room (Particle Room) and back to Media Room', 'description': '1. Switch to another room (Particle Room)\n2. Switch back to Media Room\n3. Check if "Use Sample Media" is shown on Media Room', 'start_time': '1742549026504', 'item_type': 'STEP', 'code_ref': 'test_BFT_PDR23_stage1_reportportal.py:Test_BFT_365_OS14.test_media_room_func_2_2', 'parameters': None, 'parent_item_id': None, 'test_case_id': 'test_BFT_PDR23_stage1_reportportal.py:Test_BFT_365_OS14.test_media_room_func_2_2'}
DEBUG    urllib3.connectionpool:connectionpool.py:544 http://192.168.7.189:8080 "POST /api/v2/default_personal/item HTTP/1.1" 201 None
DEBUG    reportportal_client.client:client.py:635 start_test_item - ID: 53bb3745-f154-4d9d-b283-1a3bcca41144
DEBUG    my_package:__init__.py:122 [STEP]: [Initial] Check dependency test result
DEBUG    urllib3.connectionpool:connectionpool.py:544 http://192.168.7.189:8080 "POST /api/v2/default_personal/item/53bb3745-f154-4d9d-b283-1a3bcca41144 HTTP/1.1" 201 None
DEBUG    reportportal_client.client:client.py:635 start_test_item - ID: d011d17c-4f58-4dc4-86a4-904953730e56
DEBUG    urllib3.connectionpool:connectionpool.py:544 http://192.168.7.189:8080 "POST /api/v2/default_personal/log HTTP/1.1" 201 None
DEBUG    urllib3.connectionpool:connectionpool.py:544 http://192.168.7.189:8080 "PUT /api/v2/default_personal/item/d011d17c-4f58-4dc4-86a4-904953730e56 HTTP/1.1" 200 None
DEBUG    reportportal_client.client:client.py:690 finish_test_item - ID: d011d17c-4f58-4dc4-86a4-904953730e56
DEBUG    reportportal_client.client:client.py:691 response message: Accepted finish request for test item ID = d011d17c-4f58-4dc4-86a4-904953730e56
DEBUG    my_package:__init__.py:122 [STEP]: [Action][Main_page] Enter Room
DEBUG    urllib3.connectionpool:connectionpool.py:544 http://192.168.7.189:8080 "POST /api/v2/default_personal/item/53bb3745-f154-4d9d-b283-1a3bcca41144 HTTP/1.1" 201 None
DEBUG    reportportal_client.client:client.py:635 start_test_item - ID: 54067920-5fef-49ac-a830-537d28812729
DEBUG    ATFramework:log.py:80  Trying to enter particle room
DEBUG    my_package:__init__.py:122 [STEP]: [Action] Base_page: Snapshot
DEBUG    urllib3.connectionpool:connectionpool.py:544 http://192.168.7.189:8080 "POST /api/v2/default_personal/item/54067920-5fef-49ac-a830-537d28812729 HTTP/1.1" 201 None
DEBUG    reportportal_client.client:client.py:635 start_test_item - ID: 55a4e115-0a86-412c-991b-6fdde2b1c9ba
DEBUG    urllib3.connectionpool:connectionpool.py:544 http://192.168.7.189:8080 "PUT /api/v2/default_personal/item/55a4e115-0a86-412c-991b-6fdde2b1c9ba HTTP/1.1" 200 None
DEBUG    reportportal_client.client:client.py:690 finish_test_item - ID: 55a4e115-0a86-412c-991b-6fdde2b1c9ba
DEBUG    reportportal_client.client:client.py:691 response message: Accepted finish request for test item ID = 55a4e115-0a86-412c-991b-6fdde2b1c9ba
DEBUG    my_package:__init__.py:122 [STEP]: [Action] Base_page: Snapshot
DEBUG    urllib3.connectionpool:connectionpool.py:544 http://192.168.7.189:8080 "POST /api/v2/default_personal/item/54067920-5fef-49ac-a830-537d28812729 HTTP/1.1" 201 None
DEBUG    reportportal_client.client:client.py:635 start_test_item - ID: 4a712be0-baf1-4499-856a-939e605732a2
DEBUG    urllib3.connectionpool:connectionpool.py:544 http://192.168.7.189:8080 "PUT /api/v2/default_personal/item/4a712be0-baf1-4499-856a-939e605732a2 HTTP/1.1" 200 None
DEBUG    reportportal_client.client:client.py:690 finish_test_item - ID: 4a712be0-baf1-4499-856a-939e605732a2
DEBUG    reportportal_client.client:client.py:691 response message: Accepted finish request for test item ID = 4a712be0-baf1-4499-856a-939e605732a2
DEBUG    my_package:__init__.py:122 [STEP]: [Action] Base_page: Compare Images
DEBUG    urllib3.connectionpool:connectionpool.py:544 http://192.168.7.189:8080 "POST /api/v2/default_personal/item/54067920-5fef-49ac-a830-537d28812729 HTTP/1.1" 201 None
DEBUG    reportportal_client.client:client.py:635 start_test_item - ID: c13f0e82-60eb-4731-b9dd-a9b73ae567e8
DEBUG    ATFramework:log.py:80  source_path='/var/folders/yh/gry3198j28v1cbcqgwd35c680000gn/T/mac_driver/535083fb-e4ad-4660-a386-1ac453682ebd.png'
target_path='/var/folders/yh/gry3198j28v1cbcqgwd35c680000gn/T/mac_driver/4d8126d2-cac5-44ee-b9e3-27b3278b474a.png'
similarity=0.95
DEBUG    ATFramework:log.py:80  Result similarity = 0.49764962354674935
DEBUG    urllib3.connectionpool:connectionpool.py:544 http://192.168.7.189:8080 "PUT /api/v2/default_personal/item/c13f0e82-60eb-4731-b9dd-a9b73ae567e8 HTTP/1.1" 200 None
DEBUG    reportportal_client.client:client.py:690 finish_test_item - ID: c13f0e82-60eb-4731-b9dd-a9b73ae567e8
DEBUG    reportportal_client.client:client.py:691 response message: Accepted finish request for test item ID = c13f0e82-60eb-4731-b9dd-a9b73ae567e8
DEBUG    urllib3.connectionpool:connectionpool.py:544 http://192.168.7.189:8080 "PUT /api/v2/default_personal/item/54067920-5fef-49ac-a830-537d28812729 HTTP/1.1" 200 None
DEBUG    reportportal_client.client:client.py:690 finish_test_item - ID: 54067920-5fef-49ac-a830-537d28812729
DEBUG    reportportal_client.client:client.py:691 response message: Accepted finish request for test item ID = 54067920-5fef-49ac-a830-537d28812729
DEBUG    my_package:__init__.py:122 [STEP]: [Action][Main_page] Enter Room
DEBUG    urllib3.connectionpool:connectionpool.py:544 http://192.168.7.189:8080 "POST /api/v2/default_personal/item/53bb3745-f154-4d9d-b283-1a3bcca41144 HTTP/1.1" 201 None
DEBUG    reportportal_client.client:client.py:635 start_test_item - ID: dff92736-769f-4dde-ac31-aa1c43a24d84
DEBUG    ATFramework:log.py:80  Trying to enter media room
DEBUG    my_package:__init__.py:122 [STEP]: [Action] Base_page: Snapshot
DEBUG    urllib3.connectionpool:connectionpool.py:544 http://192.168.7.189:8080 "POST /api/v2/default_personal/item/dff92736-769f-4dde-ac31-aa1c43a24d84 HTTP/1.1" 201 None
DEBUG    reportportal_client.client:client.py:635 start_test_item - ID: 95d1833d-f329-4eab-91b9-772e60f35c47
DEBUG    urllib3.connectionpool:connectionpool.py:544 http://192.168.7.189:8080 "PUT /api/v2/default_personal/item/95d1833d-f329-4eab-91b9-772e60f35c47 HTTP/1.1" 200 None
DEBUG    reportportal_client.client:client.py:690 finish_test_item - ID: 95d1833d-f329-4eab-91b9-772e60f35c47
DEBUG    reportportal_client.client:client.py:691 response message: Accepted finish request for test item ID = 95d1833d-f329-4eab-91b9-772e60f35c47
DEBUG    my_package:__init__.py:122 [STEP]: [Action] Base_page: Snapshot
DEBUG    urllib3.connectionpool:connectionpool.py:544 http://192.168.7.189:8080 "POST /api/v2/default_personal/item/dff92736-769f-4dde-ac31-aa1c43a24d84 HTTP/1.1" 201 None
DEBUG    reportportal_client.client:client.py:635 start_test_item - ID: edd76b44-4434-412d-9a7c-54f091be2367
DEBUG    urllib3.connectionpool:connectionpool.py:544 http://192.168.7.189:8080 "PUT /api/v2/default_personal/item/edd76b44-4434-412d-9a7c-54f091be2367 HTTP/1.1" 200 None
DEBUG    reportportal_client.client:client.py:690 finish_test_item - ID: edd76b44-4434-412d-9a7c-54f091be2367
DEBUG    reportportal_client.client:client.py:691 response message: Accepted finish request for test item ID = edd76b44-4434-412d-9a7c-54f091be2367
DEBUG    my_package:__init__.py:122 [STEP]: [Action] Base_page: Compare Images
DEBUG    urllib3.connectionpool:connectionpool.py:544 http://192.168.7.189:8080 "POST /api/v2/default_personal/item/dff92736-769f-4dde-ac31-aa1c43a24d84 HTTP/1.1" 201 None
DEBUG    reportportal_client.client:client.py:635 start_test_item - ID: 218edd4a-f3d0-47a0-ae65-e277faf1e2f3
DEBUG    urllib3.connectionpool:connectionpool.py:544 http://192.168.7.189:8080 "POST /api/v2/default_personal/log HTTP/1.1" 201 None
DEBUG    ATFramework:log.py:80  source_path='/var/folders/yh/gry3198j28v1cbcqgwd35c680000gn/T/mac_driver/76b251f6-f849-4e60-bb23-3082c7ececde.png'
target_path='/var/folders/yh/gry3198j28v1cbcqgwd35c680000gn/T/mac_driver/3cae6b47-bcf0-4a27-9712-09d6c242123b.png'
similarity=0.95
DEBUG    ATFramework:log.py:80  Result similarity = 0.4967974196188152
DEBUG    urllib3.connectionpool:connectionpool.py:544 http://192.168.7.189:8080 "PUT /api/v2/default_personal/item/218edd4a-f3d0-47a0-ae65-e277faf1e2f3 HTTP/1.1" 200 None
DEBUG    reportportal_client.client:client.py:690 finish_test_item - ID: 218edd4a-f3d0-47a0-ae65-e277faf1e2f3
DEBUG    reportportal_client.client:client.py:691 response message: Accepted finish request for test item ID = 218edd4a-f3d0-47a0-ae65-e277faf1e2f3
DEBUG    urllib3.connectionpool:connectionpool.py:544 http://192.168.7.189:8080 "PUT /api/v2/default_personal/item/dff92736-769f-4dde-ac31-aa1c43a24d84 HTTP/1.1" 200 None
DEBUG    reportportal_client.client:client.py:690 finish_test_item - ID: dff92736-769f-4dde-ac31-aa1c43a24d84
DEBUG    reportportal_client.client:client.py:691 response message: Accepted finish request for test item ID = dff92736-769f-4dde-ac31-aa1c43a24d84
DEBUG    my_package:__init__.py:122 [STEP]: [Verify] Check [Use Sample Media] is shown on Media Room
DEBUG    urllib3.connectionpool:connectionpool.py:544 http://192.168.7.189:8080 "POST /api/v2/default_personal/item/53bb3745-f154-4d9d-b283-1a3bcca41144 HTTP/1.1" 201 None
DEBUG    reportportal_client.client:client.py:635 start_test_item - ID: ccddd0e2-5c25-48de-8de5-895a676b9033
DEBUG    urllib3.connectionpool:connectionpool.py:544 http://192.168.7.189:8080 "PUT /api/v2/default_personal/item/ccddd0e2-5c25-48de-8de5-895a676b9033 HTTP/1.1" 200 None
DEBUG    reportportal_client.client:client.py:690 finish_test_item - ID: ccddd0e2-5c25-48de-8de5-895a676b9033
DEBUG    reportportal_client.client:client.py:691 response message: Accepted finish request for test item ID = ccddd0e2-5c25-48de-8de5-895a676b9033
DEBUG    pytest_reportportal.service:service.py:765 ReportPortal - Finish TestItem: request_body={'attributes': [{'value': 'media_room_func'}, {'value': 'media_room'}], 'end_time': '1742549037158', 'status': 'PASSED', 'issue': None, 'item_id': '53bb3745-f154-4d9d-b283-1a3bcca41144'}
DEBUG    urllib3.connectionpool:connectionpool.py:544 http://192.168.7.189:8080 "PUT /api/v2/default_personal/item/53bb3745-f154-4d9d-b283-1a3bcca41144 HTTP/1.1" 200 None
DEBUG    reportportal_client.client:client.py:690 finish_test_item - ID: 53bb3745-f154-4d9d-b283-1a3bcca41144
DEBUG    reportportal_client.client:client.py:691 response message: Accepted finish request for test item ID = 53bb3745-f154-4d9d-b283-1a3bcca41144
DEBUG    pytest_reportportal.service:service.py:695 ReportPortal - Start TestItem: request_body={'attributes': [{'value': 'media_room_func'}, {'value': 'media_room'}, {'value': 'import_media'}], 'name': '[test_media_room_func_2_3] Click [Use Sample Media] and select an imported media', 'description': '1. Click "Use Sample Media" on Media Room\n2. Select an imported media', 'start_time': '1742549037169', 'item_type': 'STEP', 'code_ref': 'test_BFT_PDR23_stage1_reportportal.py:Test_BFT_365_OS14.test_media_room_func_2_3', 'parameters': None, 'parent_item_id': None, 'test_case_id': 'test_BFT_PDR23_stage1_reportportal.py:Test_BFT_365_OS14.test_media_room_func_2_3'}
DEBUG    urllib3.connectionpool:connectionpool.py:544 http://192.168.7.189:8080 "POST /api/v2/default_personal/item HTTP/1.1" 201 None
DEBUG    reportportal_client.client:client.py:635 start_test_item - ID: 6a7b58e4-561f-44e2-af91-15349e224b33
DEBUG    my_package:__init__.py:122 [STEP]: [Initial] Check dependency test result
DEBUG    urllib3.connectionpool:connectionpool.py:544 http://192.168.7.189:8080 "POST /api/v2/default_personal/item/6a7b58e4-561f-44e2-af91-15349e224b33 HTTP/1.1" 201 None
DEBUG    reportportal_client.client:client.py:635 start_test_item - ID: 112f3bbb-b01e-4cde-8432-760b8f1b36ca
DEBUG    urllib3.connectionpool:connectionpool.py:544 http://192.168.7.189:8080 "PUT /api/v2/default_personal/item/112f3bbb-b01e-4cde-8432-760b8f1b36ca HTTP/1.1" 200 None
DEBUG    reportportal_client.client:client.py:690 finish_test_item - ID: 112f3bbb-b01e-4cde-8432-760b8f1b36ca
DEBUG    reportportal_client.client:client.py:691 response message: Accepted finish request for test item ID = 112f3bbb-b01e-4cde-8432-760b8f1b36ca
DEBUG    my_package:__init__.py:122 [STEP]: [Action] Click [Use Sample Media] on Media Room
DEBUG    urllib3.connectionpool:connectionpool.py:544 http://192.168.7.189:8080 "POST /api/v2/default_personal/item/6a7b58e4-561f-44e2-af91-15349e224b33 HTTP/1.1" 201 None
DEBUG    reportportal_client.client:client.py:635 start_test_item - ID: 6e4602c4-5aea-43f4-9b98-21832892636d
DEBUG    urllib3.connectionpool:connectionpool.py:544 http://192.168.7.189:8080 "PUT /api/v2/default_personal/item/6e4602c4-5aea-43f4-9b98-21832892636d HTTP/1.1" 200 None
DEBUG    reportportal_client.client:client.py:690 finish_test_item - ID: 6e4602c4-5aea-43f4-9b98-21832892636d
DEBUG    reportportal_client.client:client.py:691 response message: Accepted finish request for test item ID = 6e4602c4-5aea-43f4-9b98-21832892636d
DEBUG    my_package:__init__.py:122 [STEP]: [Action][Main_page] Select media by library icon view
DEBUG    urllib3.connectionpool:connectionpool.py:544 http://192.168.7.189:8080 "POST /api/v2/default_personal/item/6a7b58e4-561f-44e2-af91-15349e224b33 HTTP/1.1" 201 None
DEBUG    reportportal_client.client:client.py:635 start_test_item - ID: 68d39aff-0733-430d-a020-5cc5e9773260
DEBUG    urllib3.connectionpool:connectionpool.py:544 http://192.168.7.189:8080 "PUT /api/v2/default_personal/item/68d39aff-0733-430d-a020-5cc5e9773260 HTTP/1.1" 200 None
DEBUG    reportportal_client.client:client.py:690 finish_test_item - ID: 68d39aff-0733-430d-a020-5cc5e9773260
DEBUG    reportportal_client.client:client.py:691 response message: Accepted finish request for test item ID = 68d39aff-0733-430d-a020-5cc5e9773260
DEBUG    pytest_reportportal.service:service.py:765 ReportPortal - Finish TestItem: request_body={'attributes': [{'value': 'media_room_func'}, {'value': 'media_room'}, {'value': 'import_media'}], 'end_time': '1742549046036', 'status': 'PASSED', 'issue': None, 'item_id': '6a7b58e4-561f-44e2-af91-15349e224b33'}
DEBUG    urllib3.connectionpool:connectionpool.py:544 http://192.168.7.189:8080 "PUT /api/v2/default_personal/item/6a7b58e4-561f-44e2-af91-15349e224b33 HTTP/1.1" 200 None
DEBUG    reportportal_client.client:client.py:690 finish_test_item - ID: 6a7b58e4-561f-44e2-af91-15349e224b33
DEBUG    reportportal_client.client:client.py:691 response message: Accepted finish request for test item ID = 6a7b58e4-561f-44e2-af91-15349e224b33
DEBUG    pytest_reportportal.service:service.py:695 ReportPortal - Start TestItem: request_body={'attributes': [{'value': 'media_room_func'}, {'value': 'media_room'}, {'value': 'import_media'}, {'value': 'bubble'}], 'name': '[test_media_room_func_2_4] Check bubble shows after click [Insert] button', 'description': '1. Click [Insert] button\n2. Check bubble shows after click [Insert] button', 'start_time': '1742549046046', 'item_type': 'STEP', 'code_ref': 'test_BFT_PDR23_stage1_reportportal.py:Test_BFT_365_OS14.test_media_room_func_2_4', 'parameters': None, 'parent_item_id': None, 'test_case_id': 'test_BFT_PDR23_stage1_reportportal.py:Test_BFT_365_OS14.test_media_room_func_2_4'}
DEBUG    urllib3.connectionpool:connectionpool.py:544 http://192.168.7.189:8080 "POST /api/v2/default_personal/item HTTP/1.1" 201 None
DEBUG    reportportal_client.client:client.py:635 start_test_item - ID: 6865a8f8-78d1-465b-a648-ed4cb6b79533
DEBUG    my_package:__init__.py:122 [STEP]: [Initial] Check dependency test result
DEBUG    urllib3.connectionpool:connectionpool.py:544 http://192.168.7.189:8080 "POST /api/v2/default_personal/item/6865a8f8-78d1-465b-a648-ed4cb6b79533 HTTP/1.1" 201 None
DEBUG    reportportal_client.client:client.py:635 start_test_item - ID: 2a3ea1d2-3ca0-47e4-bed3-e967527b9ba8
DEBUG    urllib3.connectionpool:connectionpool.py:544 http://192.168.7.189:8080 "PUT /api/v2/default_personal/item/2a3ea1d2-3ca0-47e4-bed3-e967527b9ba8 HTTP/1.1" 200 None
DEBUG    reportportal_client.client:client.py:690 finish_test_item - ID: 2a3ea1d2-3ca0-47e4-bed3-e967527b9ba8
DEBUG    reportportal_client.client:client.py:691 response message: Accepted finish request for test item ID = 2a3ea1d2-3ca0-47e4-bed3-e967527b9ba8
DEBUG    my_package:__init__.py:122 [STEP]: [Action] Click [Insert] button
DEBUG    urllib3.connectionpool:connectionpool.py:544 http://192.168.7.189:8080 "POST /api/v2/default_personal/item/6865a8f8-78d1-465b-a648-ed4cb6b79533 HTTP/1.1" 201 None
DEBUG    reportportal_client.client:client.py:635 start_test_item - ID: 6f864647-c5df-454a-9dfc-bf3ac4154e58
DEBUG    urllib3.connectionpool:connectionpool.py:544 http://192.168.7.189:8080 "PUT /api/v2/default_personal/item/6f864647-c5df-454a-9dfc-bf3ac4154e58 HTTP/1.1" 200 None
DEBUG    reportportal_client.client:client.py:690 finish_test_item - ID: 6f864647-c5df-454a-9dfc-bf3ac4154e58
DEBUG    reportportal_client.client:client.py:691 response message: Accepted finish request for test item ID = 6f864647-c5df-454a-9dfc-bf3ac4154e58
DEBUG    my_package:__init__.py:122 [STEP]: [Verify] Check bubble shows after click [Insert] button
DEBUG    urllib3.connectionpool:connectionpool.py:544 http://192.168.7.189:8080 "POST /api/v2/default_personal/item/6865a8f8-78d1-465b-a648-ed4cb6b79533 HTTP/1.1" 201 None
DEBUG    reportportal_client.client:client.py:635 start_test_item - ID: c7c0cce8-8265-47da-84f3-d88a12559b2b
DEBUG    urllib3.connectionpool:connectionpool.py:544 http://192.168.7.189:8080 "PUT /api/v2/default_personal/item/c7c0cce8-8265-47da-84f3-d88a12559b2b HTTP/1.1" 200 None
DEBUG    reportportal_client.client:client.py:690 finish_test_item - ID: c7c0cce8-8265-47da-84f3-d88a12559b2b
DEBUG    reportportal_client.client:client.py:691 response message: Accepted finish request for test item ID = c7c0cce8-8265-47da-84f3-d88a12559b2b
DEBUG    pytest_reportportal.service:service.py:765 ReportPortal - Finish TestItem: request_body={'attributes': [{'value': 'media_room_func'}, {'value': 'media_room'}, {'value': 'import_media'}, {'value': 'bubble'}], 'end_time': '1742549051080', 'status': 'PASSED', 'issue': None, 'item_id': '6865a8f8-78d1-465b-a648-ed4cb6b79533'}
DEBUG    urllib3.connectionpool:connectionpool.py:544 http://192.168.7.189:8080 "PUT /api/v2/default_personal/item/6865a8f8-78d1-465b-a648-ed4cb6b79533 HTTP/1.1" 200 None
DEBUG    reportportal_client.client:client.py:690 finish_test_item - ID: 6865a8f8-78d1-465b-a648-ed4cb6b79533
DEBUG    reportportal_client.client:client.py:691 response message: Accepted finish request for test item ID = 6865a8f8-78d1-465b-a648-ed4cb6b79533
DEBUG    pytest_reportportal.service:service.py:695 ReportPortal - Start TestItem: request_body={'attributes': [{'value': 'media_room_func'}, {'value': 'media_room'}, {'value': 'bubble'}], 'name': '[test_media_room_func_2_5] Check bubble content is correct', 'description': '1. Check bubble content is correct', 'start_time': '1742549051090', 'item_type': 'STEP', 'code_ref': 'test_BFT_PDR23_stage1_reportportal.py:Test_BFT_365_OS14.test_media_room_func_2_5', 'parameters': None, 'parent_item_id': None, 'test_case_id': 'test_BFT_PDR23_stage1_reportportal.py:Test_BFT_365_OS14.test_media_room_func_2_5'}
DEBUG    urllib3.connectionpool:connectionpool.py:544 http://192.168.7.189:8080 "POST /api/v2/default_personal/item HTTP/1.1" 201 None
DEBUG    reportportal_client.client:client.py:635 start_test_item - ID: 871594b2-0940-4047-a83f-d2b3f0602f5b
DEBUG    my_package:__init__.py:122 [STEP]: [Initial] Check dependency test result
DEBUG    urllib3.connectionpool:connectionpool.py:544 http://192.168.7.189:8080 "POST /api/v2/default_personal/item/871594b2-0940-4047-a83f-d2b3f0602f5b HTTP/1.1" 201 None
DEBUG    reportportal_client.client:client.py:635 start_test_item - ID: a6f9518b-92fb-4a2c-84f1-30e2cb8794f6
DEBUG    urllib3.connectionpool:connectionpool.py:544 http://192.168.7.189:8080 "PUT /api/v2/default_personal/item/a6f9518b-92fb-4a2c-84f1-30e2cb8794f6 HTTP/1.1" 200 None
DEBUG    reportportal_client.client:client.py:690 finish_test_item - ID: a6f9518b-92fb-4a2c-84f1-30e2cb8794f6
DEBUG    reportportal_client.client:client.py:691 response message: Accepted finish request for test item ID = a6f9518b-92fb-4a2c-84f1-30e2cb8794f6
DEBUG    my_package:__init__.py:122 [STEP]: [Action] Base_page: Snapshot
DEBUG    urllib3.connectionpool:connectionpool.py:544 http://192.168.7.189:8080 "POST /api/v2/default_personal/item/871594b2-0940-4047-a83f-d2b3f0602f5b HTTP/1.1" 201 None
DEBUG    reportportal_client.client:client.py:635 start_test_item - ID: 261cffd1-14ab-4da1-8abd-b5e0bcd13234
DEBUG    urllib3.connectionpool:connectionpool.py:544 http://192.168.7.189:8080 "PUT /api/v2/default_personal/item/261cffd1-14ab-4da1-8abd-b5e0bcd13234 HTTP/1.1" 200 None
DEBUG    reportportal_client.client:client.py:690 finish_test_item - ID: 261cffd1-14ab-4da1-8abd-b5e0bcd13234
DEBUG    reportportal_client.client:client.py:691 response message: Accepted finish request for test item ID = 261cffd1-14ab-4da1-8abd-b5e0bcd13234
DEBUG    my_package:__init__.py:122 [STEP]: [Action] Base_page: Snapshot
DEBUG    urllib3.connectionpool:connectionpool.py:544 http://192.168.7.189:8080 "POST /api/v2/default_personal/item/871594b2-0940-4047-a83f-d2b3f0602f5b HTTP/1.1" 201 None
DEBUG    reportportal_client.client:client.py:635 start_test_item - ID: 5b8fa619-04bd-4800-a9cc-6add20abddc8
DEBUG    urllib3.connectionpool:connectionpool.py:544 http://192.168.7.189:8080 "PUT /api/v2/default_personal/item/5b8fa619-04bd-4800-a9cc-6add20abddc8 HTTP/1.1" 200 None
DEBUG    reportportal_client.client:client.py:690 finish_test_item - ID: 5b8fa619-04bd-4800-a9cc-6add20abddc8
DEBUG    reportportal_client.client:client.py:691 response message: Accepted finish request for test item ID = 5b8fa619-04bd-4800-a9cc-6add20abddc8
DEBUG    my_package:__init__.py:122 [STEP]: [Action] Base_page: Compare Images
DEBUG    urllib3.connectionpool:connectionpool.py:544 http://192.168.7.189:8080 "POST /api/v2/default_personal/item/871594b2-0940-4047-a83f-d2b3f0602f5b HTTP/1.1" 201 None
DEBUG    reportportal_client.client:client.py:635 start_test_item - ID: fcda2ae6-a86f-4337-8b1e-0bdd08e081cc
DEBUG    urllib3.connectionpool:connectionpool.py:544 http://192.168.7.189:8080 "POST /api/v2/default_personal/log HTTP/1.1" 201 None
DEBUG    ATFramework:log.py:80  source_path='/Users/qadf_at/Desktop/AT/GroundTruth/ground_truth/BFT_21_Stage1/L102_1.png'
target_path='/Users/qadf_at/Desktop/AT/GroundTruth/auto_ground_truth/BFT_21_Stage1/L102_1.png'
similarity=0.95
DEBUG    ATFramework:log.py:80  Result similarity = 0.9999912083148956
DEBUG    urllib3.connectionpool:connectionpool.py:544 http://192.168.7.189:8080 "PUT /api/v2/default_personal/item/fcda2ae6-a86f-4337-8b1e-0bdd08e081cc HTTP/1.1" 200 None
DEBUG    reportportal_client.client:client.py:690 finish_test_item - ID: fcda2ae6-a86f-4337-8b1e-0bdd08e081cc
DEBUG    reportportal_client.client:client.py:691 response message: Accepted finish request for test item ID = fcda2ae6-a86f-4337-8b1e-0bdd08e081cc
DEBUG    my_package:__init__.py:122 [STEP]: [Action] Base_page: Compare Images
DEBUG    urllib3.connectionpool:connectionpool.py:544 http://192.168.7.189:8080 "POST /api/v2/default_personal/item/871594b2-0940-4047-a83f-d2b3f0602f5b HTTP/1.1" 201 None
DEBUG    reportportal_client.client:client.py:635 start_test_item - ID: bf8bbb2f-927d-49d2-b018-6f202672e883
DEBUG    ATFramework:log.py:80  source_path='/Users/qadf_at/Desktop/AT/GroundTruth/ground_truth/BFT_21_Stage1/L102_2.png'
target_path='/Users/qadf_at/Desktop/AT/GroundTruth/auto_ground_truth/BFT_21_Stage1/L102_2.png'
similarity=0.95
DEBUG    ATFramework:log.py:80  Result similarity = 0.9999922513961792
DEBUG    urllib3.connectionpool:connectionpool.py:544 http://192.168.7.189:8080 "PUT /api/v2/default_personal/item/bf8bbb2f-927d-49d2-b018-6f202672e883 HTTP/1.1" 200 None
DEBUG    reportportal_client.client:client.py:690 finish_test_item - ID: bf8bbb2f-927d-49d2-b018-6f202672e883
DEBUG    reportportal_client.client:client.py:691 response message: Accepted finish request for test item ID = bf8bbb2f-927d-49d2-b018-6f202672e883
DEBUG    pytest_reportportal.service:service.py:765 ReportPortal - Finish TestItem: request_body={'attributes': [{'value': 'media_room_func'}, {'value': 'media_room'}, {'value': 'bubble'}], 'end_time': '1742549056066', 'status': 'PASSED', 'issue': None, 'item_id': '871594b2-0940-4047-a83f-d2b3f0602f5b'}
DEBUG    urllib3.connectionpool:connectionpool.py:544 http://192.168.7.189:8080 "PUT /api/v2/default_personal/item/871594b2-0940-4047-a83f-d2b3f0602f5b HTTP/1.1" 200 None
DEBUG    reportportal_client.client:client.py:690 finish_test_item - ID: 871594b2-0940-4047-a83f-d2b3f0602f5b
DEBUG    reportportal_client.client:client.py:691 response message: Accepted finish request for test item ID = 871594b2-0940-4047-a83f-d2b3f0602f5b
DEBUG    pytest_reportportal.service:service.py:695 ReportPortal - Start TestItem: request_body={'attributes': [{'value': 'media_room_func'}, {'value': 'media_room'}, {'value': 'bubble'}], 'name': '[test_media_room_func_2_6] Click anywhere to close bubble', 'description': '1. Click anywhere to close bubble', 'start_time': '1742549056085', 'item_type': 'STEP', 'code_ref': 'test_BFT_PDR23_stage1_reportportal.py:Test_BFT_365_OS14.test_media_room_func_2_6', 'parameters': None, 'parent_item_id': None, 'test_case_id': 'test_BFT_PDR23_stage1_reportportal.py:Test_BFT_365_OS14.test_media_room_func_2_6'}
DEBUG    urllib3.connectionpool:connectionpool.py:544 http://192.168.7.189:8080 "POST /api/v2/default_personal/item HTTP/1.1" 201 None
DEBUG    reportportal_client.client:client.py:635 start_test_item - ID: 408b4bf6-e47b-4370-8dcd-f3d8e9035026
DEBUG    my_package:__init__.py:122 [STEP]: [Initial] Check dependency test result
DEBUG    urllib3.connectionpool:connectionpool.py:544 http://192.168.7.189:8080 "POST /api/v2/default_personal/item/408b4bf6-e47b-4370-8dcd-f3d8e9035026 HTTP/1.1" 201 None
DEBUG    reportportal_client.client:client.py:635 start_test_item - ID: 50658744-3007-4aa4-a2d4-6086dfe7c576
DEBUG    urllib3.connectionpool:connectionpool.py:544 http://192.168.7.189:8080 "PUT /api/v2/default_personal/item/50658744-3007-4aa4-a2d4-6086dfe7c576 HTTP/1.1" 200 None
DEBUG    reportportal_client.client:client.py:690 finish_test_item - ID: 50658744-3007-4aa4-a2d4-6086dfe7c576
DEBUG    reportportal_client.client:client.py:691 response message: Accepted finish request for test item ID = 50658744-3007-4aa4-a2d4-6086dfe7c576
DEBUG    my_package:__init__.py:122 [STEP]: [Action][Timeline] Select a clip on timeline
DEBUG    urllib3.connectionpool:connectionpool.py:544 http://192.168.7.189:8080 "POST /api/v2/default_personal/item/408b4bf6-e47b-4370-8dcd-f3d8e9035026 HTTP/1.1" 201 None
DEBUG    reportportal_client.client:client.py:635 start_test_item - ID: f971338c-73e6-48ac-a042-2197200c7ab5
DEBUG    urllib3.connectionpool:connectionpool.py:544 http://192.168.7.189:8080 "PUT /api/v2/default_personal/item/f971338c-73e6-48ac-a042-2197200c7ab5 HTTP/1.1" 200 None
DEBUG    reportportal_client.client:client.py:690 finish_test_item - ID: f971338c-73e6-48ac-a042-2197200c7ab5
DEBUG    reportportal_client.client:client.py:691 response message: Accepted finish request for test item ID = f971338c-73e6-48ac-a042-2197200c7ab5
DEBUG    my_package:__init__.py:122 [STEP]: [Verify] Check bubbles are closed after clicking anywhere
DEBUG    urllib3.connectionpool:connectionpool.py:544 http://192.168.7.189:8080 "POST /api/v2/default_personal/item/408b4bf6-e47b-4370-8dcd-f3d8e9035026 HTTP/1.1" 201 None
DEBUG    reportportal_client.client:client.py:635 start_test_item - ID: 975b03d2-a943-43a0-9b1b-6095fae4e363
DEBUG    urllib3.connectionpool:connectionpool.py:544 http://192.168.7.189:8080 "PUT /api/v2/default_personal/item/975b03d2-a943-43a0-9b1b-6095fae4e363 HTTP/1.1" 200 None
DEBUG    reportportal_client.client:client.py:690 finish_test_item - ID: 975b03d2-a943-43a0-9b1b-6095fae4e363
DEBUG    reportportal_client.client:client.py:691 response message: Accepted finish request for test item ID = 975b03d2-a943-43a0-9b1b-6095fae4e363
DEBUG    pytest_reportportal.service:service.py:765 ReportPortal - Finish TestItem: request_body={'attributes': [{'value': 'media_room_func'}, {'value': 'media_room'}, {'value': 'bubble'}], 'end_time': '1742549072647', 'status': 'PASSED', 'issue': None, 'item_id': '408b4bf6-e47b-4370-8dcd-f3d8e9035026'}
DEBUG    urllib3.connectionpool:connectionpool.py:544 http://192.168.7.189:8080 "PUT /api/v2/default_personal/item/408b4bf6-e47b-4370-8dcd-f3d8e9035026 HTTP/1.1" 200 None
DEBUG    reportportal_client.client:client.py:690 finish_test_item - ID: 408b4bf6-e47b-4370-8dcd-f3d8e9035026
DEBUG    reportportal_client.client:client.py:691 response message: Accepted finish request for test item ID = 408b4bf6-e47b-4370-8dcd-f3d8e9035026
DEBUG    pytest_reportportal.service:service.py:695 ReportPortal - Start TestItem: request_body={'attributes': [{'value': 'media_room_func'}, {'value': 'stock_media'}, {'value': 'media_room'}], 'name': '[test_media_room_func_2_7] Check [Stock Media] button shows', 'description': '1. Check [Stock Media] button shows', 'start_time': '1742549072658', 'item_type': 'STEP', 'code_ref': 'test_BFT_PDR23_stage1_reportportal.py:Test_BFT_365_OS14.test_media_room_func_2_7', 'parameters': None, 'parent_item_id': None, 'test_case_id': 'test_BFT_PDR23_stage1_reportportal.py:Test_BFT_365_OS14.test_media_room_func_2_7'}
DEBUG    urllib3.connectionpool:connectionpool.py:544 http://192.168.7.189:8080 "POST /api/v2/default_personal/item HTTP/1.1" 201 None
DEBUG    reportportal_client.client:client.py:635 start_test_item - ID: 55c698d9-07b9-4f6b-bbed-eeb12a003ca6
DEBUG    my_package:__init__.py:122 [STEP]: [Initial] Check dependency test result
DEBUG    urllib3.connectionpool:connectionpool.py:544 http://192.168.7.189:8080 "POST /api/v2/default_personal/item/55c698d9-07b9-4f6b-bbed-eeb12a003ca6 HTTP/1.1" 201 None
DEBUG    reportportal_client.client:client.py:635 start_test_item - ID: d28f8169-c435-4900-a81c-d1445e7ee3b4
DEBUG    urllib3.connectionpool:connectionpool.py:544 http://192.168.7.189:8080 "PUT /api/v2/default_personal/item/d28f8169-c435-4900-a81c-d1445e7ee3b4 HTTP/1.1" 200 None
DEBUG    reportportal_client.client:client.py:690 finish_test_item - ID: d28f8169-c435-4900-a81c-d1445e7ee3b4
DEBUG    reportportal_client.client:client.py:691 response message: Accepted finish request for test item ID = d28f8169-c435-4900-a81c-d1445e7ee3b4
DEBUG    my_package:__init__.py:122 [STEP]: [Verify] Check [Stock Media] button shows
DEBUG    urllib3.connectionpool:connectionpool.py:544 http://192.168.7.189:8080 "POST /api/v2/default_personal/item/55c698d9-07b9-4f6b-bbed-eeb12a003ca6 HTTP/1.1" 201 None
DEBUG    reportportal_client.client:client.py:635 start_test_item - ID: c4a94827-a0c5-4ff1-bee1-50df89874465
DEBUG    urllib3.connectionpool:connectionpool.py:544 http://192.168.7.189:8080 "PUT /api/v2/default_personal/item/c4a94827-a0c5-4ff1-bee1-50df89874465 HTTP/1.1" 200 None
DEBUG    reportportal_client.client:client.py:690 finish_test_item - ID: c4a94827-a0c5-4ff1-bee1-50df89874465
DEBUG    reportportal_client.client:client.py:691 response message: Accepted finish request for test item ID = c4a94827-a0c5-4ff1-bee1-50df89874465
DEBUG    pytest_reportportal.service:service.py:765 ReportPortal - Finish TestItem: request_body={'attributes': [{'value': 'media_room_func'}, {'value': 'stock_media'}, {'value': 'media_room'}], 'end_time': '1742549076754', 'status': 'PASSED', 'issue': None, 'item_id': '55c698d9-07b9-4f6b-bbed-eeb12a003ca6'}
DEBUG    urllib3.connectionpool:connectionpool.py:544 http://192.168.7.189:8080 "PUT /api/v2/default_personal/item/55c698d9-07b9-4f6b-bbed-eeb12a003ca6 HTTP/1.1" 200 None
DEBUG    reportportal_client.client:client.py:690 finish_test_item - ID: 55c698d9-07b9-4f6b-bbed-eeb12a003ca6
DEBUG    reportportal_client.client:client.py:691 response message: Accepted finish request for test item ID = 55c698d9-07b9-4f6b-bbed-eeb12a003ca6
DEBUG    pytest_reportportal.service:service.py:695 ReportPortal - Start TestItem: request_body={'attributes': [{'value': 'media_room_func'}, {'value': 'timeline'}, {'value': 'bubble'}, {'value': 'media_room'}, {'value': 'pip_designer'}], 'name': '[test_media_room_func_2_8] Check Cutout bubble content is correct', 'description': '1. Set time code\n2. Import media to timeline\n3. Enter pip designer by double click video\n4. Check Cutout bubble content is correct', 'start_time': '1742549076766', 'item_type': 'STEP', 'code_ref': 'test_BFT_PDR23_stage1_reportportal.py:Test_BFT_365_OS14.test_media_room_func_2_8', 'parameters': None, 'parent_item_id': None, 'test_case_id': 'test_BFT_PDR23_stage1_reportportal.py:Test_BFT_365_OS14.test_media_room_func_2_8'}
DEBUG    urllib3.connectionpool:connectionpool.py:544 http://192.168.7.189:8080 "POST /api/v2/default_personal/item HTTP/1.1" 201 None
DEBUG    reportportal_client.client:client.py:635 start_test_item - ID: 809d279f-7e0f-4efc-a44b-d22c9fba8f54
DEBUG    my_package:__init__.py:122 [STEP]: [Initial] Check dependency test result
DEBUG    urllib3.connectionpool:connectionpool.py:544 http://192.168.7.189:8080 "POST /api/v2/default_personal/item/809d279f-7e0f-4efc-a44b-d22c9fba8f54 HTTP/1.1" 201 None
DEBUG    reportportal_client.client:client.py:635 start_test_item - ID: 75e170c0-c409-426a-b7a2-25016a52e402
DEBUG    urllib3.connectionpool:connectionpool.py:544 http://192.168.7.189:8080 "PUT /api/v2/default_personal/item/75e170c0-c409-426a-b7a2-25016a52e402 HTTP/1.1" 200 None
DEBUG    reportportal_client.client:client.py:690 finish_test_item - ID: 75e170c0-c409-426a-b7a2-25016a52e402
DEBUG    reportportal_client.client:client.py:691 response message: Accepted finish request for test item ID = 75e170c0-c409-426a-b7a2-25016a52e402
DEBUG    my_package:__init__.py:122 [STEP]: [Action][Main_page] Set timeline timecode
DEBUG    urllib3.connectionpool:connectionpool.py:544 http://192.168.7.189:8080 "POST /api/v2/default_personal/item/809d279f-7e0f-4efc-a44b-d22c9fba8f54 HTTP/1.1" 201 None
DEBUG    reportportal_client.client:client.py:635 start_test_item - ID: e26c8fe3-3bce-4d99-8093-2de6fb5c3a61
DEBUG    my_package:__init__.py:122 [STEP]: [Action][Main_page] Set Timecode
DEBUG    urllib3.connectionpool:connectionpool.py:544 http://192.168.7.189:8080 "POST /api/v2/default_personal/item/e26c8fe3-3bce-4d99-8093-2de6fb5c3a61 HTTP/1.1" 201 None
DEBUG    reportportal_client.client:client.py:635 start_test_item - ID: c7477f93-847a-4769-b29b-15908c080768
DEBUG    urllib3.connectionpool:connectionpool.py:544 http://192.168.7.189:8080 "POST /api/v2/default_personal/log HTTP/1.1" 201 None
DEBUG    ATFramework:log.py:80  set_time_code - Input duration='00_00_06_00'
DEBUG    urllib3.connectionpool:connectionpool.py:544 http://192.168.7.189:8080 "PUT /api/v2/default_personal/item/c7477f93-847a-4769-b29b-15908c080768 HTTP/1.1" 200 None
DEBUG    reportportal_client.client:client.py:690 finish_test_item - ID: c7477f93-847a-4769-b29b-15908c080768
DEBUG    reportportal_client.client:client.py:691 response message: Accepted finish request for test item ID = c7477f93-847a-4769-b29b-15908c080768
DEBUG    urllib3.connectionpool:connectionpool.py:544 http://192.168.7.189:8080 "PUT /api/v2/default_personal/item/e26c8fe3-3bce-4d99-8093-2de6fb5c3a61 HTTP/1.1" 200 None
DEBUG    reportportal_client.client:client.py:690 finish_test_item - ID: e26c8fe3-3bce-4d99-8093-2de6fb5c3a61
DEBUG    reportportal_client.client:client.py:691 response message: Accepted finish request for test item ID = e26c8fe3-3bce-4d99-8093-2de6fb5c3a61
DEBUG    my_package:__init__.py:122 [STEP]: [Action][Main_page] Select media by library icon view
DEBUG    urllib3.connectionpool:connectionpool.py:544 http://192.168.7.189:8080 "POST /api/v2/default_personal/item/809d279f-7e0f-4efc-a44b-d22c9fba8f54 HTTP/1.1" 201 None
DEBUG    reportportal_client.client:client.py:635 start_test_item - ID: 295c91c2-9f1a-4faa-9cd3-99dfb2714508
DEBUG    urllib3.connectionpool:connectionpool.py:544 http://192.168.7.189:8080 "PUT /api/v2/default_personal/item/295c91c2-9f1a-4faa-9cd3-99dfb2714508 HTTP/1.1" 200 None
DEBUG    reportportal_client.client:client.py:690 finish_test_item - ID: 295c91c2-9f1a-4faa-9cd3-99dfb2714508
DEBUG    reportportal_client.client:client.py:691 response message: Accepted finish request for test item ID = 295c91c2-9f1a-4faa-9cd3-99dfb2714508
DEBUG    my_package:__init__.py:122 [STEP]: [Action][Main_page] Insert media to selected track
DEBUG    urllib3.connectionpool:connectionpool.py:544 http://192.168.7.189:8080 "POST /api/v2/default_personal/item/809d279f-7e0f-4efc-a44b-d22c9fba8f54 HTTP/1.1" 201 None
DEBUG    reportportal_client.client:client.py:635 start_test_item - ID: b7b12069-8888-4a47-a568-460065eefd7e
DEBUG    urllib3.connectionpool:connectionpool.py:544 http://192.168.7.189:8080 "PUT /api/v2/default_personal/item/b7b12069-8888-4a47-a568-460065eefd7e HTTP/1.1" 200 None
DEBUG    reportportal_client.client:client.py:690 finish_test_item - ID: b7b12069-8888-4a47-a568-460065eefd7e
DEBUG    reportportal_client.client:client.py:691 response message: Accepted finish request for test item ID = b7b12069-8888-4a47-a568-460065eefd7e
DEBUG    my_package:__init__.py:122 [STEP]: [Action][Timeline] Select a clip on timeline
DEBUG    urllib3.connectionpool:connectionpool.py:544 http://192.168.7.189:8080 "POST /api/v2/default_personal/item/809d279f-7e0f-4efc-a44b-d22c9fba8f54 HTTP/1.1" 201 None
DEBUG    reportportal_client.client:client.py:635 start_test_item - ID: 55b9592f-cfb1-4596-836e-99c3ae4e2820
DEBUG    urllib3.connectionpool:connectionpool.py:544 http://192.168.7.189:8080 "PUT /api/v2/default_personal/item/55b9592f-cfb1-4596-836e-99c3ae4e2820 HTTP/1.1" 200 None
DEBUG    reportportal_client.client:client.py:690 finish_test_item - ID: 55b9592f-cfb1-4596-836e-99c3ae4e2820
DEBUG    reportportal_client.client:client.py:691 response message: Accepted finish request for test item ID = 55b9592f-cfb1-4596-836e-99c3ae4e2820
DEBUG    my_package:__init__.py:122 [STEP]: [Action] Double click video to enter pip designer
DEBUG    urllib3.connectionpool:connectionpool.py:544 http://192.168.7.189:8080 "POST /api/v2/default_personal/item/809d279f-7e0f-4efc-a44b-d22c9fba8f54 HTTP/1.1" 201 None
DEBUG    reportportal_client.client:client.py:635 start_test_item - ID: 89423a95-f1e9-4289-a0ac-d52155cd517a
DEBUG    my_package:__init__.py:122 [STEP]: [Action][Base_page] Double click
DEBUG    urllib3.connectionpool:connectionpool.py:544 http://192.168.7.189:8080 "POST /api/v2/default_personal/item/89423a95-f1e9-4289-a0ac-d52155cd517a HTTP/1.1" 201 None
DEBUG    reportportal_client.client:client.py:635 start_test_item - ID: 5af85b90-3419-4475-81b5-db569e16c0d4
DEBUG    urllib3.connectionpool:connectionpool.py:544 http://192.168.7.189:8080 "PUT /api/v2/default_personal/item/5af85b90-3419-4475-81b5-db569e16c0d4 HTTP/1.1" 200 None
DEBUG    reportportal_client.client:client.py:690 finish_test_item - ID: 5af85b90-3419-4475-81b5-db569e16c0d4
DEBUG    reportportal_client.client:client.py:691 response message: Accepted finish request for test item ID = 5af85b90-3419-4475-81b5-db569e16c0d4
DEBUG    urllib3.connectionpool:connectionpool.py:544 http://192.168.7.189:8080 "PUT /api/v2/default_personal/item/89423a95-f1e9-4289-a0ac-d52155cd517a HTTP/1.1" 200 None
DEBUG    reportportal_client.client:client.py:690 finish_test_item - ID: 89423a95-f1e9-4289-a0ac-d52155cd517a
DEBUG    reportportal_client.client:client.py:691 response message: Accepted finish request for test item ID = 89423a95-f1e9-4289-a0ac-d52155cd517a
DEBUG    my_package:__init__.py:122 [STEP]: [Action] Base_page: Snapshot
DEBUG    urllib3.connectionpool:connectionpool.py:544 http://192.168.7.189:8080 "POST /api/v2/default_personal/item/809d279f-7e0f-4efc-a44b-d22c9fba8f54 HTTP/1.1" 201 None
DEBUG    reportportal_client.client:client.py:635 start_test_item - ID: b03318ee-094e-4c55-9661-f786e1736171
DEBUG    urllib3.connectionpool:connectionpool.py:544 http://192.168.7.189:8080 "PUT /api/v2/default_personal/item/b03318ee-094e-4c55-9661-f786e1736171 HTTP/1.1" 200 None
DEBUG    reportportal_client.client:client.py:690 finish_test_item - ID: b03318ee-094e-4c55-9661-f786e1736171
DEBUG    reportportal_client.client:client.py:691 response message: Accepted finish request for test item ID = b03318ee-094e-4c55-9661-f786e1736171
DEBUG    my_package:__init__.py:122 [STEP]: [Action] Base_page: Compare Images
DEBUG    urllib3.connectionpool:connectionpool.py:544 http://192.168.7.189:8080 "POST /api/v2/default_personal/item/809d279f-7e0f-4efc-a44b-d22c9fba8f54 HTTP/1.1" 201 None
DEBUG    reportportal_client.client:client.py:635 start_test_item - ID: f0d039af-6994-4dd8-a878-bad35ecc223a
DEBUG    ATFramework:log.py:80  source_path='/Users/qadf_at/Desktop/AT/GroundTruth/ground_truth/BFT_21_Stage1/L407.png'
target_path='/Users/qadf_at/Desktop/AT/GroundTruth/auto_ground_truth/BFT_21_Stage1/L407.png'
similarity=0.85
DEBUG    ATFramework:log.py:80  Result similarity = 0.8655822277069092
DEBUG    urllib3.connectionpool:connectionpool.py:544 http://192.168.7.189:8080 "PUT /api/v2/default_personal/item/f0d039af-6994-4dd8-a878-bad35ecc223a HTTP/1.1" 200 None
DEBUG    reportportal_client.client:client.py:690 finish_test_item - ID: f0d039af-6994-4dd8-a878-bad35ecc223a
DEBUG    reportportal_client.client:client.py:691 response message: Accepted finish request for test item ID = f0d039af-6994-4dd8-a878-bad35ecc223a
DEBUG    pytest_reportportal.service:service.py:765 ReportPortal - Finish TestItem: request_body={'attributes': [{'value': 'media_room_func'}, {'value': 'timeline'}, {'value': 'bubble'}, {'value': 'media_room'}, {'value': 'pip_designer'}], 'end_time': '1742549094422', 'status': 'PASSED', 'issue': None, 'item_id': '809d279f-7e0f-4efc-a44b-d22c9fba8f54'}
DEBUG    urllib3.connectionpool:connectionpool.py:544 http://192.168.7.189:8080 "PUT /api/v2/default_personal/item/809d279f-7e0f-4efc-a44b-d22c9fba8f54 HTTP/1.1" 200 None
DEBUG    reportportal_client.client:client.py:690 finish_test_item - ID: 809d279f-7e0f-4efc-a44b-d22c9fba8f54
DEBUG    reportportal_client.client:client.py:691 response message: Accepted finish request for test item ID = 809d279f-7e0f-4efc-a44b-d22c9fba8f54
DEBUG    pytest_reportportal.service:service.py:695 ReportPortal - Start TestItem: request_body={'attributes': [{'value': 'media_room_func'}, {'value': 'pip_designer'}, {'value': 'bubble'}], 'name': '[test_media_room_func_2_9] Check Cutout bubble is closed after clicking properties', 'description': '1. Click properties\n2. Check bubble is closed', 'start_time': '1742549094434', 'item_type': 'STEP', 'code_ref': 'test_BFT_PDR23_stage1_reportportal.py:Test_BFT_365_OS14.test_media_room_func_2_9', 'parameters': None, 'parent_item_id': None, 'test_case_id': 'test_BFT_PDR23_stage1_reportportal.py:Test_BFT_365_OS14.test_media_room_func_2_9'}
DEBUG    urllib3.connectionpool:connectionpool.py:544 http://192.168.7.189:8080 "POST /api/v2/default_personal/item HTTP/1.1" 201 None
DEBUG    reportportal_client.client:client.py:635 start_test_item - ID: 106e16a2-57e3-4244-ab3e-2434232c4fb3
DEBUG    my_package:__init__.py:122 [STEP]: [Initial] Check dependency test result
DEBUG    urllib3.connectionpool:connectionpool.py:544 http://192.168.7.189:8080 "POST /api/v2/default_personal/item/106e16a2-57e3-4244-ab3e-2434232c4fb3 HTTP/1.1" 201 None
DEBUG    reportportal_client.client:client.py:635 start_test_item - ID: 780229d9-68ac-4bdd-a77b-2dbe39a2538d
DEBUG    urllib3.connectionpool:connectionpool.py:544 http://192.168.7.189:8080 "PUT /api/v2/default_personal/item/780229d9-68ac-4bdd-a77b-2dbe39a2538d HTTP/1.1" 200 None
DEBUG    reportportal_client.client:client.py:690 finish_test_item - ID: 780229d9-68ac-4bdd-a77b-2dbe39a2538d
DEBUG    reportportal_client.client:client.py:691 response message: Accepted finish request for test item ID = 780229d9-68ac-4bdd-a77b-2dbe39a2538d
DEBUG    my_package:__init__.py:122 [STEP]: [Action] Ckick properties to close bubble
DEBUG    urllib3.connectionpool:connectionpool.py:544 http://192.168.7.189:8080 "POST /api/v2/default_personal/item/106e16a2-57e3-4244-ab3e-2434232c4fb3 HTTP/1.1" 201 None
DEBUG    reportportal_client.client:client.py:635 start_test_item - ID: acf15c1f-9aa2-4bcc-8490-adb0eb4cd9fd
DEBUG    urllib3.connectionpool:connectionpool.py:544 http://192.168.7.189:8080 "PUT /api/v2/default_personal/item/acf15c1f-9aa2-4bcc-8490-adb0eb4cd9fd HTTP/1.1" 200 None
DEBUG    reportportal_client.client:client.py:690 finish_test_item - ID: acf15c1f-9aa2-4bcc-8490-adb0eb4cd9fd
DEBUG    reportportal_client.client:client.py:691 response message: Accepted finish request for test item ID = acf15c1f-9aa2-4bcc-8490-adb0eb4cd9fd
DEBUG    my_package:__init__.py:122 [STEP]: [Verify] Check bubble is closed after clicking properties
DEBUG    urllib3.connectionpool:connectionpool.py:544 http://192.168.7.189:8080 "POST /api/v2/default_personal/log HTTP/1.1" 201 None
DEBUG    urllib3.connectionpool:connectionpool.py:544 http://192.168.7.189:8080 "POST /api/v2/default_personal/item/106e16a2-57e3-4244-ab3e-2434232c4fb3 HTTP/1.1" 201 None
DEBUG    reportportal_client.client:client.py:635 start_test_item - ID: 7127366a-aa45-46bd-bb0f-268282bc296a
DEBUG    urllib3.connectionpool:connectionpool.py:544 http://192.168.7.189:8080 "PUT /api/v2/default_personal/item/7127366a-aa45-46bd-bb0f-268282bc296a HTTP/1.1" 200 None
DEBUG    reportportal_client.client:client.py:690 finish_test_item - ID: 7127366a-aa45-46bd-bb0f-268282bc296a
DEBUG    reportportal_client.client:client.py:691 response message: Accepted finish request for test item ID = 7127366a-aa45-46bd-bb0f-268282bc296a
DEBUG    pytest_reportportal.service:service.py:765 ReportPortal - Finish TestItem: request_body={'attributes': [{'value': 'media_room_func'}, {'value': 'pip_designer'}, {'value': 'bubble'}], 'end_time': '1742549106686', 'status': 'PASSED', 'issue': None, 'item_id': '106e16a2-57e3-4244-ab3e-2434232c4fb3'}
DEBUG    urllib3.connectionpool:connectionpool.py:544 http://192.168.7.189:8080 "PUT /api/v2/default_personal/item/106e16a2-57e3-4244-ab3e-2434232c4fb3 HTTP/1.1" 200 None
DEBUG    reportportal_client.client:client.py:690 finish_test_item - ID: 106e16a2-57e3-4244-ab3e-2434232c4fb3
DEBUG    reportportal_client.client:client.py:691 response message: Accepted finish request for test item ID = 106e16a2-57e3-4244-ab3e-2434232c4fb3
DEBUG    pytest_reportportal.service:service.py:695 ReportPortal - Start TestItem: request_body={'attributes': [{'value': 'media_room_func'}, {'value': 'auto_cutout'}, {'value': 'pip_designer'}], 'name': '[test_media_room_func_2_10] Check Cutout button and close pip designer', 'description': '1. Check if cutout button is shown\n2. Close pip designer', 'start_time': '1742549106762', 'item_type': 'STEP', 'code_ref': 'test_BFT_PDR23_stage1_reportportal.py:Test_BFT_365_OS14.test_media_room_func_2_10', 'parameters': None, 'parent_item_id': None, 'test_case_id': 'test_BFT_PDR23_stage1_reportportal.py:Test_BFT_365_OS14.test_media_room_func_2_10'}
DEBUG    urllib3.connectionpool:connectionpool.py:544 http://192.168.7.189:8080 "POST /api/v2/default_personal/item HTTP/1.1" 201 None
DEBUG    reportportal_client.client:client.py:635 start_test_item - ID: 4c238275-5491-4874-a08e-f156bdc7a3e4
DEBUG    my_package:__init__.py:122 [STEP]: [Initial] Check dependency test result
DEBUG    urllib3.connectionpool:connectionpool.py:544 http://192.168.7.189:8080 "POST /api/v2/default_personal/item/4c238275-5491-4874-a08e-f156bdc7a3e4 HTTP/1.1" 201 None
DEBUG    reportportal_client.client:client.py:635 start_test_item - ID: 07231653-a6e0-4c65-bd6d-d622748920de
DEBUG    urllib3.connectionpool:connectionpool.py:544 http://192.168.7.189:8080 "PUT /api/v2/default_personal/item/07231653-a6e0-4c65-bd6d-d622748920de HTTP/1.1" 200 None
DEBUG    reportportal_client.client:client.py:690 finish_test_item - ID: 07231653-a6e0-4c65-bd6d-d622748920de
DEBUG    reportportal_client.client:client.py:691 response message: Accepted finish request for test item ID = 07231653-a6e0-4c65-bd6d-d622748920de
DEBUG    my_package:__init__.py:122 [STEP]: [Verify] Check if cutout button is shown
DEBUG    urllib3.connectionpool:connectionpool.py:544 http://192.168.7.189:8080 "POST /api/v2/default_personal/item/4c238275-5491-4874-a08e-f156bdc7a3e4 HTTP/1.1" 201 None
DEBUG    reportportal_client.client:client.py:635 start_test_item - ID: db8c83f3-e74e-483e-aa11-7d8543028a61
DEBUG    my_package:__init__.py:122 [STEP]: [Action] Click OK button on pip designer window
DEBUG    urllib3.connectionpool:connectionpool.py:544 http://192.168.7.189:8080 "POST /api/v2/default_personal/item/db8c83f3-e74e-483e-aa11-7d8543028a61 HTTP/1.1" 201 None
DEBUG    reportportal_client.client:client.py:635 start_test_item - ID: b500d90b-20c9-45ce-88f8-5163d11f5dc6
DEBUG    urllib3.connectionpool:connectionpool.py:544 http://192.168.7.189:8080 "PUT /api/v2/default_personal/item/b500d90b-20c9-45ce-88f8-5163d11f5dc6 HTTP/1.1" 200 None
DEBUG    reportportal_client.client:client.py:690 finish_test_item - ID: b500d90b-20c9-45ce-88f8-5163d11f5dc6
DEBUG    reportportal_client.client:client.py:691 response message: Accepted finish request for test item ID = b500d90b-20c9-45ce-88f8-5163d11f5dc6
DEBUG    urllib3.connectionpool:connectionpool.py:544 http://192.168.7.189:8080 "PUT /api/v2/default_personal/item/db8c83f3-e74e-483e-aa11-7d8543028a61 HTTP/1.1" 200 None
DEBUG    reportportal_client.client:client.py:690 finish_test_item - ID: db8c83f3-e74e-483e-aa11-7d8543028a61
DEBUG    reportportal_client.client:client.py:691 response message: Accepted finish request for test item ID = db8c83f3-e74e-483e-aa11-7d8543028a61
DEBUG    pytest_reportportal.service:service.py:765 ReportPortal - Finish TestItem: request_body={'attributes': [{'value': 'media_room_func'}, {'value': 'auto_cutout'}, {'value': 'pip_designer'}], 'end_time': '1742549112407', 'status': 'PASSED', 'issue': None, 'item_id': '4c238275-5491-4874-a08e-f156bdc7a3e4'}
DEBUG    urllib3.connectionpool:connectionpool.py:544 http://192.168.7.189:8080 "PUT /api/v2/default_personal/item/4c238275-5491-4874-a08e-f156bdc7a3e4 HTTP/1.1" 200 None
DEBUG    reportportal_client.client:client.py:690 finish_test_item - ID: 4c238275-5491-4874-a08e-f156bdc7a3e4
DEBUG    reportportal_client.client:client.py:691 response message: Accepted finish request for test item ID = 4c238275-5491-4874-a08e-f156bdc7a3e4
DEBUG    pytest_reportportal.service:service.py:695 ReportPortal - Start TestItem: request_body={'attributes': [{'value': 'content_pack'}, {'value': 'media_room_func'}, {'value': 'timeline'}, {'value': 'pip_object'}, {'value': 'media_room'}, {'value': 'pip_designer'}], 'name': '[test_media_room_func_2_11] Add Sticker to timeline by R-click menu and unfold chroma key in pip designer', 'description': '1. Select timeline track2\n2. Enter pip designer\n3. Select template (search library: Winter 01)\n4. Add Sticker to timeline by R-click menu\n5. Select sticker on timeline\n6. Double click sticker to enter pip designer\n7. Unfold chroma key\n8. Check unfold chroma key tab correctly\n9. Fold chroma key', 'start_time': '1742549112487', 'item_type': 'STEP', 'code_ref': 'test_BFT_PDR23_stage1_reportportal.py:Test_BFT_365_OS14.test_media_room_func_2_11', 'parameters': None, 'parent_item_id': None, 'test_case_id': 'test_BFT_PDR23_stage1_reportportal.py:Test_BFT_365_OS14.test_media_room_func_2_11'}
DEBUG    urllib3.connectionpool:connectionpool.py:544 http://192.168.7.189:8080 "POST /api/v2/default_personal/item HTTP/1.1" 201 None
DEBUG    reportportal_client.client:client.py:635 start_test_item - ID: 272ca49e-dbfe-4146-901b-b16c59314569
DEBUG    my_package:__init__.py:122 [STEP]: [Initial] Check dependency test result
DEBUG    urllib3.connectionpool:connectionpool.py:544 http://192.168.7.189:8080 "POST /api/v2/default_personal/item/272ca49e-dbfe-4146-901b-b16c59314569 HTTP/1.1" 201 None
DEBUG    reportportal_client.client:client.py:635 start_test_item - ID: c83affe2-39d1-4bc2-9434-023163b7f21f
DEBUG    urllib3.connectionpool:connectionpool.py:544 http://192.168.7.189:8080 "PUT /api/v2/default_personal/item/c83affe2-39d1-4bc2-9434-023163b7f21f HTTP/1.1" 200 None
DEBUG    reportportal_client.client:client.py:690 finish_test_item - ID: c83affe2-39d1-4bc2-9434-023163b7f21f
DEBUG    reportportal_client.client:client.py:691 response message: Accepted finish request for test item ID = c83affe2-39d1-4bc2-9434-023163b7f21f
DEBUG    my_package:__init__.py:122 [STEP]: [Action][Main_page] select target track on timeline
DEBUG    urllib3.connectionpool:connectionpool.py:544 http://192.168.7.189:8080 "POST /api/v2/default_personal/item/272ca49e-dbfe-4146-901b-b16c59314569 HTTP/1.1" 201 None
DEBUG    reportportal_client.client:client.py:635 start_test_item - ID: 876a4675-4e00-418a-af05-ff28f73755d9
DEBUG    urllib3.connectionpool:connectionpool.py:544 http://192.168.7.189:8080 "PUT /api/v2/default_personal/item/876a4675-4e00-418a-af05-ff28f73755d9 HTTP/1.1" 200 None
DEBUG    reportportal_client.client:client.py:690 finish_test_item - ID: 876a4675-4e00-418a-af05-ff28f73755d9
DEBUG    reportportal_client.client:client.py:691 response message: Accepted finish request for test item ID = 876a4675-4e00-418a-af05-ff28f73755d9
DEBUG    my_package:__init__.py:122 [STEP]: [Action][Main_page] Enter Room
DEBUG    urllib3.connectionpool:connectionpool.py:544 http://192.168.7.189:8080 "POST /api/v2/default_personal/item/272ca49e-dbfe-4146-901b-b16c59314569 HTTP/1.1" 201 None
DEBUG    reportportal_client.client:client.py:635 start_test_item - ID: 533bfaa7-da2e-4eac-a006-dbbefd0dd03a
DEBUG    ATFramework:log.py:80  Trying to enter pip room
DEBUG    my_package:__init__.py:122 [STEP]: [Action] Base_page: Snapshot
DEBUG    urllib3.connectionpool:connectionpool.py:544 http://192.168.7.189:8080 "POST /api/v2/default_personal/item/533bfaa7-da2e-4eac-a006-dbbefd0dd03a HTTP/1.1" 201 None
DEBUG    reportportal_client.client:client.py:635 start_test_item - ID: 735498b1-d59e-4080-8e85-4fda13088bbc
DEBUG    urllib3.connectionpool:connectionpool.py:544 http://192.168.7.189:8080 "PUT /api/v2/default_personal/item/735498b1-d59e-4080-8e85-4fda13088bbc HTTP/1.1" 200 None
DEBUG    reportportal_client.client:client.py:690 finish_test_item - ID: 735498b1-d59e-4080-8e85-4fda13088bbc
DEBUG    reportportal_client.client:client.py:691 response message: Accepted finish request for test item ID = 735498b1-d59e-4080-8e85-4fda13088bbc
DEBUG    my_package:__init__.py:122 [STEP]: [Action] Base_page: Snapshot
DEBUG    urllib3.connectionpool:connectionpool.py:544 http://192.168.7.189:8080 "POST /api/v2/default_personal/item/533bfaa7-da2e-4eac-a006-dbbefd0dd03a HTTP/1.1" 201 None
DEBUG    reportportal_client.client:client.py:635 start_test_item - ID: 07b5b51b-1990-40df-bddf-4e6f1f1b4df9
DEBUG    urllib3.connectionpool:connectionpool.py:544 http://192.168.7.189:8080 "PUT /api/v2/default_personal/item/07b5b51b-1990-40df-bddf-4e6f1f1b4df9 HTTP/1.1" 200 None
DEBUG    reportportal_client.client:client.py:690 finish_test_item - ID: 07b5b51b-1990-40df-bddf-4e6f1f1b4df9
DEBUG    reportportal_client.client:client.py:691 response message: Accepted finish request for test item ID = 07b5b51b-1990-40df-bddf-4e6f1f1b4df9
DEBUG    my_package:__init__.py:122 [STEP]: [Action] Base_page: Compare Images
DEBUG    urllib3.connectionpool:connectionpool.py:544 http://192.168.7.189:8080 "POST /api/v2/default_personal/item/533bfaa7-da2e-4eac-a006-dbbefd0dd03a HTTP/1.1" 201 None
DEBUG    reportportal_client.client:client.py:635 start_test_item - ID: e9f5b16d-6441-47dd-abd7-8c82b2c04dbb
DEBUG    ATFramework:log.py:80  source_path='/var/folders/yh/gry3198j28v1cbcqgwd35c680000gn/T/mac_driver/a540e8e4-9b97-4c5d-af56-f7b0725c043e.png'
target_path='/var/folders/yh/gry3198j28v1cbcqgwd35c680000gn/T/mac_driver/4d4e4e0f-865d-44d5-b43d-37c53c566363.png'
similarity=0.95
DEBUG    ATFramework:log.py:80  Result similarity = 0.6448522955179214
DEBUG    urllib3.connectionpool:connectionpool.py:544 http://192.168.7.189:8080 "POST /api/v2/default_personal/log HTTP/1.1" 201 None
DEBUG    urllib3.connectionpool:connectionpool.py:544 http://192.168.7.189:8080 "PUT /api/v2/default_personal/item/e9f5b16d-6441-47dd-abd7-8c82b2c04dbb HTTP/1.1" 200 None
DEBUG    reportportal_client.client:client.py:690 finish_test_item - ID: e9f5b16d-6441-47dd-abd7-8c82b2c04dbb
DEBUG    reportportal_client.client:client.py:691 response message: Accepted finish request for test item ID = e9f5b16d-6441-47dd-abd7-8c82b2c04dbb
DEBUG    urllib3.connectionpool:connectionpool.py:544 http://192.168.7.189:8080 "PUT /api/v2/default_personal/item/533bfaa7-da2e-4eac-a006-dbbefd0dd03a HTTP/1.1" 200 None
DEBUG    reportportal_client.client:client.py:690 finish_test_item - ID: 533bfaa7-da2e-4eac-a006-dbbefd0dd03a
DEBUG    reportportal_client.client:client.py:691 response message: Accepted finish request for test item ID = 533bfaa7-da2e-4eac-a006-dbbefd0dd03a
DEBUG    my_package:__init__.py:122 [STEP]: [Action][Media Room] Search library for (content name)
DEBUG    urllib3.connectionpool:connectionpool.py:544 http://192.168.7.189:8080 "POST /api/v2/default_personal/item/272ca49e-dbfe-4146-901b-b16c59314569 HTTP/1.1" 201 None
DEBUG    reportportal_client.client:client.py:635 start_test_item - ID: cdd1c25a-c380-4f90-a486-da11117785ae
DEBUG    my_package:__init__.py:122 [STEP]: [Action] Base_page: Snapshot
DEBUG    urllib3.connectionpool:connectionpool.py:544 http://192.168.7.189:8080 "POST /api/v2/default_personal/item/cdd1c25a-c380-4f90-a486-da11117785ae HTTP/1.1" 201 None
DEBUG    reportportal_client.client:client.py:635 start_test_item - ID: b6a327f6-de34-4a4b-a065-bee40dc0f4b6
DEBUG    urllib3.connectionpool:connectionpool.py:544 http://192.168.7.189:8080 "PUT /api/v2/default_personal/item/b6a327f6-de34-4a4b-a065-bee40dc0f4b6 HTTP/1.1" 200 None
DEBUG    reportportal_client.client:client.py:690 finish_test_item - ID: b6a327f6-de34-4a4b-a065-bee40dc0f4b6
DEBUG    reportportal_client.client:client.py:691 response message: Accepted finish request for test item ID = b6a327f6-de34-4a4b-a065-bee40dc0f4b6
DEBUG    my_package:__init__.py:122 [STEP]: [Action][Base_page] Press [Enter] key
DEBUG    urllib3.connectionpool:connectionpool.py:544 http://192.168.7.189:8080 "POST /api/v2/default_personal/item/cdd1c25a-c380-4f90-a486-da11117785ae HTTP/1.1" 201 None
DEBUG    reportportal_client.client:client.py:635 start_test_item - ID: 1a52d92a-c4e1-45c5-84a1-87d458895506
DEBUG    urllib3.connectionpool:connectionpool.py:544 http://192.168.7.189:8080 "PUT /api/v2/default_personal/item/1a52d92a-c4e1-45c5-84a1-87d458895506 HTTP/1.1" 200 None
DEBUG    reportportal_client.client:client.py:690 finish_test_item - ID: 1a52d92a-c4e1-45c5-84a1-87d458895506
DEBUG    reportportal_client.client:client.py:691 response message: Accepted finish request for test item ID = 1a52d92a-c4e1-45c5-84a1-87d458895506
DEBUG    my_package:__init__.py:122 [STEP]: [Action] Base_page: Snapshot
DEBUG    urllib3.connectionpool:connectionpool.py:544 http://192.168.7.189:8080 "POST /api/v2/default_personal/item/cdd1c25a-c380-4f90-a486-da11117785ae HTTP/1.1" 201 None
DEBUG    reportportal_client.client:client.py:635 start_test_item - ID: d4d4d5a9-8559-4135-b496-6f1a16977e00
DEBUG    urllib3.connectionpool:connectionpool.py:544 http://192.168.7.189:8080 "PUT /api/v2/default_personal/item/d4d4d5a9-8559-4135-b496-6f1a16977e00 HTTP/1.1" 200 None
DEBUG    reportportal_client.client:client.py:690 finish_test_item - ID: d4d4d5a9-8559-4135-b496-6f1a16977e00
DEBUG    reportportal_client.client:client.py:691 response message: Accepted finish request for test item ID = d4d4d5a9-8559-4135-b496-6f1a16977e00
DEBUG    my_package:__init__.py:122 [STEP]: [Action] Base_page: Compare Images
DEBUG    urllib3.connectionpool:connectionpool.py:544 http://192.168.7.189:8080 "POST /api/v2/default_personal/item/cdd1c25a-c380-4f90-a486-da11117785ae HTTP/1.1" 201 None
DEBUG    reportportal_client.client:client.py:635 start_test_item - ID: fdc6e65a-e154-4023-9089-33bc9bbfe8f0
DEBUG    ATFramework:log.py:80  source_path='/var/folders/yh/gry3198j28v1cbcqgwd35c680000gn/T/mac_driver/c8c969fd-a39d-4503-b799-d08d994eabf0.png'
target_path='/var/folders/yh/gry3198j28v1cbcqgwd35c680000gn/T/mac_driver/cb4294a7-9f47-4e5f-84e0-18d6ebbd1cf7.png'
similarity=0.95
DEBUG    ATFramework:log.py:80  Result similarity = 0.6142611131072044
DEBUG    urllib3.connectionpool:connectionpool.py:544 http://192.168.7.189:8080 "PUT /api/v2/default_personal/item/fdc6e65a-e154-4023-9089-33bc9bbfe8f0 HTTP/1.1" 200 None
DEBUG    reportportal_client.client:client.py:690 finish_test_item - ID: fdc6e65a-e154-4023-9089-33bc9bbfe8f0
DEBUG    reportportal_client.client:client.py:691 response message: Accepted finish request for test item ID = fdc6e65a-e154-4023-9089-33bc9bbfe8f0
DEBUG    urllib3.connectionpool:connectionpool.py:544 http://192.168.7.189:8080 "PUT /api/v2/default_personal/item/cdd1c25a-c380-4f90-a486-da11117785ae HTTP/1.1" 200 None
DEBUG    reportportal_client.client:client.py:690 finish_test_item - ID: cdd1c25a-c380-4f90-a486-da11117785ae
DEBUG    reportportal_client.client:client.py:691 response message: Accepted finish request for test item ID = cdd1c25a-c380-4f90-a486-da11117785ae
DEBUG    my_package:__init__.py:122 [STEP]: [Action][Main_page] Select media by library icon view
DEBUG    urllib3.connectionpool:connectionpool.py:544 http://192.168.7.189:8080 "POST /api/v2/default_personal/item/272ca49e-dbfe-4146-901b-b16c59314569 HTTP/1.1" 201 None
DEBUG    reportportal_client.client:client.py:635 start_test_item - ID: 985cacd9-cee8-4b81-9eaf-ade9c0521c9b
DEBUG    urllib3.connectionpool:connectionpool.py:544 http://192.168.7.189:8080 "PUT /api/v2/default_personal/item/985cacd9-cee8-4b81-9eaf-ade9c0521c9b HTTP/1.1" 200 None
DEBUG    reportportal_client.client:client.py:690 finish_test_item - ID: 985cacd9-cee8-4b81-9eaf-ade9c0521c9b
DEBUG    reportportal_client.client:client.py:691 response message: Accepted finish request for test item ID = 985cacd9-cee8-4b81-9eaf-ade9c0521c9b
DEBUG    my_package:__init__.py:122 [STEP]: [Action] Add Sticker to timeline by R-click menu
DEBUG    urllib3.connectionpool:connectionpool.py:544 http://192.168.7.189:8080 "POST /api/v2/default_personal/item/272ca49e-dbfe-4146-901b-b16c59314569 HTTP/1.1" 201 None
DEBUG    reportportal_client.client:client.py:635 start_test_item - ID: 8c7ff0eb-7b7e-4b9a-b834-425d9be90788
DEBUG    my_package:__init__.py:122 [STEP]: [Action][Base_page] Right Click
DEBUG    urllib3.connectionpool:connectionpool.py:544 http://192.168.7.189:8080 "POST /api/v2/default_personal/item/8c7ff0eb-7b7e-4b9a-b834-425d9be90788 HTTP/1.1" 201 None
DEBUG    reportportal_client.client:client.py:635 start_test_item - ID: 1730896b-e2d7-4e89-b195-1d457e75682d
DEBUG    urllib3.connectionpool:connectionpool.py:544 http://192.168.7.189:8080 "PUT /api/v2/default_personal/item/1730896b-e2d7-4e89-b195-1d457e75682d HTTP/1.1" 200 None
DEBUG    reportportal_client.client:client.py:690 finish_test_item - ID: 1730896b-e2d7-4e89-b195-1d457e75682d
DEBUG    reportportal_client.client:client.py:691 response message: Accepted finish request for test item ID = 1730896b-e2d7-4e89-b195-1d457e75682d
DEBUG    my_package:__init__.py:122 [STEP]: [Action][Base_page] Select right click menu
DEBUG    urllib3.connectionpool:connectionpool.py:544 http://192.168.7.189:8080 "POST /api/v2/default_personal/item/8c7ff0eb-7b7e-4b9a-b834-425d9be90788 HTTP/1.1" 201 None
DEBUG    reportportal_client.client:client.py:635 start_test_item - ID: 6fce9cbd-2d38-4681-8bc1-a9689416e952
DEBUG    urllib3.connectionpool:connectionpool.py:544 http://192.168.7.189:8080 "PUT /api/v2/default_personal/item/6fce9cbd-2d38-4681-8bc1-a9689416e952 HTTP/1.1" 200 None
DEBUG    reportportal_client.client:client.py:690 finish_test_item - ID: 6fce9cbd-2d38-4681-8bc1-a9689416e952
DEBUG    reportportal_client.client:client.py:691 response message: Accepted finish request for test item ID = 6fce9cbd-2d38-4681-8bc1-a9689416e952
DEBUG    urllib3.connectionpool:connectionpool.py:544 http://192.168.7.189:8080 "PUT /api/v2/default_personal/item/8c7ff0eb-7b7e-4b9a-b834-425d9be90788 HTTP/1.1" 200 None
DEBUG    reportportal_client.client:client.py:690 finish_test_item - ID: 8c7ff0eb-7b7e-4b9a-b834-425d9be90788
DEBUG    reportportal_client.client:client.py:691 response message: Accepted finish request for test item ID = 8c7ff0eb-7b7e-4b9a-b834-425d9be90788
DEBUG    my_package:__init__.py:122 [STEP]: [Action] Select sticker on timeline
DEBUG    urllib3.connectionpool:connectionpool.py:544 http://192.168.7.189:8080 "POST /api/v2/default_personal/log HTTP/1.1" 201 None
DEBUG    urllib3.connectionpool:connectionpool.py:544 http://192.168.7.189:8080 "POST /api/v2/default_personal/item/272ca49e-dbfe-4146-901b-b16c59314569 HTTP/1.1" 201 None
DEBUG    reportportal_client.client:client.py:635 start_test_item - ID: cdbfaffb-4fc6-433e-a94c-f7876501f457
DEBUG    my_package:__init__.py:122 [STEP]: [Action][Timeline] Select a clip on timeline
DEBUG    urllib3.connectionpool:connectionpool.py:544 http://192.168.7.189:8080 "POST /api/v2/default_personal/item/cdbfaffb-4fc6-433e-a94c-f7876501f457 HTTP/1.1" 201 None
DEBUG    reportportal_client.client:client.py:635 start_test_item - ID: 7f77f0d7-7fb3-4230-b001-015a9b9f1002
DEBUG    urllib3.connectionpool:connectionpool.py:544 http://192.168.7.189:8080 "PUT /api/v2/default_personal/item/7f77f0d7-7fb3-4230-b001-015a9b9f1002 HTTP/1.1" 200 None
DEBUG    reportportal_client.client:client.py:690 finish_test_item - ID: 7f77f0d7-7fb3-4230-b001-015a9b9f1002
DEBUG    reportportal_client.client:client.py:691 response message: Accepted finish request for test item ID = 7f77f0d7-7fb3-4230-b001-015a9b9f1002
DEBUG    urllib3.connectionpool:connectionpool.py:544 http://192.168.7.189:8080 "PUT /api/v2/default_personal/item/cdbfaffb-4fc6-433e-a94c-f7876501f457 HTTP/1.1" 200 None
DEBUG    reportportal_client.client:client.py:690 finish_test_item - ID: cdbfaffb-4fc6-433e-a94c-f7876501f457
DEBUG    reportportal_client.client:client.py:691 response message: Accepted finish request for test item ID = cdbfaffb-4fc6-433e-a94c-f7876501f457
DEBUG    my_package:__init__.py:122 [STEP]: [Action] Double click sticker to enter pip designer
DEBUG    urllib3.connectionpool:connectionpool.py:544 http://192.168.7.189:8080 "POST /api/v2/default_personal/item/272ca49e-dbfe-4146-901b-b16c59314569 HTTP/1.1" 201 None
DEBUG    reportportal_client.client:client.py:635 start_test_item - ID: 82922fff-f715-4d5f-ae15-fd13c8d65756
DEBUG    my_package:__init__.py:122 [STEP]: [Action][Base_page] Double click
DEBUG    urllib3.connectionpool:connectionpool.py:544 http://192.168.7.189:8080 "POST /api/v2/default_personal/item/82922fff-f715-4d5f-ae15-fd13c8d65756 HTTP/1.1" 201 None
DEBUG    reportportal_client.client:client.py:635 start_test_item - ID: 9468e77e-c09e-43cc-b8f4-39a85ea9d1d9
DEBUG    urllib3.connectionpool:connectionpool.py:544 http://192.168.7.189:8080 "PUT /api/v2/default_personal/item/9468e77e-c09e-43cc-b8f4-39a85ea9d1d9 HTTP/1.1" 200 None
DEBUG    reportportal_client.client:client.py:690 finish_test_item - ID: 9468e77e-c09e-43cc-b8f4-39a85ea9d1d9
DEBUG    reportportal_client.client:client.py:691 response message: Accepted finish request for test item ID = 9468e77e-c09e-43cc-b8f4-39a85ea9d1d9
DEBUG    urllib3.connectionpool:connectionpool.py:544 http://192.168.7.189:8080 "PUT /api/v2/default_personal/item/82922fff-f715-4d5f-ae15-fd13c8d65756 HTTP/1.1" 200 None
DEBUG    reportportal_client.client:client.py:690 finish_test_item - ID: 82922fff-f715-4d5f-ae15-fd13c8d65756
DEBUG    reportportal_client.client:client.py:691 response message: Accepted finish request for test item ID = 82922fff-f715-4d5f-ae15-fd13c8d65756
DEBUG    my_package:__init__.py:122 [STEP]: [Action][Pip Designer] Unfold Properties Chroma Key tab
DEBUG    urllib3.connectionpool:connectionpool.py:544 http://192.168.7.189:8080 "POST /api/v2/default_personal/item/272ca49e-dbfe-4146-901b-b16c59314569 HTTP/1.1" 201 None
DEBUG    reportportal_client.client:client.py:635 start_test_item - ID: f8ec8751-048c-4bfe-8a37-efcba650051e
DEBUG    urllib3.connectionpool:connectionpool.py:544 http://192.168.7.189:8080 "PUT /api/v2/default_personal/item/f8ec8751-048c-4bfe-8a37-efcba650051e HTTP/1.1" 200 None
DEBUG    reportportal_client.client:client.py:690 finish_test_item - ID: f8ec8751-048c-4bfe-8a37-efcba650051e
DEBUG    reportportal_client.client:client.py:691 response message: Accepted finish request for test item ID = f8ec8751-048c-4bfe-8a37-efcba650051e
DEBUG    my_package:__init__.py:122 [STEP]: [Verify] Check if chroma tab is unfloded (Not show cutout button)
DEBUG    urllib3.connectionpool:connectionpool.py:544 http://192.168.7.189:8080 "POST /api/v2/default_personal/item/272ca49e-dbfe-4146-901b-b16c59314569 HTTP/1.1" 201 None
DEBUG    reportportal_client.client:client.py:635 start_test_item - ID: 47cc8aaf-59e1-4233-8d87-a485c7e9255d
DEBUG    urllib3.connectionpool:connectionpool.py:544 http://192.168.7.189:8080 "PUT /api/v2/default_personal/item/47cc8aaf-59e1-4233-8d87-a485c7e9255d HTTP/1.1" 200 None
DEBUG    reportportal_client.client:client.py:690 finish_test_item - ID: 47cc8aaf-59e1-4233-8d87-a485c7e9255d
DEBUG    reportportal_client.client:client.py:691 response message: Accepted finish request for test item ID = 47cc8aaf-59e1-4233-8d87-a485c7e9255d
DEBUG    my_package:__init__.py:122 [STEP]: [Action][Pip Designer] Unfold Properties Chroma Key tab
DEBUG    urllib3.connectionpool:connectionpool.py:544 http://192.168.7.189:8080 "POST /api/v2/default_personal/item/272ca49e-dbfe-4146-901b-b16c59314569 HTTP/1.1" 201 None
DEBUG    reportportal_client.client:client.py:635 start_test_item - ID: 4fe36428-f81d-4afa-8a73-911f666dab92
DEBUG    urllib3.connectionpool:connectionpool.py:544 http://192.168.7.189:8080 "PUT /api/v2/default_personal/item/4fe36428-f81d-4afa-8a73-911f666dab92 HTTP/1.1" 200 None
DEBUG    reportportal_client.client:client.py:690 finish_test_item - ID: 4fe36428-f81d-4afa-8a73-911f666dab92
DEBUG    reportportal_client.client:client.py:691 response message: Accepted finish request for test item ID = 4fe36428-f81d-4afa-8a73-911f666dab92
DEBUG    my_package:__init__.py:122 [STEP]: [Action] Click OK button on pip designer window
DEBUG    urllib3.connectionpool:connectionpool.py:544 http://192.168.7.189:8080 "POST /api/v2/default_personal/item/272ca49e-dbfe-4146-901b-b16c59314569 HTTP/1.1" 201 None
DEBUG    reportportal_client.client:client.py:635 start_test_item - ID: 9d63567a-50c7-4cff-a0a3-39c966f53f88
DEBUG    urllib3.connectionpool:connectionpool.py:544 http://192.168.7.189:8080 "PUT /api/v2/default_personal/item/9d63567a-50c7-4cff-a0a3-39c966f53f88 HTTP/1.1" 200 None
DEBUG    reportportal_client.client:client.py:690 finish_test_item - ID: 9d63567a-50c7-4cff-a0a3-39c966f53f88
DEBUG    reportportal_client.client:client.py:691 response message: Accepted finish request for test item ID = 9d63567a-50c7-4cff-a0a3-39c966f53f88
DEBUG    pytest_reportportal.service:service.py:765 ReportPortal - Finish TestItem: request_body={'attributes': [{'value': 'content_pack'}, {'value': 'media_room_func'}, {'value': 'timeline'}, {'value': 'pip_object'}, {'value': 'media_room'}, {'value': 'pip_designer'}], 'end_time': '1742549147026', 'status': 'PASSED', 'issue': None, 'item_id': '272ca49e-dbfe-4146-901b-b16c59314569'}
DEBUG    urllib3.connectionpool:connectionpool.py:544 http://192.168.7.189:8080 "PUT /api/v2/default_personal/item/272ca49e-dbfe-4146-901b-b16c59314569 HTTP/1.1" 200 None
DEBUG    reportportal_client.client:client.py:690 finish_test_item - ID: 272ca49e-dbfe-4146-901b-b16c59314569
DEBUG    reportportal_client.client:client.py:691 response message: Accepted finish request for test item ID = 272ca49e-dbfe-4146-901b-b16c59314569
DEBUG    pytest_reportportal.service:service.py:695 ReportPortal - Start TestItem: request_body={'attributes': [{'value': 'launch'}, {'value': 'media_room_func'}, {'value': 'content_pack'}, {'value': 'open_project'}, {'value': 'stock_media'}], 'name': '[test_media_room_func_2_12] Verify preview update after Shutterstock stock media download', 'description': "1. Close APP, clear cache, and start APP\n2. Set project aspect ratio to 16:9\n3. Open package project ('Packed_Project/can_del.pdk') to location ('Extracted_Folder/test_media_room_func_2_12')\n4. Screenshot preview (locator=main_page.area.preview.main)\n5. Open [Shutterstock] dialog in media room and switch to [Video] tab\n6. Search keyword 'bubble pink circle' and wait for DELAY_TIME*5\n7. Select stock media by thumbnail index (3)\n8. Handle high definition dialog\n9. Press [Esc] to close iStock window\n10. Check preview is different after download complete", 'start_time': '1742549147043', 'item_type': 'STEP', 'code_ref': 'test_BFT_PDR23_stage1_reportportal.py:Test_BFT_365_OS14.test_media_room_func_2_12', 'parameters': None, 'parent_item_id': None, 'test_case_id': 'test_BFT_PDR23_stage1_reportportal.py:Test_BFT_365_OS14.test_media_room_func_2_12'}
DEBUG    urllib3.connectionpool:connectionpool.py:544 http://192.168.7.189:8080 "POST /api/v2/default_personal/item HTTP/1.1" 201 None
DEBUG    reportportal_client.client:client.py:635 start_test_item - ID: 99262079-ec31-4088-9b74-499206e15363
DEBUG    my_package:__init__.py:122 [STEP]: [Action] Close APP, clear cache, and start APP
DEBUG    urllib3.connectionpool:connectionpool.py:544 http://192.168.7.189:8080 "POST /api/v2/default_personal/item/99262079-ec31-4088-9b74-499206e15363 HTTP/1.1" 201 None
DEBUG    reportportal_client.client:client.py:635 start_test_item - ID: ce6a8b63-cf0a-413f-808a-cd509ab9370f
DEBUG    my_package:__init__.py:122 [STEP]: [Initial] clear cache
DEBUG    urllib3.connectionpool:connectionpool.py:544 http://192.168.7.189:8080 "POST /api/v2/default_personal/item/ce6a8b63-cf0a-413f-808a-cd509ab9370f HTTP/1.1" 201 None
DEBUG    reportportal_client.client:client.py:635 start_test_item - ID: 5760a3f4-84dd-44b7-9a09-6bc6e6a8d569
DEBUG    urllib3.connectionpool:connectionpool.py:544 http://192.168.7.189:8080 "PUT /api/v2/default_personal/item/5760a3f4-84dd-44b7-9a09-6bc6e6a8d569 HTTP/1.1" 200 None
DEBUG    reportportal_client.client:client.py:690 finish_test_item - ID: 5760a3f4-84dd-44b7-9a09-6bc6e6a8d569
DEBUG    reportportal_client.client:client.py:691 response message: Accepted finish request for test item ID = 5760a3f4-84dd-44b7-9a09-6bc6e6a8d569
DEBUG    my_package:__init__.py:122 [STEP]: [Action] Launch App
DEBUG    urllib3.connectionpool:connectionpool.py:544 http://192.168.7.189:8080 "POST /api/v2/default_personal/item/ce6a8b63-cf0a-413f-808a-cd509ab9370f HTTP/1.1" 201 None
DEBUG    reportportal_client.client:client.py:635 start_test_item - ID: 7de8c871-b4b7-4706-b6c3-2195fa213efe
DEBUG    my_package:__init__.py:122 [STEP]: [Verify] Check if App Exist
DEBUG    urllib3.connectionpool:connectionpool.py:544 http://192.168.7.189:8080 "POST /api/v2/default_personal/item/7de8c871-b4b7-4706-b6c3-2195fa213efe HTTP/1.1" 201 None
DEBUG    reportportal_client.client:client.py:635 start_test_item - ID: e3723ed3-0c86-4353-ba7d-ee692d2328c4
DEBUG    urllib3.connectionpool:connectionpool.py:544 http://192.168.7.189:8080 "PUT /api/v2/default_personal/item/e3723ed3-0c86-4353-ba7d-ee692d2328c4 HTTP/1.1" 200 None
DEBUG    reportportal_client.client:client.py:690 finish_test_item - ID: e3723ed3-0c86-4353-ba7d-ee692d2328c4
DEBUG    reportportal_client.client:client.py:691 response message: Accepted finish request for test item ID = e3723ed3-0c86-4353-ba7d-ee692d2328c4
DEBUG    urllib3.connectionpool:connectionpool.py:544 http://192.168.7.189:8080 "PUT /api/v2/default_personal/item/7de8c871-b4b7-4706-b6c3-2195fa213efe HTTP/1.1" 200 None
DEBUG    reportportal_client.client:client.py:690 finish_test_item - ID: 7de8c871-b4b7-4706-b6c3-2195fa213efe
DEBUG    reportportal_client.client:client.py:691 response message: Accepted finish request for test item ID = 7de8c871-b4b7-4706-b6c3-2195fa213efe
DEBUG    my_package:__init__.py:122 [STEP]: [Action][Base Page] Click [CEIP] dialog
DEBUG    urllib3.connectionpool:connectionpool.py:544 http://192.168.7.189:8080 "POST /api/v2/default_personal/log HTTP/1.1" 201 None
DEBUG    urllib3.connectionpool:connectionpool.py:544 http://192.168.7.189:8080 "POST /api/v2/default_personal/item/ce6a8b63-cf0a-413f-808a-cd509ab9370f HTTP/1.1" 201 None
DEBUG    reportportal_client.client:client.py:635 start_test_item - ID: bad911db-5271-46d8-9f60-7153c572b1b3
DEBUG    urllib3.connectionpool:connectionpool.py:544 http://192.168.7.189:8080 "PUT /api/v2/default_personal/item/bad911db-5271-46d8-9f60-7153c572b1b3 HTTP/1.1" 200 None
DEBUG    reportportal_client.client:client.py:690 finish_test_item - ID: bad911db-5271-46d8-9f60-7153c572b1b3
DEBUG    reportportal_client.client:client.py:691 response message: Accepted finish request for test item ID = bad911db-5271-46d8-9f60-7153c572b1b3
DEBUG    my_package:__init__.py:122 [STEP]: [Action][Base_page] click 'New Project' button on Launcher
DEBUG    urllib3.connectionpool:connectionpool.py:544 http://192.168.7.189:8080 "POST /api/v2/default_personal/item/ce6a8b63-cf0a-413f-808a-cd509ab9370f HTTP/1.1" 201 None
DEBUG    reportportal_client.client:client.py:635 start_test_item - ID: 327c1c9d-a59b-41d9-a912-477c7e5cc10e
DEBUG    urllib3.connectionpool:connectionpool.py:544 http://192.168.7.189:8080 "PUT /api/v2/default_personal/item/327c1c9d-a59b-41d9-a912-477c7e5cc10e HTTP/1.1" 200 None
DEBUG    reportportal_client.client:client.py:690 finish_test_item - ID: 327c1c9d-a59b-41d9-a912-477c7e5cc10e
DEBUG    reportportal_client.client:client.py:691 response message: Accepted finish request for test item ID = 327c1c9d-a59b-41d9-a912-477c7e5cc10e
DEBUG    my_package:__init__.py:122 [STEP]: [Action][Base_page] Press [Esc] key
DEBUG    urllib3.connectionpool:connectionpool.py:544 http://192.168.7.189:8080 "POST /api/v2/default_personal/item/ce6a8b63-cf0a-413f-808a-cd509ab9370f HTTP/1.1" 201 None
DEBUG    reportportal_client.client:client.py:635 start_test_item - ID: 3db4c452-467e-450e-a13a-6af9f1dd1358
DEBUG    urllib3.connectionpool:connectionpool.py:544 http://192.168.7.189:8080 "PUT /api/v2/default_personal/item/3db4c452-467e-450e-a13a-6af9f1dd1358 HTTP/1.1" 200 None
DEBUG    reportportal_client.client:client.py:690 finish_test_item - ID: 3db4c452-467e-450e-a13a-6af9f1dd1358
DEBUG    reportportal_client.client:client.py:691 response message: Accepted finish request for test item ID = 3db4c452-467e-450e-a13a-6af9f1dd1358
DEBUG    urllib3.connectionpool:connectionpool.py:544 http://192.168.7.189:8080 "PUT /api/v2/default_personal/item/ce6a8b63-cf0a-413f-808a-cd509ab9370f HTTP/1.1" 200 None
DEBUG    reportportal_client.client:client.py:690 finish_test_item - ID: ce6a8b63-cf0a-413f-808a-cd509ab9370f
DEBUG    reportportal_client.client:client.py:691 response message: Accepted finish request for test item ID = ce6a8b63-cf0a-413f-808a-cd509ab9370f
DEBUG    my_package:__init__.py:122 [STEP]: [Action] Set project aspect ratio to 9:16
DEBUG    urllib3.connectionpool:connectionpool.py:544 http://192.168.7.189:8080 "POST /api/v2/default_personal/item/99262079-ec31-4088-9b74-499206e15363 HTTP/1.1" 201 None
DEBUG    reportportal_client.client:client.py:635 start_test_item - ID: 431e3db5-6c49-4115-b2d2-f749b8281b28
DEBUG    my_package:__init__.py:122 [STEP]: [Action][Main_page] Set [Project Aspect Ratio] as (9:16)
DEBUG    urllib3.connectionpool:connectionpool.py:544 http://192.168.7.189:8080 "POST /api/v2/default_personal/item/431e3db5-6c49-4115-b2d2-f749b8281b28 HTTP/1.1" 201 None
DEBUG    reportportal_client.client:client.py:635 start_test_item - ID: c6164758-e650-412d-9567-d7e2ea97f63b
DEBUG    my_package:__init__.py:122 [STEP]: [Action] Base_page: Snapshot
DEBUG    urllib3.connectionpool:connectionpool.py:544 http://192.168.7.189:8080 "POST /api/v2/default_personal/item/c6164758-e650-412d-9567-d7e2ea97f63b HTTP/1.1" 201 None
DEBUG    reportportal_client.client:client.py:635 start_test_item - ID: 925fd26f-40af-4b0a-b91b-1df288da3a7d
DEBUG    urllib3.connectionpool:connectionpool.py:544 http://192.168.7.189:8080 "PUT /api/v2/default_personal/item/925fd26f-40af-4b0a-b91b-1df288da3a7d HTTP/1.1" 200 None
DEBUG    reportportal_client.client:client.py:690 finish_test_item - ID: 925fd26f-40af-4b0a-b91b-1df288da3a7d
DEBUG    reportportal_client.client:client.py:691 response message: Accepted finish request for test item ID = 925fd26f-40af-4b0a-b91b-1df288da3a7d
DEBUG    my_package:__init__.py:122 [STEP]: [Action] Base_page: Snapshot
DEBUG    urllib3.connectionpool:connectionpool.py:544 http://192.168.7.189:8080 "POST /api/v2/default_personal/item/c6164758-e650-412d-9567-d7e2ea97f63b HTTP/1.1" 201 None
DEBUG    reportportal_client.client:client.py:635 start_test_item - ID: 5d714879-d936-48f6-a736-e6dc2e7b98a0
DEBUG    ATFramework:log.py:80  [Locator] The element is not found via >> {'AXIdentifier': 'IDC_LIBRARY_SCROLLVIEW_DETAILEDTABLEVIEW'} <<
DEBUG    ATFramework:log.py:80  [Warning] : Element is not found. [{'AXIdentifier': 'IDD_LIBRARY'}, {'AXIdentifier': 'IDC_LIBRARY_SCROLLVIEW_DETAILEDTABLEVIEW'}]
DEBUG    urllib3.connectionpool:connectionpool.py:544 http://192.168.7.189:8080 "PUT /api/v2/default_personal/item/5d714879-d936-48f6-a736-e6dc2e7b98a0 HTTP/1.1" 200 None
DEBUG    reportportal_client.client:client.py:690 finish_test_item - ID: 5d714879-d936-48f6-a736-e6dc2e7b98a0
DEBUG    reportportal_client.client:client.py:691 response message: Accepted finish request for test item ID = 5d714879-d936-48f6-a736-e6dc2e7b98a0
DEBUG    my_package:__init__.py:122 [STEP]: [Action] Base_page: Compare Images
DEBUG    urllib3.connectionpool:connectionpool.py:544 http://192.168.7.189:8080 "POST /api/v2/default_personal/item/c6164758-e650-412d-9567-d7e2ea97f63b HTTP/1.1" 201 None
DEBUG    reportportal_client.client:client.py:635 start_test_item - ID: 87117495-7f21-4c64-9a4e-02e9b2143e3c
DEBUG    ATFramework:log.py:80  source_path='/var/folders/yh/gry3198j28v1cbcqgwd35c680000gn/T/mac_driver/d06086a4-c23e-4c4b-a351-6dc03dde66b1.png'
target_path=None
similarity=0.95
DEBUG    ATFramework:log.py:80  compare fail -> expected str, bytes or os.PathLike object, not NoneType
DEBUG    urllib3.connectionpool:connectionpool.py:544 http://192.168.7.189:8080 "PUT /api/v2/default_personal/item/87117495-7f21-4c64-9a4e-02e9b2143e3c HTTP/1.1" 200 None
DEBUG    reportportal_client.client:client.py:690 finish_test_item - ID: 87117495-7f21-4c64-9a4e-02e9b2143e3c
DEBUG    reportportal_client.client:client.py:691 response message: Accepted finish request for test item ID = 87117495-7f21-4c64-9a4e-02e9b2143e3c
DEBUG    urllib3.connectionpool:connectionpool.py:544 http://192.168.7.189:8080 "PUT /api/v2/default_personal/item/c6164758-e650-412d-9567-d7e2ea97f63b HTTP/1.1" 200 None
DEBUG    reportportal_client.client:client.py:690 finish_test_item - ID: c6164758-e650-412d-9567-d7e2ea97f63b
DEBUG    reportportal_client.client:client.py:691 response message: Accepted finish request for test item ID = c6164758-e650-412d-9567-d7e2ea97f63b
DEBUG    urllib3.connectionpool:connectionpool.py:544 http://192.168.7.189:8080 "PUT /api/v2/default_personal/item/431e3db5-6c49-4115-b2d2-f749b8281b28 HTTP/1.1" 200 None
DEBUG    reportportal_client.client:client.py:690 finish_test_item - ID: 431e3db5-6c49-4115-b2d2-f749b8281b28
DEBUG    reportportal_client.client:client.py:691 response message: Accepted finish request for test item ID = 431e3db5-6c49-4115-b2d2-f749b8281b28
DEBUG    my_package:__init__.py:122 [STEP]: [Action] Open package project to specified location
DEBUG    urllib3.connectionpool:connectionpool.py:544 http://192.168.7.189:8080 "POST /api/v2/default_personal/item/99262079-ec31-4088-9b74-499206e15363 HTTP/1.1" 201 None
DEBUG    reportportal_client.client:client.py:635 start_test_item - ID: 91724dd5-2625-452c-8518-16c2e824cae2
DEBUG    my_package:__init__.py:122 [STEP]: [Action] Open packed project
DEBUG    urllib3.connectionpool:connectionpool.py:544 http://192.168.7.189:8080 "POST /api/v2/default_personal/log HTTP/1.1" 201 None
DEBUG    urllib3.connectionpool:connectionpool.py:544 http://192.168.7.189:8080 "POST /api/v2/default_personal/item/91724dd5-2625-452c-8518-16c2e824cae2 HTTP/1.1" 201 None
DEBUG    reportportal_client.client:client.py:635 start_test_item - ID: e8c21309-e0e1-4187-85fb-84cf7d6b0ece
DEBUG    my_package:__init__.py:122 [STEP]: [Verify][Base_page] Check if the file exists
DEBUG    urllib3.connectionpool:connectionpool.py:544 http://192.168.7.189:8080 "POST /api/v2/default_personal/item/e8c21309-e0e1-4187-85fb-84cf7d6b0ece HTTP/1.1" 201 None
DEBUG    reportportal_client.client:client.py:635 start_test_item - ID: 586cce84-6010-46c4-bcc5-8b96eefa74cf
DEBUG    urllib3.connectionpool:connectionpool.py:544 http://192.168.7.189:8080 "PUT /api/v2/default_personal/item/586cce84-6010-46c4-bcc5-8b96eefa74cf HTTP/1.1" 200 None
DEBUG    reportportal_client.client:client.py:690 finish_test_item - ID: 586cce84-6010-46c4-bcc5-8b96eefa74cf
DEBUG    reportportal_client.client:client.py:691 response message: Accepted finish request for test item ID = 586cce84-6010-46c4-bcc5-8b96eefa74cf
DEBUG    my_package:__init__.py:122 [STEP]: [Action][Main_page] Open Project from top menu bar
DEBUG    urllib3.connectionpool:connectionpool.py:544 http://192.168.7.189:8080 "POST /api/v2/default_personal/item/e8c21309-e0e1-4187-85fb-84cf7d6b0ece HTTP/1.1" 201 None
DEBUG    reportportal_client.client:client.py:635 start_test_item - ID: 91710529-f450-46ad-ba7f-e283cd13fc08
DEBUG    urllib3.connectionpool:connectionpool.py:544 http://192.168.7.189:8080 "PUT /api/v2/default_personal/item/91710529-f450-46ad-ba7f-e283cd13fc08 HTTP/1.1" 200 None
DEBUG    reportportal_client.client:client.py:690 finish_test_item - ID: 91710529-f450-46ad-ba7f-e283cd13fc08
DEBUG    reportportal_client.client:client.py:691 response message: Accepted finish request for test item ID = 91710529-f450-46ad-ba7f-e283cd13fc08
DEBUG    my_package:__init__.py:122 [STEP]: [Action][Main_page] Deal with [Open Project] dialog
DEBUG    urllib3.connectionpool:connectionpool.py:544 http://192.168.7.189:8080 "POST /api/v2/default_personal/item/e8c21309-e0e1-4187-85fb-84cf7d6b0ece HTTP/1.1" 201 None
DEBUG    reportportal_client.client:client.py:635 start_test_item - ID: 8cab6731-ff65-4015-abd7-ff3e0076a309
DEBUG    my_package:__init__.py:122 [STEP]: [Action][Base_page] Select file in file picker
DEBUG    urllib3.connectionpool:connectionpool.py:544 http://192.168.7.189:8080 "POST /api/v2/default_personal/item/8cab6731-ff65-4015-abd7-ff3e0076a309 HTTP/1.1" 201 None
DEBUG    reportportal_client.client:client.py:635 start_test_item - ID: 8f219925-15db-42c6-8939-8e251316d0f2
DEBUG    ATFramework:log.py:80  current version: 14.0
DEBUG    ATFramework:log.py:80  [Locator] The element is not found via >> {'AXIdentifier': 'NS_OPEN_SAVE_DISCLOSURE_TRIANGLE'} <<
DEBUG    ATFramework:log.py:80  base='/Users/qadf_at/Desktop'
DEBUG    ATFramework:log.py:80  base='/Users/qadf_at/Desktop/AT'
DEBUG    ATFramework:log.py:80  base='/Users/qadf_at/Desktop/AT/BFT_Material'
DEBUG    ATFramework:log.py:80  base='/Users/qadf_at/Desktop/AT/BFT_Material/Packed_Project'
DEBUG    ATFramework:log.py:80  base='/Users/qadf_at/Desktop/AT/BFT_Material/Packed_Project/can_del.pdk'
DEBUG    urllib3.connectionpool:connectionpool.py:544 http://192.168.7.189:8080 "PUT /api/v2/default_personal/item/8f219925-15db-42c6-8939-8e251316d0f2 HTTP/1.1" 200 None
DEBUG    reportportal_client.client:client.py:690 finish_test_item - ID: 8f219925-15db-42c6-8939-8e251316d0f2
DEBUG    reportportal_client.client:client.py:691 response message: Accepted finish request for test item ID = 8f219925-15db-42c6-8939-8e251316d0f2
DEBUG    urllib3.connectionpool:connectionpool.py:544 http://192.168.7.189:8080 "PUT /api/v2/default_personal/item/8cab6731-ff65-4015-abd7-ff3e0076a309 HTTP/1.1" 200 None
DEBUG    reportportal_client.client:client.py:690 finish_test_item - ID: 8cab6731-ff65-4015-abd7-ff3e0076a309
DEBUG    reportportal_client.client:client.py:691 response message: Accepted finish request for test item ID = 8cab6731-ff65-4015-abd7-ff3e0076a309
DEBUG    my_package:__init__.py:122 [STEP]: [Action][Base_page] Delete folder
DEBUG    urllib3.connectionpool:connectionpool.py:544 http://192.168.7.189:8080 "POST /api/v2/default_personal/item/e8c21309-e0e1-4187-85fb-84cf7d6b0ece HTTP/1.1" 201 None
DEBUG    reportportal_client.client:client.py:635 start_test_item - ID: 5b7664a6-16ea-4ced-afae-e5f095f31c6d
DEBUG    urllib3.connectionpool:connectionpool.py:544 http://192.168.7.189:8080 "PUT /api/v2/default_personal/item/5b7664a6-16ea-4ced-afae-e5f095f31c6d HTTP/1.1" 200 None
DEBUG    reportportal_client.client:client.py:690 finish_test_item - ID: 5b7664a6-16ea-4ced-afae-e5f095f31c6d
DEBUG    reportportal_client.client:client.py:691 response message: Accepted finish request for test item ID = 5b7664a6-16ea-4ced-afae-e5f095f31c6d
DEBUG    my_package:__init__.py:122 [STEP]: [Action][Base_page] Select file in file picker
DEBUG    urllib3.connectionpool:connectionpool.py:544 http://192.168.7.189:8080 "POST /api/v2/default_personal/item/e8c21309-e0e1-4187-85fb-84cf7d6b0ece HTTP/1.1" 201 None
DEBUG    reportportal_client.client:client.py:635 start_test_item - ID: 11d4d06d-78b2-482b-ad31-4553b81f5af7
DEBUG    urllib3.connectionpool:connectionpool.py:544 http://192.168.7.189:8080 "POST /api/v2/default_personal/log HTTP/1.1" 201 None
DEBUG    ATFramework:log.py:80  [Warning] Target path >> /Users/qadf_at/Desktop/AT/BFT_Material/Extracted_Folder/test_media_room_func_2_12 << is not found
DEBUG    ATFramework:log.py:80  current version: 14.0
DEBUG    ATFramework:log.py:80  [Locator] The element is not found via >> {'AXIdentifier': 'NS_OPEN_SAVE_DISCLOSURE_TRIANGLE'} <<
DEBUG    ATFramework:log.py:80  base='/Users/qadf_at/Desktop'
DEBUG    ATFramework:log.py:80  base='/Users/qadf_at/Desktop/AT'
DEBUG    ATFramework:log.py:80  base='/Users/qadf_at/Desktop/AT/BFT_Material'
DEBUG    ATFramework:log.py:80  base='/Users/qadf_at/Desktop/AT/BFT_Material/Extracted_Folder'
DEBUG    ATFramework:log.py:80  folder is not exist: base='/Users/qadf_at/Desktop/AT/BFT_Material/Extracted_Folder/test_media_room_func_2_12' / name='test_media_room_func_2_12'
DEBUG    ATFramework:log.py:80  current version: 14.0
DEBUG    urllib3.connectionpool:connectionpool.py:544 http://192.168.7.189:8080 "PUT /api/v2/default_personal/item/11d4d06d-78b2-482b-ad31-4553b81f5af7 HTTP/1.1" 200 None
DEBUG    reportportal_client.client:client.py:690 finish_test_item - ID: 11d4d06d-78b2-482b-ad31-4553b81f5af7
DEBUG    reportportal_client.client:client.py:691 response message: Accepted finish request for test item ID = 11d4d06d-78b2-482b-ad31-4553b81f5af7
DEBUG    my_package:__init__.py:122 [STEP]: [Action][Main_page] Deal with merge media to current library dialog
DEBUG    urllib3.connectionpool:connectionpool.py:544 http://192.168.7.189:8080 "POST /api/v2/default_personal/item/e8c21309-e0e1-4187-85fb-84cf7d6b0ece HTTP/1.1" 201 None
DEBUG    reportportal_client.client:client.py:635 start_test_item - ID: bd8d69d4-ec8e-435b-a3b6-1798843369eb
DEBUG    urllib3.connectionpool:connectionpool.py:544 http://192.168.7.189:8080 "PUT /api/v2/default_personal/item/bd8d69d4-ec8e-435b-a3b6-1798843369eb HTTP/1.1" 200 None
DEBUG    reportportal_client.client:client.py:690 finish_test_item - ID: bd8d69d4-ec8e-435b-a3b6-1798843369eb
DEBUG    reportportal_client.client:client.py:691 response message: Accepted finish request for test item ID = bd8d69d4-ec8e-435b-a3b6-1798843369eb
DEBUG    urllib3.connectionpool:connectionpool.py:544 http://192.168.7.189:8080 "PUT /api/v2/default_personal/item/e8c21309-e0e1-4187-85fb-84cf7d6b0ece HTTP/1.1" 200 None
DEBUG    reportportal_client.client:client.py:690 finish_test_item - ID: e8c21309-e0e1-4187-85fb-84cf7d6b0ece
DEBUG    reportportal_client.client:client.py:691 response message: Accepted finish request for test item ID = e8c21309-e0e1-4187-85fb-84cf7d6b0ece
DEBUG    urllib3.connectionpool:connectionpool.py:544 http://192.168.7.189:8080 "PUT /api/v2/default_personal/item/91724dd5-2625-452c-8518-16c2e824cae2 HTTP/1.1" 200 None
DEBUG    reportportal_client.client:client.py:690 finish_test_item - ID: 91724dd5-2625-452c-8518-16c2e824cae2
DEBUG    reportportal_client.client:client.py:691 response message: Accepted finish request for test item ID = 91724dd5-2625-452c-8518-16c2e824cae2
DEBUG    my_package:__init__.py:122 [STEP]: [Action] Capture initial preview screenshot
DEBUG    urllib3.connectionpool:connectionpool.py:544 http://192.168.7.189:8080 "POST /api/v2/default_personal/item/99262079-ec31-4088-9b74-499206e15363 HTTP/1.1" 201 None
DEBUG    reportportal_client.client:client.py:635 start_test_item - ID: 458cb818-82d6-4e7a-b1b0-8daeded7f399
DEBUG    my_package:__init__.py:122 [STEP]: [Action] Base_page: Snapshot
DEBUG    urllib3.connectionpool:connectionpool.py:544 http://192.168.7.189:8080 "POST /api/v2/default_personal/item/458cb818-82d6-4e7a-b1b0-8daeded7f399 HTTP/1.1" 201 None
DEBUG    reportportal_client.client:client.py:635 start_test_item - ID: 0f28cc92-d1a7-452f-9c41-00be28cc6e21
DEBUG    urllib3.connectionpool:connectionpool.py:544 http://192.168.7.189:8080 "PUT /api/v2/default_personal/item/0f28cc92-d1a7-452f-9c41-00be28cc6e21 HTTP/1.1" 200 None
DEBUG    reportportal_client.client:client.py:690 finish_test_item - ID: 0f28cc92-d1a7-452f-9c41-00be28cc6e21
DEBUG    reportportal_client.client:client.py:691 response message: Accepted finish request for test item ID = 0f28cc92-d1a7-452f-9c41-00be28cc6e21
DEBUG    urllib3.connectionpool:connectionpool.py:544 http://192.168.7.189:8080 "PUT /api/v2/default_personal/item/458cb818-82d6-4e7a-b1b0-8daeded7f399 HTTP/1.1" 200 None
DEBUG    reportportal_client.client:client.py:690 finish_test_item - ID: 458cb818-82d6-4e7a-b1b0-8daeded7f399
DEBUG    reportportal_client.client:client.py:691 response message: Accepted finish request for test item ID = 458cb818-82d6-4e7a-b1b0-8daeded7f399
DEBUG    my_package:__init__.py:122 [STEP]: [Action] Open Shutterstock dialog and switch to [Video] tab
DEBUG    urllib3.connectionpool:connectionpool.py:544 http://192.168.7.189:8080 "POST /api/v2/default_personal/item/99262079-ec31-4088-9b74-499206e15363 HTTP/1.1" 201 None
DEBUG    reportportal_client.client:client.py:635 start_test_item - ID: 44c47553-1aa3-40cf-84ae-c28b2050b3b8
DEBUG    my_package:__init__.py:122 [STEP]: [Action][Media Room] Open [Shutterstock] dialog in media room
DEBUG    urllib3.connectionpool:connectionpool.py:544 http://192.168.7.189:8080 "POST /api/v2/default_personal/item/44c47553-1aa3-40cf-84ae-c28b2050b3b8 HTTP/1.1" 201 None
DEBUG    reportportal_client.client:client.py:635 start_test_item - ID: 585dc462-1ca1-43b4-b068-44e1916ede51
DEBUG    urllib3.connectionpool:connectionpool.py:544 http://192.168.7.189:8080 "PUT /api/v2/default_personal/item/585dc462-1ca1-43b4-b068-44e1916ede51 HTTP/1.1" 200 None
DEBUG    reportportal_client.client:client.py:690 finish_test_item - ID: 585dc462-1ca1-43b4-b068-44e1916ede51
DEBUG    reportportal_client.client:client.py:691 response message: Accepted finish request for test item ID = 585dc462-1ca1-43b4-b068-44e1916ede51
DEBUG    my_package:__init__.py:122 [STEP]: [Action][ShutterStock Page][ShutterStock] Switch to [Video] tab
DEBUG    urllib3.connectionpool:connectionpool.py:544 http://192.168.7.189:8080 "POST /api/v2/default_personal/item/44c47553-1aa3-40cf-84ae-c28b2050b3b8 HTTP/1.1" 201 None
DEBUG    reportportal_client.client:client.py:635 start_test_item - ID: 156e7a68-521d-44c4-b549-a4cafb9dddaf
DEBUG    urllib3.connectionpool:connectionpool.py:544 http://192.168.7.189:8080 "PUT /api/v2/default_personal/item/156e7a68-521d-44c4-b549-a4cafb9dddaf HTTP/1.1" 200 None
DEBUG    reportportal_client.client:client.py:690 finish_test_item - ID: 156e7a68-521d-44c4-b549-a4cafb9dddaf
DEBUG    reportportal_client.client:client.py:691 response message: Accepted finish request for test item ID = 156e7a68-521d-44c4-b549-a4cafb9dddaf
DEBUG    urllib3.connectionpool:connectionpool.py:544 http://192.168.7.189:8080 "PUT /api/v2/default_personal/item/44c47553-1aa3-40cf-84ae-c28b2050b3b8 HTTP/1.1" 200 None
DEBUG    reportportal_client.client:client.py:690 finish_test_item - ID: 44c47553-1aa3-40cf-84ae-c28b2050b3b8
DEBUG    reportportal_client.client:client.py:691 response message: Accepted finish request for test item ID = 44c47553-1aa3-40cf-84ae-c28b2050b3b8
DEBUG    my_package:__init__.py:122 [STEP]: [Action] Search keyword 'bubble pink circle' and wait
DEBUG    urllib3.connectionpool:connectionpool.py:544 http://192.168.7.189:8080 "POST /api/v2/default_personal/log HTTP/1.1" 201 None
DEBUG    urllib3.connectionpool:connectionpool.py:544 http://192.168.7.189:8080 "POST /api/v2/default_personal/item/99262079-ec31-4088-9b74-499206e15363 HTTP/1.1" 201 None
DEBUG    reportportal_client.client:client.py:635 start_test_item - ID: 5c35510d-5027-4ee8-a4a5-7b2d2f437fce
DEBUG    my_package:__init__.py:122 [STEP]: [Action][ShutterStock Page][Search] Search content by text
DEBUG    urllib3.connectionpool:connectionpool.py:544 http://192.168.7.189:8080 "POST /api/v2/default_personal/item/5c35510d-5027-4ee8-a4a5-7b2d2f437fce HTTP/1.1" 201 None
DEBUG    reportportal_client.client:client.py:635 start_test_item - ID: f32f6d22-3b6f-4425-909e-e180512b0ccb
DEBUG    urllib3.connectionpool:connectionpool.py:544 http://192.168.7.189:8080 "PUT /api/v2/default_personal/item/f32f6d22-3b6f-4425-909e-e180512b0ccb HTTP/1.1" 200 None
DEBUG    reportportal_client.client:client.py:690 finish_test_item - ID: f32f6d22-3b6f-4425-909e-e180512b0ccb
DEBUG    reportportal_client.client:client.py:691 response message: Accepted finish request for test item ID = f32f6d22-3b6f-4425-909e-e180512b0ccb
DEBUG    urllib3.connectionpool:connectionpool.py:544 http://192.168.7.189:8080 "PUT /api/v2/default_personal/item/5c35510d-5027-4ee8-a4a5-7b2d2f437fce HTTP/1.1" 200 None
DEBUG    reportportal_client.client:client.py:690 finish_test_item - ID: 5c35510d-5027-4ee8-a4a5-7b2d2f437fce
DEBUG    reportportal_client.client:client.py:691 response message: Accepted finish request for test item ID = 5c35510d-5027-4ee8-a4a5-7b2d2f437fce
DEBUG    my_package:__init__.py:122 [STEP]: [Action] Select stock media by thumbnail index (3)
DEBUG    urllib3.connectionpool:connectionpool.py:544 http://192.168.7.189:8080 "POST /api/v2/default_personal/item/99262079-ec31-4088-9b74-499206e15363 HTTP/1.1" 201 None
DEBUG    reportportal_client.client:client.py:635 start_test_item - ID: 909a3be7-0de7-4a8f-a8d7-64830c6dde88
DEBUG    my_package:__init__.py:122 [STEP]: [Action][ShutterStock Page][Video] Select stock media by thumbnail index
DEBUG    urllib3.connectionpool:connectionpool.py:544 http://192.168.7.189:8080 "POST /api/v2/default_personal/item/909a3be7-0de7-4a8f-a8d7-64830c6dde88 HTTP/1.1" 201 None
DEBUG    reportportal_client.client:client.py:635 start_test_item - ID: c93bc8b8-2b14-446c-9401-e55c9334e49c
DEBUG    ATFramework:log.py:80  [Locator] The element is not found via >> {'AXIdentifier': 'IDC_CLALERT_MESSAGE'} <<
DEBUG    ATFramework:log.py:80  [Locator] The element is not found via >> {'AXIdentifier': 'IDC_CLALERT_MESSAGE'} <<
DEBUG    urllib3.connectionpool:connectionpool.py:544 http://192.168.7.189:8080 "PUT /api/v2/default_personal/item/c93bc8b8-2b14-446c-9401-e55c9334e49c HTTP/1.1" 200 None
DEBUG    reportportal_client.client:client.py:690 finish_test_item - ID: c93bc8b8-2b14-446c-9401-e55c9334e49c
DEBUG    reportportal_client.client:client.py:691 response message: Accepted finish request for test item ID = c93bc8b8-2b14-446c-9401-e55c9334e49c
DEBUG    urllib3.connectionpool:connectionpool.py:544 http://192.168.7.189:8080 "PUT /api/v2/default_personal/item/909a3be7-0de7-4a8f-a8d7-64830c6dde88 HTTP/1.1" 200 None
DEBUG    reportportal_client.client:client.py:690 finish_test_item - ID: 909a3be7-0de7-4a8f-a8d7-64830c6dde88
DEBUG    reportportal_client.client:client.py:691 response message: Accepted finish request for test item ID = 909a3be7-0de7-4a8f-a8d7-64830c6dde88
DEBUG    my_package:__init__.py:122 [STEP]: [Action] Handle high definition dialog
DEBUG    urllib3.connectionpool:connectionpool.py:544 http://192.168.7.189:8080 "POST /api/v2/default_personal/item/99262079-ec31-4088-9b74-499206e15363 HTTP/1.1" 201 None
DEBUG    reportportal_client.client:client.py:635 start_test_item - ID: 9edbcc5c-4f3c-4acd-870a-694b2e663054
DEBUG    my_package:__init__.py:122 [STEP]: [Action][Media_Room] Handle high definition dialog
DEBUG    urllib3.connectionpool:connectionpool.py:544 http://192.168.7.189:8080 "POST /api/v2/default_personal/item/9edbcc5c-4f3c-4acd-870a-694b2e663054 HTTP/1.1" 201 None
DEBUG    reportportal_client.client:client.py:635 start_test_item - ID: 2c92a2d9-0338-4abe-9c90-7ce4deb2cd9e
DEBUG    urllib3.connectionpool:connectionpool.py:544 http://192.168.7.189:8080 "PUT /api/v2/default_personal/item/2c92a2d9-0338-4abe-9c90-7ce4deb2cd9e HTTP/1.1" 200 None
DEBUG    reportportal_client.client:client.py:690 finish_test_item - ID: 2c92a2d9-0338-4abe-9c90-7ce4deb2cd9e
DEBUG    reportportal_client.client:client.py:691 response message: Accepted finish request for test item ID = 2c92a2d9-0338-4abe-9c90-7ce4deb2cd9e
DEBUG    urllib3.connectionpool:connectionpool.py:544 http://192.168.7.189:8080 "PUT /api/v2/default_personal/item/9edbcc5c-4f3c-4acd-870a-694b2e663054 HTTP/1.1" 200 None
DEBUG    reportportal_client.client:client.py:690 finish_test_item - ID: 9edbcc5c-4f3c-4acd-870a-694b2e663054
DEBUG    reportportal_client.client:client.py:691 response message: Accepted finish request for test item ID = 9edbcc5c-4f3c-4acd-870a-694b2e663054
DEBUG    my_package:__init__.py:122 [STEP]: [Action] Press [Esc] to close iStock window
DEBUG    urllib3.connectionpool:connectionpool.py:544 http://192.168.7.189:8080 "POST /api/v2/default_personal/item/99262079-ec31-4088-9b74-499206e15363 HTTP/1.1" 201 None
DEBUG    reportportal_client.client:client.py:635 start_test_item - ID: 4a59042b-fe1a-4ae9-80a9-3d74ace143e3
DEBUG    my_package:__init__.py:122 [STEP]: [Action][Base_page] Press [Esc] key
DEBUG    urllib3.connectionpool:connectionpool.py:544 http://192.168.7.189:8080 "POST /api/v2/default_personal/item/4a59042b-fe1a-4ae9-80a9-3d74ace143e3 HTTP/1.1" 201 None
DEBUG    reportportal_client.client:client.py:635 start_test_item - ID: 240f88bf-4f3f-4757-8b16-a8e39501f5ea
DEBUG    urllib3.connectionpool:connectionpool.py:544 http://192.168.7.189:8080 "PUT /api/v2/default_personal/item/240f88bf-4f3f-4757-8b16-a8e39501f5ea HTTP/1.1" 200 None
DEBUG    reportportal_client.client:client.py:690 finish_test_item - ID: 240f88bf-4f3f-4757-8b16-a8e39501f5ea
DEBUG    reportportal_client.client:client.py:691 response message: Accepted finish request for test item ID = 240f88bf-4f3f-4757-8b16-a8e39501f5ea
DEBUG    urllib3.connectionpool:connectionpool.py:544 http://192.168.7.189:8080 "PUT /api/v2/default_personal/item/4a59042b-fe1a-4ae9-80a9-3d74ace143e3 HTTP/1.1" 200 None
DEBUG    reportportal_client.client:client.py:690 finish_test_item - ID: 4a59042b-fe1a-4ae9-80a9-3d74ace143e3
DEBUG    reportportal_client.client:client.py:691 response message: Accepted finish request for test item ID = 4a59042b-fe1a-4ae9-80a9-3d74ace143e3
DEBUG    my_package:__init__.py:122 [STEP]: [Verify] Check that preview is different after download complete
DEBUG    urllib3.connectionpool:connectionpool.py:544 http://192.168.7.189:8080 "POST /api/v2/default_personal/item/99262079-ec31-4088-9b74-499206e15363 HTTP/1.1" 201 None
DEBUG    reportportal_client.client:client.py:635 start_test_item - ID: d67fa807-ebf6-4d1e-9be2-acd726eea4e4
DEBUG    my_package:__init__.py:122 [STEP]: [Action] Base_page: Snapshot
DEBUG    urllib3.connectionpool:connectionpool.py:544 http://192.168.7.189:8080 "POST /api/v2/default_personal/item/d67fa807-ebf6-4d1e-9be2-acd726eea4e4 HTTP/1.1" 201 None
DEBUG    reportportal_client.client:client.py:635 start_test_item - ID: 8754ef24-969f-43b4-8674-ede71ac635cd
DEBUG    urllib3.connectionpool:connectionpool.py:544 http://192.168.7.189:8080 "PUT /api/v2/default_personal/item/8754ef24-969f-43b4-8674-ede71ac635cd HTTP/1.1" 200 None
DEBUG    reportportal_client.client:client.py:690 finish_test_item - ID: 8754ef24-969f-43b4-8674-ede71ac635cd
DEBUG    reportportal_client.client:client.py:691 response message: Accepted finish request for test item ID = 8754ef24-969f-43b4-8674-ede71ac635cd
DEBUG    my_package:__init__.py:122 [STEP]: [Action] Base_page: Compare Images
DEBUG    urllib3.connectionpool:connectionpool.py:544 http://192.168.7.189:8080 "POST /api/v2/default_personal/item/d67fa807-ebf6-4d1e-9be2-acd726eea4e4 HTTP/1.1" 201 None
DEBUG    reportportal_client.client:client.py:635 start_test_item - ID: bcf8d648-fe04-43b2-bc5e-210a20e12900
DEBUG    ATFramework:log.py:80  source_path='/var/folders/yh/gry3198j28v1cbcqgwd35c680000gn/T/mac_driver/e9bdc8e2-76cd-4699-8d0f-bbc71d363914.png'
target_path='/var/folders/yh/gry3198j28v1cbcqgwd35c680000gn/T/mac_driver/3b74957d-0db8-4fad-b2bd-f3eee1ea4e5f.png'
similarity=0.95
DEBUG    ATFramework:log.py:80  Result similarity = 0.77560093998909
DEBUG    urllib3.connectionpool:connectionpool.py:544 http://192.168.7.189:8080 "POST /api/v2/default_personal/log HTTP/1.1" 201 None
DEBUG    urllib3.connectionpool:connectionpool.py:544 http://192.168.7.189:8080 "PUT /api/v2/default_personal/item/bcf8d648-fe04-43b2-bc5e-210a20e12900 HTTP/1.1" 200 None
DEBUG    reportportal_client.client:client.py:690 finish_test_item - ID: bcf8d648-fe04-43b2-bc5e-210a20e12900
DEBUG    reportportal_client.client:client.py:691 response message: Accepted finish request for test item ID = bcf8d648-fe04-43b2-bc5e-210a20e12900
DEBUG    urllib3.connectionpool:connectionpool.py:544 http://192.168.7.189:8080 "PUT /api/v2/default_personal/item/d67fa807-ebf6-4d1e-9be2-acd726eea4e4 HTTP/1.1" 200 None
DEBUG    reportportal_client.client:client.py:690 finish_test_item - ID: d67fa807-ebf6-4d1e-9be2-acd726eea4e4
DEBUG    reportportal_client.client:client.py:691 response message: Accepted finish request for test item ID = d67fa807-ebf6-4d1e-9be2-acd726eea4e4
DEBUG    pytest_reportportal.service:service.py:765 ReportPortal - Finish TestItem: request_body={'attributes': [{'value': 'launch'}, {'value': 'media_room_func'}, {'value': 'content_pack'}, {'value': 'open_project'}, {'value': 'stock_media'}], 'end_time': '1742549272265', 'status': 'PASSED', 'issue': None, 'item_id': '99262079-ec31-4088-9b74-499206e15363'}
DEBUG    urllib3.connectionpool:connectionpool.py:544 http://192.168.7.189:8080 "PUT /api/v2/default_personal/item/99262079-ec31-4088-9b74-499206e15363 HTTP/1.1" 200 None
DEBUG    reportportal_client.client:client.py:690 finish_test_item - ID: 99262079-ec31-4088-9b74-499206e15363
DEBUG    reportportal_client.client:client.py:691 response message: Accepted finish request for test item ID = 99262079-ec31-4088-9b74-499206e15363
DEBUG    pytest_reportportal.service:service.py:695 ReportPortal - Start TestItem: request_body={'attributes': [{'value': 'stock_media'}, {'value': 'media_room_func'}, {'value': 'content_pack'}], 'name': '[test_media_room_func_2_13] Verify preview update after Getty Images stock media download', 'description': "0. Ensure the dependency test is run and passed\n1. Screenshot preview (locator=main_page.area.preview.main)\n2. Open [Shutterstock] dialog in media room and switch to [Video] tab\n3. Switch to [Getty Images] tab in [Download from Shutterstock] window\n4. Search keyword 'pink hand color 23 flower' and wait for DELAY_TIME*5\n5. Select stock media by thumbnail index (1)\n6. Handle high definition dialog\n7. Press [Esc] to close iStock window\n8. Check preview is different after download complete", 'start_time': '1742549272281', 'item_type': 'STEP', 'code_ref': 'test_BFT_PDR23_stage1_reportportal.py:Test_BFT_365_OS14.test_media_room_func_2_13', 'parameters': None, 'parent_item_id': None, 'test_case_id': 'test_BFT_PDR23_stage1_reportportal.py:Test_BFT_365_OS14.test_media_room_func_2_13'}
DEBUG    urllib3.connectionpool:connectionpool.py:544 http://192.168.7.189:8080 "POST /api/v2/default_personal/item HTTP/1.1" 201 None
DEBUG    reportportal_client.client:client.py:635 start_test_item - ID: 891c42cd-3ade-468d-b01e-b2c4418d3d7a
DEBUG    my_package:__init__.py:122 [STEP]: [Initial] Check dependency test result
DEBUG    urllib3.connectionpool:connectionpool.py:544 http://192.168.7.189:8080 "POST /api/v2/default_personal/item/891c42cd-3ade-468d-b01e-b2c4418d3d7a HTTP/1.1" 201 None
DEBUG    reportportal_client.client:client.py:635 start_test_item - ID: bf971628-d481-4d08-b39e-c90b305c25c4
DEBUG    urllib3.connectionpool:connectionpool.py:544 http://192.168.7.189:8080 "PUT /api/v2/default_personal/item/bf971628-d481-4d08-b39e-c90b305c25c4 HTTP/1.1" 200 None
DEBUG    reportportal_client.client:client.py:690 finish_test_item - ID: bf971628-d481-4d08-b39e-c90b305c25c4
DEBUG    reportportal_client.client:client.py:691 response message: Accepted finish request for test item ID = bf971628-d481-4d08-b39e-c90b305c25c4
DEBUG    my_package:__init__.py:122 [STEP]: [Action] Capture initial preview screenshot
DEBUG    urllib3.connectionpool:connectionpool.py:544 http://192.168.7.189:8080 "POST /api/v2/default_personal/item/891c42cd-3ade-468d-b01e-b2c4418d3d7a HTTP/1.1" 201 None
DEBUG    reportportal_client.client:client.py:635 start_test_item - ID: e5b2a914-aa20-432a-9b56-d036eb4fdd9b
DEBUG    my_package:__init__.py:122 [STEP]: [Action] Base_page: Snapshot
DEBUG    urllib3.connectionpool:connectionpool.py:544 http://192.168.7.189:8080 "POST /api/v2/default_personal/item/e5b2a914-aa20-432a-9b56-d036eb4fdd9b HTTP/1.1" 201 None
DEBUG    reportportal_client.client:client.py:635 start_test_item - ID: a0acd302-8903-4d74-9618-902e40774166
DEBUG    urllib3.connectionpool:connectionpool.py:544 http://192.168.7.189:8080 "PUT /api/v2/default_personal/item/a0acd302-8903-4d74-9618-902e40774166 HTTP/1.1" 200 None
DEBUG    reportportal_client.client:client.py:690 finish_test_item - ID: a0acd302-8903-4d74-9618-902e40774166
DEBUG    reportportal_client.client:client.py:691 response message: Accepted finish request for test item ID = a0acd302-8903-4d74-9618-902e40774166
DEBUG    urllib3.connectionpool:connectionpool.py:544 http://192.168.7.189:8080 "PUT /api/v2/default_personal/item/e5b2a914-aa20-432a-9b56-d036eb4fdd9b HTTP/1.1" 200 None
DEBUG    reportportal_client.client:client.py:690 finish_test_item - ID: e5b2a914-aa20-432a-9b56-d036eb4fdd9b
DEBUG    reportportal_client.client:client.py:691 response message: Accepted finish request for test item ID = e5b2a914-aa20-432a-9b56-d036eb4fdd9b
DEBUG    my_package:__init__.py:122 [STEP]: [Action] Open Shutterstock dialog in media room and switch to [Video] tab
DEBUG    urllib3.connectionpool:connectionpool.py:544 http://192.168.7.189:8080 "POST /api/v2/default_personal/item/891c42cd-3ade-468d-b01e-b2c4418d3d7a HTTP/1.1" 201 None
DEBUG    reportportal_client.client:client.py:635 start_test_item - ID: 159601bf-7490-4b1a-946d-a8baf1000bd5
DEBUG    my_package:__init__.py:122 [STEP]: [Action][Media Room] Open [Shutterstock] dialog in media room
DEBUG    urllib3.connectionpool:connectionpool.py:544 http://192.168.7.189:8080 "POST /api/v2/default_personal/item/159601bf-7490-4b1a-946d-a8baf1000bd5 HTTP/1.1" 201 None
DEBUG    reportportal_client.client:client.py:635 start_test_item - ID: 4f9a7ed5-c958-44c9-8ce2-ddcbf6c9c5f6
DEBUG    urllib3.connectionpool:connectionpool.py:544 http://192.168.7.189:8080 "PUT /api/v2/default_personal/item/4f9a7ed5-c958-44c9-8ce2-ddcbf6c9c5f6 HTTP/1.1" 200 None
DEBUG    reportportal_client.client:client.py:690 finish_test_item - ID: 4f9a7ed5-c958-44c9-8ce2-ddcbf6c9c5f6
DEBUG    reportportal_client.client:client.py:691 response message: Accepted finish request for test item ID = 4f9a7ed5-c958-44c9-8ce2-ddcbf6c9c5f6
DEBUG    my_package:__init__.py:122 [STEP]: [Action][ShutterStock Page][ShutterStock] Switch to [Video] tab
DEBUG    urllib3.connectionpool:connectionpool.py:544 http://192.168.7.189:8080 "POST /api/v2/default_personal/item/159601bf-7490-4b1a-946d-a8baf1000bd5 HTTP/1.1" 201 None
DEBUG    reportportal_client.client:client.py:635 start_test_item - ID: 73af8858-0535-449f-b988-7f8c4fc351d8
DEBUG    urllib3.connectionpool:connectionpool.py:544 http://192.168.7.189:8080 "PUT /api/v2/default_personal/item/73af8858-0535-449f-b988-7f8c4fc351d8 HTTP/1.1" 200 None
DEBUG    reportportal_client.client:client.py:690 finish_test_item - ID: 73af8858-0535-449f-b988-7f8c4fc351d8
DEBUG    reportportal_client.client:client.py:691 response message: Accepted finish request for test item ID = 73af8858-0535-449f-b988-7f8c4fc351d8
DEBUG    urllib3.connectionpool:connectionpool.py:544 http://192.168.7.189:8080 "PUT /api/v2/default_personal/item/159601bf-7490-4b1a-946d-a8baf1000bd5 HTTP/1.1" 200 None
DEBUG    reportportal_client.client:client.py:690 finish_test_item - ID: 159601bf-7490-4b1a-946d-a8baf1000bd5
DEBUG    reportportal_client.client:client.py:691 response message: Accepted finish request for test item ID = 159601bf-7490-4b1a-946d-a8baf1000bd5
DEBUG    my_package:__init__.py:122 [STEP]: [Action] Switch to Getty Images tab in Download from Shutterstock window
DEBUG    urllib3.connectionpool:connectionpool.py:544 http://192.168.7.189:8080 "POST /api/v2/default_personal/item/891c42cd-3ade-468d-b01e-b2c4418d3d7a HTTP/1.1" 201 None
DEBUG    reportportal_client.client:client.py:635 start_test_item - ID: 18dd0d8f-4287-49f2-991c-3e664148e3d7
DEBUG    my_package:__init__.py:122 [STEP]: [Action][Getty Image] Switch to [Getty Image] tab in [Download from Shutterstock] window
DEBUG    urllib3.connectionpool:connectionpool.py:544 http://192.168.7.189:8080 "POST /api/v2/default_personal/item/18dd0d8f-4287-49f2-991c-3e664148e3d7 HTTP/1.1" 201 None
DEBUG    reportportal_client.client:client.py:635 start_test_item - ID: a18be7a3-d3e3-458c-a3b5-1d824765ecbf
DEBUG    urllib3.connectionpool:connectionpool.py:544 http://192.168.7.189:8080 "PUT /api/v2/default_personal/item/a18be7a3-d3e3-458c-a3b5-1d824765ecbf HTTP/1.1" 200 None
DEBUG    reportportal_client.client:client.py:690 finish_test_item - ID: a18be7a3-d3e3-458c-a3b5-1d824765ecbf
DEBUG    reportportal_client.client:client.py:691 response message: Accepted finish request for test item ID = a18be7a3-d3e3-458c-a3b5-1d824765ecbf
DEBUG    urllib3.connectionpool:connectionpool.py:544 http://192.168.7.189:8080 "PUT /api/v2/default_personal/item/18dd0d8f-4287-49f2-991c-3e664148e3d7 HTTP/1.1" 200 None
DEBUG    reportportal_client.client:client.py:690 finish_test_item - ID: 18dd0d8f-4287-49f2-991c-3e664148e3d7
DEBUG    reportportal_client.client:client.py:691 response message: Accepted finish request for test item ID = 18dd0d8f-4287-49f2-991c-3e664148e3d7
DEBUG    my_package:__init__.py:122 [STEP]: [Action] Search keyword 'pink hand color 23 flower' and wait
DEBUG    urllib3.connectionpool:connectionpool.py:544 http://192.168.7.189:8080 "POST /api/v2/default_personal/item/891c42cd-3ade-468d-b01e-b2c4418d3d7a HTTP/1.1" 201 None
DEBUG    reportportal_client.client:client.py:635 start_test_item - ID: 9b46d51f-d101-4244-8bf8-cc4599b5ed7a
DEBUG    my_package:__init__.py:122 [STEP]: [Action][ShutterStock Page][Search] Search content by text
DEBUG    urllib3.connectionpool:connectionpool.py:544 http://192.168.7.189:8080 "POST /api/v2/default_personal/item/9b46d51f-d101-4244-8bf8-cc4599b5ed7a HTTP/1.1" 201 None
DEBUG    reportportal_client.client:client.py:635 start_test_item - ID: 87ff4197-d7b1-45fe-99c9-f23cb9ebaeb5
DEBUG    urllib3.connectionpool:connectionpool.py:544 http://192.168.7.189:8080 "PUT /api/v2/default_personal/item/87ff4197-d7b1-45fe-99c9-f23cb9ebaeb5 HTTP/1.1" 200 None
DEBUG    reportportal_client.client:client.py:690 finish_test_item - ID: 87ff4197-d7b1-45fe-99c9-f23cb9ebaeb5
DEBUG    reportportal_client.client:client.py:691 response message: Accepted finish request for test item ID = 87ff4197-d7b1-45fe-99c9-f23cb9ebaeb5
DEBUG    urllib3.connectionpool:connectionpool.py:544 http://192.168.7.189:8080 "PUT /api/v2/default_personal/item/9b46d51f-d101-4244-8bf8-cc4599b5ed7a HTTP/1.1" 200 None
DEBUG    reportportal_client.client:client.py:690 finish_test_item - ID: 9b46d51f-d101-4244-8bf8-cc4599b5ed7a
DEBUG    reportportal_client.client:client.py:691 response message: Accepted finish request for test item ID = 9b46d51f-d101-4244-8bf8-cc4599b5ed7a
DEBUG    my_package:__init__.py:122 [STEP]: [Action] Select stock media by thumbnail index (1)
DEBUG    urllib3.connectionpool:connectionpool.py:544 http://192.168.7.189:8080 "POST /api/v2/default_personal/item/891c42cd-3ade-468d-b01e-b2c4418d3d7a HTTP/1.1" 201 None
DEBUG    reportportal_client.client:client.py:635 start_test_item - ID: 17921e6f-1a57-4605-b452-9530c5b9cb87
DEBUG    my_package:__init__.py:122 [STEP]: [Action][ShutterStock Page][Video] Select stock media by thumbnail index
DEBUG    urllib3.connectionpool:connectionpool.py:544 http://192.168.7.189:8080 "POST /api/v2/default_personal/item/17921e6f-1a57-4605-b452-9530c5b9cb87 HTTP/1.1" 201 None
DEBUG    reportportal_client.client:client.py:635 start_test_item - ID: dda57d3d-3e61-4a52-884c-2c89d2cd2117
DEBUG    ATFramework:log.py:80  [Locator] The element is not found via >> {'AXIdentifier': 'IDC_CLALERT_MESSAGE'} <<
DEBUG    urllib3.connectionpool:connectionpool.py:544 http://192.168.7.189:8080 "POST /api/v2/default_personal/log HTTP/1.1" 201 None
DEBUG    urllib3.connectionpool:connectionpool.py:544 http://192.168.7.189:8080 "PUT /api/v2/default_personal/item/dda57d3d-3e61-4a52-884c-2c89d2cd2117 HTTP/1.1" 200 None
DEBUG    reportportal_client.client:client.py:690 finish_test_item - ID: dda57d3d-3e61-4a52-884c-2c89d2cd2117
DEBUG    reportportal_client.client:client.py:691 response message: Accepted finish request for test item ID = dda57d3d-3e61-4a52-884c-2c89d2cd2117
DEBUG    urllib3.connectionpool:connectionpool.py:544 http://192.168.7.189:8080 "PUT /api/v2/default_personal/item/17921e6f-1a57-4605-b452-9530c5b9cb87 HTTP/1.1" 200 None
DEBUG    reportportal_client.client:client.py:690 finish_test_item - ID: 17921e6f-1a57-4605-b452-9530c5b9cb87
DEBUG    reportportal_client.client:client.py:691 response message: Accepted finish request for test item ID = 17921e6f-1a57-4605-b452-9530c5b9cb87
DEBUG    my_package:__init__.py:122 [STEP]: [Action] Handle high definition dialog
DEBUG    urllib3.connectionpool:connectionpool.py:544 http://192.168.7.189:8080 "POST /api/v2/default_personal/item/891c42cd-3ade-468d-b01e-b2c4418d3d7a HTTP/1.1" 201 None
DEBUG    reportportal_client.client:client.py:635 start_test_item - ID: a6c578aa-89b1-46fd-9dab-c77011a6bdfc
DEBUG    my_package:__init__.py:122 [STEP]: [Action][Media_Room] Handle high definition dialog
DEBUG    urllib3.connectionpool:connectionpool.py:544 http://192.168.7.189:8080 "POST /api/v2/default_personal/item/a6c578aa-89b1-46fd-9dab-c77011a6bdfc HTTP/1.1" 201 None
DEBUG    reportportal_client.client:client.py:635 start_test_item - ID: b6818998-03ff-4b92-b0be-b67834ed05fa
DEBUG    urllib3.connectionpool:connectionpool.py:544 http://192.168.7.189:8080 "PUT /api/v2/default_personal/item/b6818998-03ff-4b92-b0be-b67834ed05fa HTTP/1.1" 200 None
DEBUG    reportportal_client.client:client.py:690 finish_test_item - ID: b6818998-03ff-4b92-b0be-b67834ed05fa
DEBUG    reportportal_client.client:client.py:691 response message: Accepted finish request for test item ID = b6818998-03ff-4b92-b0be-b67834ed05fa
DEBUG    urllib3.connectionpool:connectionpool.py:544 http://192.168.7.189:8080 "PUT /api/v2/default_personal/item/a6c578aa-89b1-46fd-9dab-c77011a6bdfc HTTP/1.1" 200 None
DEBUG    reportportal_client.client:client.py:690 finish_test_item - ID: a6c578aa-89b1-46fd-9dab-c77011a6bdfc
DEBUG    reportportal_client.client:client.py:691 response message: Accepted finish request for test item ID = a6c578aa-89b1-46fd-9dab-c77011a6bdfc
DEBUG    my_package:__init__.py:122 [STEP]: [Action] Press [Esc] to close iStock window
DEBUG    urllib3.connectionpool:connectionpool.py:544 http://192.168.7.189:8080 "POST /api/v2/default_personal/item/891c42cd-3ade-468d-b01e-b2c4418d3d7a HTTP/1.1" 201 None
DEBUG    reportportal_client.client:client.py:635 start_test_item - ID: f86d0c7b-d863-4ae1-bc93-0a47821f3b32
DEBUG    my_package:__init__.py:122 [STEP]: [Action][Base_page] Press [Esc] key
DEBUG    urllib3.connectionpool:connectionpool.py:544 http://192.168.7.189:8080 "POST /api/v2/default_personal/item/f86d0c7b-d863-4ae1-bc93-0a47821f3b32 HTTP/1.1" 201 None
DEBUG    reportportal_client.client:client.py:635 start_test_item - ID: 8da05c1e-6d85-4d51-b309-203fa51f43ef
DEBUG    urllib3.connectionpool:connectionpool.py:544 http://192.168.7.189:8080 "PUT /api/v2/default_personal/item/8da05c1e-6d85-4d51-b309-203fa51f43ef HTTP/1.1" 200 None
DEBUG    reportportal_client.client:client.py:690 finish_test_item - ID: 8da05c1e-6d85-4d51-b309-203fa51f43ef
DEBUG    reportportal_client.client:client.py:691 response message: Accepted finish request for test item ID = 8da05c1e-6d85-4d51-b309-203fa51f43ef
DEBUG    urllib3.connectionpool:connectionpool.py:544 http://192.168.7.189:8080 "PUT /api/v2/default_personal/item/f86d0c7b-d863-4ae1-bc93-0a47821f3b32 HTTP/1.1" 200 None
DEBUG    reportportal_client.client:client.py:690 finish_test_item - ID: f86d0c7b-d863-4ae1-bc93-0a47821f3b32
DEBUG    reportportal_client.client:client.py:691 response message: Accepted finish request for test item ID = f86d0c7b-d863-4ae1-bc93-0a47821f3b32
DEBUG    my_package:__init__.py:122 [STEP]: [Verify] Check that preview is different after download complete
DEBUG    urllib3.connectionpool:connectionpool.py:544 http://192.168.7.189:8080 "POST /api/v2/default_personal/item/891c42cd-3ade-468d-b01e-b2c4418d3d7a HTTP/1.1" 201 None
DEBUG    reportportal_client.client:client.py:635 start_test_item - ID: 319a1fd3-0bf5-4a6f-ae27-8f2a81b07d6a
DEBUG    my_package:__init__.py:122 [STEP]: [Action] Base_page: Snapshot
DEBUG    urllib3.connectionpool:connectionpool.py:544 http://192.168.7.189:8080 "POST /api/v2/default_personal/item/319a1fd3-0bf5-4a6f-ae27-8f2a81b07d6a HTTP/1.1" 201 None
DEBUG    reportportal_client.client:client.py:635 start_test_item - ID: 6bc048f5-712c-4945-8f8d-6e6f427955a3
DEBUG    urllib3.connectionpool:connectionpool.py:544 http://192.168.7.189:8080 "PUT /api/v2/default_personal/item/6bc048f5-712c-4945-8f8d-6e6f427955a3 HTTP/1.1" 200 None
DEBUG    reportportal_client.client:client.py:690 finish_test_item - ID: 6bc048f5-712c-4945-8f8d-6e6f427955a3
DEBUG    reportportal_client.client:client.py:691 response message: Accepted finish request for test item ID = 6bc048f5-712c-4945-8f8d-6e6f427955a3
DEBUG    my_package:__init__.py:122 [STEP]: [Action] Base_page: Compare Images
DEBUG    urllib3.connectionpool:connectionpool.py:544 http://192.168.7.189:8080 "POST /api/v2/default_personal/item/319a1fd3-0bf5-4a6f-ae27-8f2a81b07d6a HTTP/1.1" 201 None
DEBUG    reportportal_client.client:client.py:635 start_test_item - ID: bb12e8e7-91a8-451b-b5d5-afd102848aa0
DEBUG    ATFramework:log.py:80  source_path='/var/folders/yh/gry3198j28v1cbcqgwd35c680000gn/T/mac_driver/b8f72407-1436-4cf7-bf96-e576095715e5.png'
target_path='/var/folders/yh/gry3198j28v1cbcqgwd35c680000gn/T/mac_driver/8bdbd500-7a1e-473e-8035-3c1dcfb8c0b6.png'
similarity=0.95
DEBUG    ATFramework:log.py:80  Result similarity = 0.5247266497462988
DEBUG    urllib3.connectionpool:connectionpool.py:544 http://192.168.7.189:8080 "PUT /api/v2/default_personal/item/bb12e8e7-91a8-451b-b5d5-afd102848aa0 HTTP/1.1" 200 None
DEBUG    reportportal_client.client:client.py:690 finish_test_item - ID: bb12e8e7-91a8-451b-b5d5-afd102848aa0
DEBUG    reportportal_client.client:client.py:691 response message: Accepted finish request for test item ID = bb12e8e7-91a8-451b-b5d5-afd102848aa0
DEBUG    urllib3.connectionpool:connectionpool.py:544 http://192.168.7.189:8080 "PUT /api/v2/default_personal/item/319a1fd3-0bf5-4a6f-ae27-8f2a81b07d6a HTTP/1.1" 200 None
DEBUG    reportportal_client.client:client.py:690 finish_test_item - ID: 319a1fd3-0bf5-4a6f-ae27-8f2a81b07d6a
DEBUG    reportportal_client.client:client.py:691 response message: Accepted finish request for test item ID = 319a1fd3-0bf5-4a6f-ae27-8f2a81b07d6a
DEBUG    pytest_reportportal.service:service.py:765 ReportPortal - Finish TestItem: request_body={'attributes': [{'value': 'stock_media'}, {'value': 'media_room_func'}, {'value': 'content_pack'}], 'end_time': '1742549302085', 'status': 'PASSED', 'issue': None, 'item_id': '891c42cd-3ade-468d-b01e-b2c4418d3d7a'}
DEBUG    urllib3.connectionpool:connectionpool.py:544 http://192.168.7.189:8080 "PUT /api/v2/default_personal/item/891c42cd-3ade-468d-b01e-b2c4418d3d7a HTTP/1.1" 200 None
DEBUG    reportportal_client.client:client.py:690 finish_test_item - ID: 891c42cd-3ade-468d-b01e-b2c4418d3d7a
DEBUG    reportportal_client.client:client.py:691 response message: Accepted finish request for test item ID = 891c42cd-3ade-468d-b01e-b2c4418d3d7a
DEBUG    pytest_reportportal.service:service.py:695 ReportPortal - Start TestItem: request_body={'attributes': [{'value': 'media_room_func'}, {'value': 'media_room'}, {'value': 'import_media'}], 'name': '[test_media_room_func_2_14] Verify preview is different after importing local media file', 'description': "0. Ensure the dependency test is run and passed\n1. Switch to (Media Content) category in Media Room and capture screenshot (locator=main_page.area.preview.main)\n2. Import [Media File] from local (Test_Material_Folder + 'Produce_Local/Y man.mp4') and handle high definition dialog\n3. Check preview is different after import", 'start_time': '1742549302102', 'item_type': 'STEP', 'code_ref': 'test_BFT_PDR23_stage1_reportportal.py:Test_BFT_365_OS14.test_media_room_func_2_14', 'parameters': None, 'parent_item_id': None, 'test_case_id': 'test_BFT_PDR23_stage1_reportportal.py:Test_BFT_365_OS14.test_media_room_func_2_14'}
DEBUG    urllib3.connectionpool:connectionpool.py:544 http://192.168.7.189:8080 "POST /api/v2/default_personal/item HTTP/1.1" 201 None
DEBUG    reportportal_client.client:client.py:635 start_test_item - ID: 952f9bc9-910c-4dc3-b48c-3dd0da1d2653
DEBUG    my_package:__init__.py:122 [STEP]: [Initial] Check dependency test result
DEBUG    urllib3.connectionpool:connectionpool.py:544 http://192.168.7.189:8080 "POST /api/v2/default_personal/item/952f9bc9-910c-4dc3-b48c-3dd0da1d2653 HTTP/1.1" 201 None
DEBUG    reportportal_client.client:client.py:635 start_test_item - ID: a36c7fd3-5ea0-4055-83fd-b47488471260
DEBUG    urllib3.connectionpool:connectionpool.py:544 http://192.168.7.189:8080 "PUT /api/v2/default_personal/item/a36c7fd3-5ea0-4055-83fd-b47488471260 HTTP/1.1" 200 None
DEBUG    reportportal_client.client:client.py:690 finish_test_item - ID: a36c7fd3-5ea0-4055-83fd-b47488471260
DEBUG    reportportal_client.client:client.py:691 response message: Accepted finish request for test item ID = a36c7fd3-5ea0-4055-83fd-b47488471260
DEBUG    my_package:__init__.py:122 [STEP]: [Action] Switch to Media Content category and capture initial preview screenshot
DEBUG    urllib3.connectionpool:connectionpool.py:544 http://192.168.7.189:8080 "POST /api/v2/default_personal/item/952f9bc9-910c-4dc3-b48c-3dd0da1d2653 HTTP/1.1" 201 None
DEBUG    reportportal_client.client:client.py:635 start_test_item - ID: 56332afe-b09f-4249-81ed-e795e5bdc1a5
DEBUG    my_package:__init__.py:122 [STEP]: [Action][Media Room] Enter [Media Content] Category
DEBUG    urllib3.connectionpool:connectionpool.py:544 http://192.168.7.189:8080 "POST /api/v2/default_personal/item/56332afe-b09f-4249-81ed-e795e5bdc1a5 HTTP/1.1" 201 None
DEBUG    reportportal_client.client:client.py:635 start_test_item - ID: 09bee1e2-6c0b-437a-a6d8-24fdcedfc868
DEBUG    urllib3.connectionpool:connectionpool.py:544 http://192.168.7.189:8080 "PUT /api/v2/default_personal/item/09bee1e2-6c0b-437a-a6d8-24fdcedfc868 HTTP/1.1" 200 None
DEBUG    reportportal_client.client:client.py:690 finish_test_item - ID: 09bee1e2-6c0b-437a-a6d8-24fdcedfc868
DEBUG    reportportal_client.client:client.py:691 response message: Accepted finish request for test item ID = 09bee1e2-6c0b-437a-a6d8-24fdcedfc868
DEBUG    my_package:__init__.py:122 [STEP]: [Action] Base_page: Snapshot
DEBUG    urllib3.connectionpool:connectionpool.py:544 http://192.168.7.189:8080 "POST /api/v2/default_personal/item/56332afe-b09f-4249-81ed-e795e5bdc1a5 HTTP/1.1" 201 None
DEBUG    reportportal_client.client:client.py:635 start_test_item - ID: 9dbacff5-464b-49cf-82c4-9fcae7e00100
DEBUG    urllib3.connectionpool:connectionpool.py:544 http://192.168.7.189:8080 "POST /api/v2/default_personal/log HTTP/1.1" 201 None
DEBUG    urllib3.connectionpool:connectionpool.py:544 http://192.168.7.189:8080 "PUT /api/v2/default_personal/item/9dbacff5-464b-49cf-82c4-9fcae7e00100 HTTP/1.1" 200 None
DEBUG    reportportal_client.client:client.py:690 finish_test_item - ID: 9dbacff5-464b-49cf-82c4-9fcae7e00100
DEBUG    reportportal_client.client:client.py:691 response message: Accepted finish request for test item ID = 9dbacff5-464b-49cf-82c4-9fcae7e00100
DEBUG    urllib3.connectionpool:connectionpool.py:544 http://192.168.7.189:8080 "PUT /api/v2/default_personal/item/56332afe-b09f-4249-81ed-e795e5bdc1a5 HTTP/1.1" 200 None
DEBUG    reportportal_client.client:client.py:690 finish_test_item - ID: 56332afe-b09f-4249-81ed-e795e5bdc1a5
DEBUG    reportportal_client.client:client.py:691 response message: Accepted finish request for test item ID = 56332afe-b09f-4249-81ed-e795e5bdc1a5
DEBUG    my_package:__init__.py:122 [STEP]: [Action] Import media file and handle high definition dialog
DEBUG    urllib3.connectionpool:connectionpool.py:544 http://192.168.7.189:8080 "POST /api/v2/default_personal/item/952f9bc9-910c-4dc3-b48c-3dd0da1d2653 HTTP/1.1" 201 None
DEBUG    reportportal_client.client:client.py:635 start_test_item - ID: 10966072-072d-4cf3-948a-5c53f017814c
DEBUG    my_package:__init__.py:122 [STEP]: [Action][Media Room] Import media for local file
DEBUG    urllib3.connectionpool:connectionpool.py:544 http://192.168.7.189:8080 "POST /api/v2/default_personal/item/10966072-072d-4cf3-948a-5c53f017814c HTTP/1.1" 201 None
DEBUG    reportportal_client.client:client.py:635 start_test_item - ID: 49fa2270-4325-47c2-8fc4-630ebe01f68f
DEBUG    my_package:__init__.py:122 [STEP]: [Action][Base_page] Select file in file picker
DEBUG    urllib3.connectionpool:connectionpool.py:544 http://192.168.7.189:8080 "POST /api/v2/default_personal/item/49fa2270-4325-47c2-8fc4-630ebe01f68f HTTP/1.1" 201 None
DEBUG    reportportal_client.client:client.py:635 start_test_item - ID: c4c39804-fbbe-4c00-9f29-83451fb6338c
DEBUG    ATFramework:log.py:80  current version: 14.0
DEBUG    ATFramework:log.py:80  [Locator] The element is not found via >> {'AXIdentifier': 'NS_OPEN_SAVE_DISCLOSURE_TRIANGLE'} <<
DEBUG    ATFramework:log.py:80  base='/Users/qadf_at/Desktop'
DEBUG    ATFramework:log.py:80  base='/Users/qadf_at/Desktop/AT'
DEBUG    ATFramework:log.py:80  base='/Users/qadf_at/Desktop/AT/Material_m320'
DEBUG    ATFramework:log.py:80  base='/Users/qadf_at/Desktop/AT/Material_m320/Produce_Local'
DEBUG    ATFramework:log.py:80  base='/Users/qadf_at/Desktop/AT/Material_m320/Produce_Local/Y man.mp4'
DEBUG    urllib3.connectionpool:connectionpool.py:544 http://192.168.7.189:8080 "PUT /api/v2/default_personal/item/c4c39804-fbbe-4c00-9f29-83451fb6338c HTTP/1.1" 200 None
DEBUG    reportportal_client.client:client.py:690 finish_test_item - ID: c4c39804-fbbe-4c00-9f29-83451fb6338c
DEBUG    reportportal_client.client:client.py:691 response message: Accepted finish request for test item ID = c4c39804-fbbe-4c00-9f29-83451fb6338c
DEBUG    urllib3.connectionpool:connectionpool.py:544 http://192.168.7.189:8080 "PUT /api/v2/default_personal/item/49fa2270-4325-47c2-8fc4-630ebe01f68f HTTP/1.1" 200 None
DEBUG    reportportal_client.client:client.py:690 finish_test_item - ID: 49fa2270-4325-47c2-8fc4-630ebe01f68f
DEBUG    reportportal_client.client:client.py:691 response message: Accepted finish request for test item ID = 49fa2270-4325-47c2-8fc4-630ebe01f68f
DEBUG    my_package:__init__.py:122 [STEP]: [Action][Media_Room] Handle high definition dialog
DEBUG    urllib3.connectionpool:connectionpool.py:544 http://192.168.7.189:8080 "POST /api/v2/default_personal/item/10966072-072d-4cf3-948a-5c53f017814c HTTP/1.1" 201 None
DEBUG    reportportal_client.client:client.py:635 start_test_item - ID: 26faadb7-cfac-4208-b5b4-f6d27cd8d04c
DEBUG    urllib3.connectionpool:connectionpool.py:544 http://192.168.7.189:8080 "PUT /api/v2/default_personal/item/26faadb7-cfac-4208-b5b4-f6d27cd8d04c HTTP/1.1" 200 None
DEBUG    reportportal_client.client:client.py:690 finish_test_item - ID: 26faadb7-cfac-4208-b5b4-f6d27cd8d04c
DEBUG    reportportal_client.client:client.py:691 response message: Accepted finish request for test item ID = 26faadb7-cfac-4208-b5b4-f6d27cd8d04c
DEBUG    urllib3.connectionpool:connectionpool.py:544 http://192.168.7.189:8080 "PUT /api/v2/default_personal/item/10966072-072d-4cf3-948a-5c53f017814c HTTP/1.1" 200 None
DEBUG    reportportal_client.client:client.py:690 finish_test_item - ID: 10966072-072d-4cf3-948a-5c53f017814c
DEBUG    reportportal_client.client:client.py:691 response message: Accepted finish request for test item ID = 10966072-072d-4cf3-948a-5c53f017814c
DEBUG    my_package:__init__.py:122 [STEP]: [Verify] Check that preview is different after import
DEBUG    urllib3.connectionpool:connectionpool.py:544 http://192.168.7.189:8080 "POST /api/v2/default_personal/item/952f9bc9-910c-4dc3-b48c-3dd0da1d2653 HTTP/1.1" 201 None
DEBUG    reportportal_client.client:client.py:635 start_test_item - ID: 4fa02509-1b0a-465f-83d4-3c2357f2e3cf
DEBUG    my_package:__init__.py:122 [STEP]: [Action] Base_page: Snapshot
DEBUG    urllib3.connectionpool:connectionpool.py:544 http://192.168.7.189:8080 "POST /api/v2/default_personal/item/4fa02509-1b0a-465f-83d4-3c2357f2e3cf HTTP/1.1" 201 None
DEBUG    reportportal_client.client:client.py:635 start_test_item - ID: 8cd43f88-1f57-4665-a10b-9bec1a98a803
DEBUG    urllib3.connectionpool:connectionpool.py:544 http://192.168.7.189:8080 "PUT /api/v2/default_personal/item/8cd43f88-1f57-4665-a10b-9bec1a98a803 HTTP/1.1" 200 None
DEBUG    reportportal_client.client:client.py:690 finish_test_item - ID: 8cd43f88-1f57-4665-a10b-9bec1a98a803
DEBUG    reportportal_client.client:client.py:691 response message: Accepted finish request for test item ID = 8cd43f88-1f57-4665-a10b-9bec1a98a803
DEBUG    my_package:__init__.py:122 [STEP]: [Action] Base_page: Compare Images
DEBUG    urllib3.connectionpool:connectionpool.py:544 http://192.168.7.189:8080 "POST /api/v2/default_personal/item/4fa02509-1b0a-465f-83d4-3c2357f2e3cf HTTP/1.1" 201 None
DEBUG    reportportal_client.client:client.py:635 start_test_item - ID: a71358c6-a1ca-4942-be9d-c91217fe1605
DEBUG    ATFramework:log.py:80  source_path='/var/folders/yh/gry3198j28v1cbcqgwd35c680000gn/T/mac_driver/1241f4ab-ecef-450d-ad38-b45a80966046.png'
target_path='/var/folders/yh/gry3198j28v1cbcqgwd35c680000gn/T/mac_driver/d8c7982e-bb77-4cc9-922b-2246205ca43d.png'
similarity=0.95
DEBUG    urllib3.connectionpool:connectionpool.py:544 http://192.168.7.189:8080 "POST /api/v2/default_personal/log HTTP/1.1" 201 None
DEBUG    ATFramework:log.py:80  Result similarity = 0.7675155401229858
DEBUG    urllib3.connectionpool:connectionpool.py:544 http://192.168.7.189:8080 "PUT /api/v2/default_personal/item/a71358c6-a1ca-4942-be9d-c91217fe1605 HTTP/1.1" 200 None
DEBUG    reportportal_client.client:client.py:690 finish_test_item - ID: a71358c6-a1ca-4942-be9d-c91217fe1605
DEBUG    reportportal_client.client:client.py:691 response message: Accepted finish request for test item ID = a71358c6-a1ca-4942-be9d-c91217fe1605
DEBUG    urllib3.connectionpool:connectionpool.py:544 http://192.168.7.189:8080 "PUT /api/v2/default_personal/item/4fa02509-1b0a-465f-83d4-3c2357f2e3cf HTTP/1.1" 200 None
DEBUG    reportportal_client.client:client.py:690 finish_test_item - ID: 4fa02509-1b0a-465f-83d4-3c2357f2e3cf
DEBUG    reportportal_client.client:client.py:691 response message: Accepted finish request for test item ID = 4fa02509-1b0a-465f-83d4-3c2357f2e3cf
DEBUG    pytest_reportportal.service:service.py:765 ReportPortal - Finish TestItem: request_body={'attributes': [{'value': 'media_room_func'}, {'value': 'media_room'}, {'value': 'import_media'}], 'end_time': '1742549330081', 'status': 'PASSED', 'issue': None, 'item_id': '952f9bc9-910c-4dc3-b48c-3dd0da1d2653'}
DEBUG    urllib3.connectionpool:connectionpool.py:544 http://192.168.7.189:8080 "PUT /api/v2/default_personal/item/952f9bc9-910c-4dc3-b48c-3dd0da1d2653 HTTP/1.1" 200 None
DEBUG    reportportal_client.client:client.py:690 finish_test_item - ID: 952f9bc9-910c-4dc3-b48c-3dd0da1d2653
DEBUG    reportportal_client.client:client.py:691 response message: Accepted finish request for test item ID = 952f9bc9-910c-4dc3-b48c-3dd0da1d2653
DEBUG    pytest_reportportal.service:service.py:695 ReportPortal - Start TestItem: request_body={'attributes': [{'value': 'library_preview'}, {'value': 'media_room_func'}, {'value': 'media_room'}], 'name': '[test_media_room_func_2_15] Click [Show Library Preview Window] and check result', 'description': '0. Ensure the dependency test is run and passed\n1. Click [Show Library Preview Window] from top menu bar and check result', 'start_time': '1742549330090', 'item_type': 'STEP', 'code_ref': 'test_BFT_PDR23_stage1_reportportal.py:Test_BFT_365_OS14.test_media_room_func_2_15', 'parameters': None, 'parent_item_id': None, 'test_case_id': 'test_BFT_PDR23_stage1_reportportal.py:Test_BFT_365_OS14.test_media_room_func_2_15'}
DEBUG    urllib3.connectionpool:connectionpool.py:544 http://192.168.7.189:8080 "POST /api/v2/default_personal/item HTTP/1.1" 201 None
DEBUG    reportportal_client.client:client.py:635 start_test_item - ID: 28d9ad37-46c1-4c96-a2d1-7c2f3c7ffd39
DEBUG    my_package:__init__.py:122 [STEP]: [Initial] Check dependency test result
DEBUG    urllib3.connectionpool:connectionpool.py:544 http://192.168.7.189:8080 "POST /api/v2/default_personal/item/28d9ad37-46c1-4c96-a2d1-7c2f3c7ffd39 HTTP/1.1" 201 None
DEBUG    reportportal_client.client:client.py:635 start_test_item - ID: 98064b7e-55aa-4165-8e1a-487b74aff3ca
DEBUG    urllib3.connectionpool:connectionpool.py:544 http://192.168.7.189:8080 "PUT /api/v2/default_personal/item/98064b7e-55aa-4165-8e1a-487b74aff3ca HTTP/1.1" 200 None
DEBUG    reportportal_client.client:client.py:690 finish_test_item - ID: 98064b7e-55aa-4165-8e1a-487b74aff3ca
DEBUG    reportportal_client.client:client.py:691 response message: Accepted finish request for test item ID = 98064b7e-55aa-4165-8e1a-487b74aff3ca
DEBUG    my_package:__init__.py:122 [STEP]: [Action] Click [Show Library Preview Window] from top menu bar
DEBUG    urllib3.connectionpool:connectionpool.py:544 http://192.168.7.189:8080 "POST /api/v2/default_personal/item/28d9ad37-46c1-4c96-a2d1-7c2f3c7ffd39 HTTP/1.1" 201 None
DEBUG    reportportal_client.client:client.py:635 start_test_item - ID: a1f28c71-c532-4e63-8edf-1019d2597e49
DEBUG    my_package:__init__.py:122 [STEP]: [Action][Main_page] Click [Show Library Preview Window] from top menu bar
DEBUG    urllib3.connectionpool:connectionpool.py:544 http://192.168.7.189:8080 "POST /api/v2/default_personal/item/a1f28c71-c532-4e63-8edf-1019d2597e49 HTTP/1.1" 201 None
DEBUG    reportportal_client.client:client.py:635 start_test_item - ID: 0de7658f-4359-4b07-b622-50a124073540
DEBUG    urllib3.connectionpool:connectionpool.py:544 http://192.168.7.189:8080 "PUT /api/v2/default_personal/item/0de7658f-4359-4b07-b622-50a124073540 HTTP/1.1" 200 None
DEBUG    reportportal_client.client:client.py:690 finish_test_item - ID: 0de7658f-4359-4b07-b622-50a124073540
DEBUG    reportportal_client.client:client.py:691 response message: Accepted finish request for test item ID = 0de7658f-4359-4b07-b622-50a124073540
DEBUG    urllib3.connectionpool:connectionpool.py:544 http://192.168.7.189:8080 "PUT /api/v2/default_personal/item/a1f28c71-c532-4e63-8edf-1019d2597e49 HTTP/1.1" 200 None
DEBUG    reportportal_client.client:client.py:690 finish_test_item - ID: a1f28c71-c532-4e63-8edf-1019d2597e49
DEBUG    reportportal_client.client:client.py:691 response message: Accepted finish request for test item ID = a1f28c71-c532-4e63-8edf-1019d2597e49
DEBUG    pytest_reportportal.service:service.py:765 ReportPortal - Finish TestItem: request_body={'attributes': [{'value': 'library_preview'}, {'value': 'media_room_func'}, {'value': 'media_room'}], 'end_time': '1742549337604', 'status': 'PASSED', 'issue': None, 'item_id': '28d9ad37-46c1-4c96-a2d1-7c2f3c7ffd39'}
DEBUG    urllib3.connectionpool:connectionpool.py:544 http://192.168.7.189:8080 "PUT /api/v2/default_personal/item/28d9ad37-46c1-4c96-a2d1-7c2f3c7ffd39 HTTP/1.1" 200 None
DEBUG    reportportal_client.client:client.py:690 finish_test_item - ID: 28d9ad37-46c1-4c96-a2d1-7c2f3c7ffd39
DEBUG    reportportal_client.client:client.py:691 response message: Accepted finish request for test item ID = 28d9ad37-46c1-4c96-a2d1-7c2f3c7ffd39
DEBUG    pytest_reportportal.service:service.py:695 ReportPortal - Start TestItem: request_body={'attributes': [{'value': 'media_room_func'}, {'value': 'play_video'}, {'value': 'media_room'}], 'name': '[test_media_room_func_2_16] Verify library preview update after Play/ Pause/ Stop video', 'description': '0. Ensure the dependency test is run and passed\n1. Screenshot (locator=L.library_preview.upper_view_region)\n2. Click [Preview Operation] for (Play)(0) in library preview window and wait for DELAY_TIME\n3. Click [Preview Operation] for (Pause)(0) in library preview window and wait for DELAY_TIME\n4. Check if preview is updated (similarity=0.98)\n5. Click [Preview Operation] for (Stop)(1) in library preview window and wait for DELAY_TIME\n6. Check if preview is the same as initial preview (similarity=0.95)', 'start_time': '1742549337614', 'item_type': 'STEP', 'code_ref': 'test_BFT_PDR23_stage1_reportportal.py:Test_BFT_365_OS14.test_media_room_func_2_16', 'parameters': None, 'parent_item_id': None, 'test_case_id': 'test_BFT_PDR23_stage1_reportportal.py:Test_BFT_365_OS14.test_media_room_func_2_16'}
DEBUG    urllib3.connectionpool:connectionpool.py:544 http://192.168.7.189:8080 "POST /api/v2/default_personal/item HTTP/1.1" 201 None
DEBUG    reportportal_client.client:client.py:635 start_test_item - ID: ae186e78-28ca-4e46-8821-25fa20077474
DEBUG    my_package:__init__.py:122 [STEP]: [Initial] Check dependency test result
DEBUG    urllib3.connectionpool:connectionpool.py:544 http://192.168.7.189:8080 "POST /api/v2/default_personal/item/ae186e78-28ca-4e46-8821-25fa20077474 HTTP/1.1" 201 None
DEBUG    reportportal_client.client:client.py:635 start_test_item - ID: 2b880563-4d85-4155-ba09-8d6a000d6c98
DEBUG    urllib3.connectionpool:connectionpool.py:544 http://192.168.7.189:8080 "PUT /api/v2/default_personal/item/2b880563-4d85-4155-ba09-8d6a000d6c98 HTTP/1.1" 200 None
DEBUG    reportportal_client.client:client.py:690 finish_test_item - ID: 2b880563-4d85-4155-ba09-8d6a000d6c98
DEBUG    reportportal_client.client:client.py:691 response message: Accepted finish request for test item ID = 2b880563-4d85-4155-ba09-8d6a000d6c98
DEBUG    my_package:__init__.py:122 [STEP]: [Action] Capture initial library preview screenshot
DEBUG    urllib3.connectionpool:connectionpool.py:544 http://192.168.7.189:8080 "POST /api/v2/default_personal/item/ae186e78-28ca-4e46-8821-25fa20077474 HTTP/1.1" 201 None
DEBUG    reportportal_client.client:client.py:635 start_test_item - ID: 04eddd7f-29e9-40b7-bf3a-34ad53416a6f
DEBUG    my_package:__init__.py:122 [STEP]: [Action] Base_page: Snapshot
DEBUG    urllib3.connectionpool:connectionpool.py:544 http://192.168.7.189:8080 "POST /api/v2/default_personal/item/04eddd7f-29e9-40b7-bf3a-34ad53416a6f HTTP/1.1" 201 None
DEBUG    reportportal_client.client:client.py:635 start_test_item - ID: b2e8d5fe-5b80-40b9-9f37-ef56ede68868
DEBUG    urllib3.connectionpool:connectionpool.py:544 http://192.168.7.189:8080 "PUT /api/v2/default_personal/item/b2e8d5fe-5b80-40b9-9f37-ef56ede68868 HTTP/1.1" 200 None
DEBUG    reportportal_client.client:client.py:690 finish_test_item - ID: b2e8d5fe-5b80-40b9-9f37-ef56ede68868
DEBUG    reportportal_client.client:client.py:691 response message: Accepted finish request for test item ID = b2e8d5fe-5b80-40b9-9f37-ef56ede68868
DEBUG    urllib3.connectionpool:connectionpool.py:544 http://192.168.7.189:8080 "PUT /api/v2/default_personal/item/04eddd7f-29e9-40b7-bf3a-34ad53416a6f HTTP/1.1" 200 None
DEBUG    reportportal_client.client:client.py:690 finish_test_item - ID: 04eddd7f-29e9-40b7-bf3a-34ad53416a6f
DEBUG    reportportal_client.client:client.py:691 response message: Accepted finish request for test item ID = 04eddd7f-29e9-40b7-bf3a-34ad53416a6f
DEBUG    my_package:__init__.py:122 [STEP]: [Action] Click [Preview Operation] for Play in library preview window
DEBUG    urllib3.connectionpool:connectionpool.py:544 http://192.168.7.189:8080 "POST /api/v2/default_personal/item/ae186e78-28ca-4e46-8821-25fa20077474 HTTP/1.1" 201 None
DEBUG    reportportal_client.client:client.py:635 start_test_item - ID: 549d3496-ef16-4201-91c2-2b674d9ed13a
DEBUG    my_package:__init__.py:122 [STEP]: [Action][Library Preview] Click Preview Operation for Play/ Pause/ Stop/ Previous Frame/ Next Frame/ Fast Forward
DEBUG    urllib3.connectionpool:connectionpool.py:544 http://192.168.7.189:8080 "POST /api/v2/default_personal/item/549d3496-ef16-4201-91c2-2b674d9ed13a HTTP/1.1" 201 None
DEBUG    reportportal_client.client:client.py:635 start_test_item - ID: e90ff2c9-3bf0-44d6-8f83-4df6453368fb
DEBUG    ATFramework:log.py:80  00:00:00:00
DEBUG    urllib3.connectionpool:connectionpool.py:544 http://192.168.7.189:8080 "PUT /api/v2/default_personal/item/e90ff2c9-3bf0-44d6-8f83-4df6453368fb HTTP/1.1" 200 None
DEBUG    reportportal_client.client:client.py:690 finish_test_item - ID: e90ff2c9-3bf0-44d6-8f83-4df6453368fb
DEBUG    reportportal_client.client:client.py:691 response message: Accepted finish request for test item ID = e90ff2c9-3bf0-44d6-8f83-4df6453368fb
DEBUG    urllib3.connectionpool:connectionpool.py:544 http://192.168.7.189:8080 "PUT /api/v2/default_personal/item/549d3496-ef16-4201-91c2-2b674d9ed13a HTTP/1.1" 200 None
DEBUG    reportportal_client.client:client.py:690 finish_test_item - ID: 549d3496-ef16-4201-91c2-2b674d9ed13a
DEBUG    reportportal_client.client:client.py:691 response message: Accepted finish request for test item ID = 549d3496-ef16-4201-91c2-2b674d9ed13a
DEBUG    my_package:__init__.py:122 [STEP]: [Action] Click [Preview Operation] for Pause in library preview window
DEBUG    urllib3.connectionpool:connectionpool.py:544 http://192.168.7.189:8080 "POST /api/v2/default_personal/item/ae186e78-28ca-4e46-8821-25fa20077474 HTTP/1.1" 201 None
DEBUG    reportportal_client.client:client.py:635 start_test_item - ID: 1eb4e50d-a73e-4559-9601-1c2201a873ff
DEBUG    my_package:__init__.py:122 [STEP]: [Action][Library Preview] Click Preview Operation for Play/ Pause/ Stop/ Previous Frame/ Next Frame/ Fast Forward
DEBUG    urllib3.connectionpool:connectionpool.py:544 http://192.168.7.189:8080 "POST /api/v2/default_personal/item/1eb4e50d-a73e-4559-9601-1c2201a873ff HTTP/1.1" 201 None
DEBUG    reportportal_client.client:client.py:635 start_test_item - ID: 69839a9d-1d31-471f-8c5d-a0e61283cac1
DEBUG    ATFramework:log.py:80  00:00:00:00
DEBUG    ATFramework:log.py:80  [Locator] The element is not found via >> {'AXIdentifier': 'IDC_LIB_PREVIEW_BTN_PLAY', 'AXRole': 'AXButton'} <<
DEBUG    urllib3.connectionpool:connectionpool.py:544 http://192.168.7.189:8080 "POST /api/v2/default_personal/log HTTP/1.1" 201 None
DEBUG    urllib3.connectionpool:connectionpool.py:544 http://192.168.7.189:8080 "PUT /api/v2/default_personal/item/69839a9d-1d31-471f-8c5d-a0e61283cac1 HTTP/1.1" 200 None
DEBUG    reportportal_client.client:client.py:690 finish_test_item - ID: 69839a9d-1d31-471f-8c5d-a0e61283cac1
DEBUG    reportportal_client.client:client.py:691 response message: Accepted finish request for test item ID = 69839a9d-1d31-471f-8c5d-a0e61283cac1
DEBUG    urllib3.connectionpool:connectionpool.py:544 http://192.168.7.189:8080 "PUT /api/v2/default_personal/item/1eb4e50d-a73e-4559-9601-1c2201a873ff HTTP/1.1" 200 None
DEBUG    reportportal_client.client:client.py:690 finish_test_item - ID: 1eb4e50d-a73e-4559-9601-1c2201a873ff
DEBUG    reportportal_client.client:client.py:691 response message: Accepted finish request for test item ID = 1eb4e50d-a73e-4559-9601-1c2201a873ff
DEBUG    my_package:__init__.py:122 [STEP]: [Verify] Check if preview is updated (should be different from initial, similarity < 0.98)
DEBUG    urllib3.connectionpool:connectionpool.py:544 http://192.168.7.189:8080 "POST /api/v2/default_personal/item/ae186e78-28ca-4e46-8821-25fa20077474 HTTP/1.1" 201 None
DEBUG    reportportal_client.client:client.py:635 start_test_item - ID: c34809cf-69bb-4871-8a24-32383308821d
DEBUG    my_package:__init__.py:122 [STEP]: [Action] Base_page: Snapshot
DEBUG    urllib3.connectionpool:connectionpool.py:544 http://192.168.7.189:8080 "POST /api/v2/default_personal/item/c34809cf-69bb-4871-8a24-32383308821d HTTP/1.1" 201 None
DEBUG    reportportal_client.client:client.py:635 start_test_item - ID: d167a8fa-184f-4909-bae6-9b2aec49905c
DEBUG    urllib3.connectionpool:connectionpool.py:544 http://192.168.7.189:8080 "PUT /api/v2/default_personal/item/d167a8fa-184f-4909-bae6-9b2aec49905c HTTP/1.1" 200 None
DEBUG    reportportal_client.client:client.py:690 finish_test_item - ID: d167a8fa-184f-4909-bae6-9b2aec49905c
DEBUG    reportportal_client.client:client.py:691 response message: Accepted finish request for test item ID = d167a8fa-184f-4909-bae6-9b2aec49905c
DEBUG    my_package:__init__.py:122 [STEP]: [Action] Base_page: Compare Images
DEBUG    urllib3.connectionpool:connectionpool.py:544 http://192.168.7.189:8080 "POST /api/v2/default_personal/item/c34809cf-69bb-4871-8a24-32383308821d HTTP/1.1" 201 None
DEBUG    reportportal_client.client:client.py:635 start_test_item - ID: 7532850c-cd8e-42be-9f09-be2bb9095270
DEBUG    ATFramework:log.py:80  source_path='/var/folders/yh/gry3198j28v1cbcqgwd35c680000gn/T/mac_driver/570320c4-c9b8-4868-ad93-07d367b2a2b5.png'
target_path='/var/folders/yh/gry3198j28v1cbcqgwd35c680000gn/T/mac_driver/2f4cea18-19aa-45bd-968b-d5360f609184.png'
similarity=0.98
DEBUG    ATFramework:log.py:80  Result similarity = 0.9617574214935303
DEBUG    urllib3.connectionpool:connectionpool.py:544 http://192.168.7.189:8080 "PUT /api/v2/default_personal/item/7532850c-cd8e-42be-9f09-be2bb9095270 HTTP/1.1" 200 None
DEBUG    reportportal_client.client:client.py:690 finish_test_item - ID: 7532850c-cd8e-42be-9f09-be2bb9095270
DEBUG    reportportal_client.client:client.py:691 response message: Accepted finish request for test item ID = 7532850c-cd8e-42be-9f09-be2bb9095270
DEBUG    urllib3.connectionpool:connectionpool.py:544 http://192.168.7.189:8080 "PUT /api/v2/default_personal/item/c34809cf-69bb-4871-8a24-32383308821d HTTP/1.1" 200 None
DEBUG    reportportal_client.client:client.py:690 finish_test_item - ID: c34809cf-69bb-4871-8a24-32383308821d
DEBUG    reportportal_client.client:client.py:691 response message: Accepted finish request for test item ID = c34809cf-69bb-4871-8a24-32383308821d
DEBUG    my_package:__init__.py:122 [STEP]: [Action] Click [Preview Operation] for Stop in library preview window
DEBUG    urllib3.connectionpool:connectionpool.py:544 http://192.168.7.189:8080 "POST /api/v2/default_personal/item/ae186e78-28ca-4e46-8821-25fa20077474 HTTP/1.1" 201 None
DEBUG    reportportal_client.client:client.py:635 start_test_item - ID: c4cf83c1-ad7d-4cd2-9052-23976b084000
DEBUG    my_package:__init__.py:122 [STEP]: [Action][Library Preview] Click Preview Operation for Play/ Pause/ Stop/ Previous Frame/ Next Frame/ Fast Forward
DEBUG    urllib3.connectionpool:connectionpool.py:544 http://192.168.7.189:8080 "POST /api/v2/default_personal/item/c4cf83c1-ad7d-4cd2-9052-23976b084000 HTTP/1.1" 201 None
DEBUG    reportportal_client.client:client.py:635 start_test_item - ID: 638ae8a2-14a0-4a22-88ef-320bf505ff0a
DEBUG    ATFramework:log.py:80  00:00:06:07
DEBUG    ATFramework:log.py:80  00:00:00:00
DEBUG    urllib3.connectionpool:connectionpool.py:544 http://192.168.7.189:8080 "PUT /api/v2/default_personal/item/638ae8a2-14a0-4a22-88ef-320bf505ff0a HTTP/1.1" 200 None
DEBUG    reportportal_client.client:client.py:690 finish_test_item - ID: 638ae8a2-14a0-4a22-88ef-320bf505ff0a
DEBUG    reportportal_client.client:client.py:691 response message: Accepted finish request for test item ID = 638ae8a2-14a0-4a22-88ef-320bf505ff0a
DEBUG    urllib3.connectionpool:connectionpool.py:544 http://192.168.7.189:8080 "PUT /api/v2/default_personal/item/c4cf83c1-ad7d-4cd2-9052-23976b084000 HTTP/1.1" 200 None
DEBUG    reportportal_client.client:client.py:690 finish_test_item - ID: c4cf83c1-ad7d-4cd2-9052-23976b084000
DEBUG    reportportal_client.client:client.py:691 response message: Accepted finish request for test item ID = c4cf83c1-ad7d-4cd2-9052-23976b084000
DEBUG    my_package:__init__.py:122 [STEP]: [Verify] Check if preview is same as initial after Stop (similarity > 0.95)
DEBUG    urllib3.connectionpool:connectionpool.py:544 http://192.168.7.189:8080 "POST /api/v2/default_personal/item/ae186e78-28ca-4e46-8821-25fa20077474 HTTP/1.1" 201 None
DEBUG    reportportal_client.client:client.py:635 start_test_item - ID: a7c3354d-3393-473d-b9a9-36af4c4adff3
DEBUG    my_package:__init__.py:122 [STEP]: [Action] Base_page: Snapshot
DEBUG    urllib3.connectionpool:connectionpool.py:544 http://192.168.7.189:8080 "POST /api/v2/default_personal/item/a7c3354d-3393-473d-b9a9-36af4c4adff3 HTTP/1.1" 201 None
DEBUG    reportportal_client.client:client.py:635 start_test_item - ID: 941eb758-9e5c-4550-87fb-3354bd40aee2
DEBUG    urllib3.connectionpool:connectionpool.py:544 http://192.168.7.189:8080 "PUT /api/v2/default_personal/item/941eb758-9e5c-4550-87fb-3354bd40aee2 HTTP/1.1" 200 None
DEBUG    reportportal_client.client:client.py:690 finish_test_item - ID: 941eb758-9e5c-4550-87fb-3354bd40aee2
DEBUG    reportportal_client.client:client.py:691 response message: Accepted finish request for test item ID = 941eb758-9e5c-4550-87fb-3354bd40aee2
DEBUG    my_package:__init__.py:122 [STEP]: [Action] Base_page: Compare Images
DEBUG    urllib3.connectionpool:connectionpool.py:544 http://192.168.7.189:8080 "POST /api/v2/default_personal/item/a7c3354d-3393-473d-b9a9-36af4c4adff3 HTTP/1.1" 201 None
DEBUG    reportportal_client.client:client.py:635 start_test_item - ID: e7e896eb-1fe5-4be9-a855-4eb1560679f7
DEBUG    ATFramework:log.py:80  source_path='/var/folders/yh/gry3198j28v1cbcqgwd35c680000gn/T/mac_driver/570320c4-c9b8-4868-ad93-07d367b2a2b5.png'
target_path='/var/folders/yh/gry3198j28v1cbcqgwd35c680000gn/T/mac_driver/f4d0bee2-3909-4474-9ae9-43eecd3be468.png'
similarity=0.95
DEBUG    ATFramework:log.py:80  Result similarity = 0.9999935030937195
DEBUG    urllib3.connectionpool:connectionpool.py:544 http://192.168.7.189:8080 "PUT /api/v2/default_personal/item/e7e896eb-1fe5-4be9-a855-4eb1560679f7 HTTP/1.1" 200 None
DEBUG    reportportal_client.client:client.py:690 finish_test_item - ID: e7e896eb-1fe5-4be9-a855-4eb1560679f7
DEBUG    reportportal_client.client:client.py:691 response message: Accepted finish request for test item ID = e7e896eb-1fe5-4be9-a855-4eb1560679f7
DEBUG    urllib3.connectionpool:connectionpool.py:544 http://192.168.7.189:8080 "PUT /api/v2/default_personal/item/a7c3354d-3393-473d-b9a9-36af4c4adff3 HTTP/1.1" 200 None
DEBUG    reportportal_client.client:client.py:690 finish_test_item - ID: a7c3354d-3393-473d-b9a9-36af4c4adff3
DEBUG    reportportal_client.client:client.py:691 response message: Accepted finish request for test item ID = a7c3354d-3393-473d-b9a9-36af4c4adff3
DEBUG    pytest_reportportal.service:service.py:765 ReportPortal - Finish TestItem: request_body={'attributes': [{'value': 'media_room_func'}, {'value': 'play_video'}, {'value': 'media_room'}], 'end_time': '1742549351583', 'status': 'PASSED', 'issue': None, 'item_id': 'ae186e78-28ca-4e46-8821-25fa20077474'}
DEBUG    urllib3.connectionpool:connectionpool.py:544 http://192.168.7.189:8080 "PUT /api/v2/default_personal/item/ae186e78-28ca-4e46-8821-25fa20077474 HTTP/1.1" 200 None
DEBUG    reportportal_client.client:client.py:690 finish_test_item - ID: ae186e78-28ca-4e46-8821-25fa20077474
DEBUG    reportportal_client.client:client.py:691 response message: Accepted finish request for test item ID = ae186e78-28ca-4e46-8821-25fa20077474
DEBUG    pytest_reportportal.service:service.py:695 ReportPortal - Start TestItem: request_body={'attributes': [{'value': 'library_preview'}, {'value': 'media_room_func'}, {'value': 'media_room'}], 'name': '[test_media_room_func_2_17] Verify preview update after undocking preview window', 'description': '0. Ensure the dependency test is run and passed\n1. Screenshot (locator=L.library_preview.upper_view_region)\n2. Undock [Preview Window]\n3. Check if preview is updated (similarity=0.95)', 'start_time': '1742549351684', 'item_type': 'STEP', 'code_ref': 'test_BFT_PDR23_stage1_reportportal.py:Test_BFT_365_OS14.test_media_room_func_2_17', 'parameters': None, 'parent_item_id': None, 'test_case_id': 'test_BFT_PDR23_stage1_reportportal.py:Test_BFT_365_OS14.test_media_room_func_2_17'}
DEBUG    urllib3.connectionpool:connectionpool.py:544 http://192.168.7.189:8080 "POST /api/v2/default_personal/item HTTP/1.1" 201 None
DEBUG    reportportal_client.client:client.py:635 start_test_item - ID: 200e21b9-512d-4872-b2dd-b1bdbbc642c7
DEBUG    my_package:__init__.py:122 [STEP]: [Initial] Check dependency test result
DEBUG    urllib3.connectionpool:connectionpool.py:544 http://192.168.7.189:8080 "POST /api/v2/default_personal/log HTTP/1.1" 201 None
DEBUG    urllib3.connectionpool:connectionpool.py:544 http://192.168.7.189:8080 "POST /api/v2/default_personal/item/200e21b9-512d-4872-b2dd-b1bdbbc642c7 HTTP/1.1" 201 None
DEBUG    reportportal_client.client:client.py:635 start_test_item - ID: 94fb08f6-6d76-44f5-898d-501e7c253451
DEBUG    urllib3.connectionpool:connectionpool.py:544 http://192.168.7.189:8080 "PUT /api/v2/default_personal/item/94fb08f6-6d76-44f5-898d-501e7c253451 HTTP/1.1" 200 None
DEBUG    reportportal_client.client:client.py:690 finish_test_item - ID: 94fb08f6-6d76-44f5-898d-501e7c253451
DEBUG    reportportal_client.client:client.py:691 response message: Accepted finish request for test item ID = 94fb08f6-6d76-44f5-898d-501e7c253451
DEBUG    my_package:__init__.py:122 [STEP]: [Action] Capture initial library preview screenshot
DEBUG    urllib3.connectionpool:connectionpool.py:544 http://192.168.7.189:8080 "POST /api/v2/default_personal/item/200e21b9-512d-4872-b2dd-b1bdbbc642c7 HTTP/1.1" 201 None
DEBUG    reportportal_client.client:client.py:635 start_test_item - ID: 5587b695-9d70-4d42-9950-3071d415fb39
DEBUG    my_package:__init__.py:122 [STEP]: [Action] Base_page: Snapshot
DEBUG    urllib3.connectionpool:connectionpool.py:544 http://192.168.7.189:8080 "POST /api/v2/default_personal/item/5587b695-9d70-4d42-9950-3071d415fb39 HTTP/1.1" 201 None
DEBUG    reportportal_client.client:client.py:635 start_test_item - ID: 49f0ae29-6945-4817-9fbc-c501efe5920b
DEBUG    urllib3.connectionpool:connectionpool.py:544 http://192.168.7.189:8080 "PUT /api/v2/default_personal/item/49f0ae29-6945-4817-9fbc-c501efe5920b HTTP/1.1" 200 None
DEBUG    reportportal_client.client:client.py:690 finish_test_item - ID: 49f0ae29-6945-4817-9fbc-c501efe5920b
DEBUG    reportportal_client.client:client.py:691 response message: Accepted finish request for test item ID = 49f0ae29-6945-4817-9fbc-c501efe5920b
DEBUG    urllib3.connectionpool:connectionpool.py:544 http://192.168.7.189:8080 "PUT /api/v2/default_personal/item/5587b695-9d70-4d42-9950-3071d415fb39 HTTP/1.1" 200 None
DEBUG    reportportal_client.client:client.py:690 finish_test_item - ID: 5587b695-9d70-4d42-9950-3071d415fb39
DEBUG    reportportal_client.client:client.py:691 response message: Accepted finish request for test item ID = 5587b695-9d70-4d42-9950-3071d415fb39
DEBUG    my_package:__init__.py:122 [STEP]: [Action] Undock the preview window
DEBUG    urllib3.connectionpool:connectionpool.py:544 http://192.168.7.189:8080 "POST /api/v2/default_personal/item/200e21b9-512d-4872-b2dd-b1bdbbc642c7 HTTP/1.1" 201 None
DEBUG    reportportal_client.client:client.py:635 start_test_item - ID: db310447-68e3-44c0-b3e3-dfbdaaac529e
DEBUG    my_package:__init__.py:122 [STEP]: [Action][Library Preview] Dock/ Undock [Preview Window]
DEBUG    urllib3.connectionpool:connectionpool.py:544 http://192.168.7.189:8080 "POST /api/v2/default_personal/item/db310447-68e3-44c0-b3e3-dfbdaaac529e HTTP/1.1" 201 None
DEBUG    reportportal_client.client:client.py:635 start_test_item - ID: 8a7698d0-1793-4dcd-af92-c4adb04d8e31
DEBUG    urllib3.connectionpool:connectionpool.py:544 http://192.168.7.189:8080 "PUT /api/v2/default_personal/item/8a7698d0-1793-4dcd-af92-c4adb04d8e31 HTTP/1.1" 200 None
DEBUG    reportportal_client.client:client.py:690 finish_test_item - ID: 8a7698d0-1793-4dcd-af92-c4adb04d8e31
DEBUG    reportportal_client.client:client.py:691 response message: Accepted finish request for test item ID = 8a7698d0-1793-4dcd-af92-c4adb04d8e31
DEBUG    urllib3.connectionpool:connectionpool.py:544 http://192.168.7.189:8080 "PUT /api/v2/default_personal/item/db310447-68e3-44c0-b3e3-dfbdaaac529e HTTP/1.1" 200 None
DEBUG    reportportal_client.client:client.py:690 finish_test_item - ID: db310447-68e3-44c0-b3e3-dfbdaaac529e
DEBUG    reportportal_client.client:client.py:691 response message: Accepted finish request for test item ID = db310447-68e3-44c0-b3e3-dfbdaaac529e
DEBUG    my_package:__init__.py:122 [STEP]: [Verify] Check if preview is updated after undocking
DEBUG    urllib3.connectionpool:connectionpool.py:544 http://192.168.7.189:8080 "POST /api/v2/default_personal/item/200e21b9-512d-4872-b2dd-b1bdbbc642c7 HTTP/1.1" 201 None
DEBUG    reportportal_client.client:client.py:635 start_test_item - ID: 8394c152-8042-408a-acc4-9ab33ebddd49
DEBUG    my_package:__init__.py:122 [STEP]: [Action] Base_page: Snapshot
DEBUG    urllib3.connectionpool:connectionpool.py:544 http://192.168.7.189:8080 "POST /api/v2/default_personal/item/8394c152-8042-408a-acc4-9ab33ebddd49 HTTP/1.1" 201 None
DEBUG    reportportal_client.client:client.py:635 start_test_item - ID: 5c8b7e3b-406d-49a8-8437-74c5e271d0c1
DEBUG    urllib3.connectionpool:connectionpool.py:544 http://192.168.7.189:8080 "PUT /api/v2/default_personal/item/5c8b7e3b-406d-49a8-8437-74c5e271d0c1 HTTP/1.1" 200 None
DEBUG    reportportal_client.client:client.py:690 finish_test_item - ID: 5c8b7e3b-406d-49a8-8437-74c5e271d0c1
DEBUG    reportportal_client.client:client.py:691 response message: Accepted finish request for test item ID = 5c8b7e3b-406d-49a8-8437-74c5e271d0c1
DEBUG    my_package:__init__.py:122 [STEP]: [Action] Base_page: Compare Images
DEBUG    urllib3.connectionpool:connectionpool.py:544 http://192.168.7.189:8080 "POST /api/v2/default_personal/item/8394c152-8042-408a-acc4-9ab33ebddd49 HTTP/1.1" 201 None
DEBUG    reportportal_client.client:client.py:635 start_test_item - ID: f69a8e5f-82a0-4755-85c8-bbd881b4d03a
DEBUG    ATFramework:log.py:80  source_path='/var/folders/yh/gry3198j28v1cbcqgwd35c680000gn/T/mac_driver/d0e1fbba-444a-470d-918c-7ab90027a8ab.png'
target_path='/var/folders/yh/gry3198j28v1cbcqgwd35c680000gn/T/mac_driver/5e5d0df5-db77-4d76-b232-aac4ddfd21da.png'
similarity=0.95
DEBUG    ATFramework:log.py:80  Result similarity = 0.6551735401153564
DEBUG    urllib3.connectionpool:connectionpool.py:544 http://192.168.7.189:8080 "PUT /api/v2/default_personal/item/f69a8e5f-82a0-4755-85c8-bbd881b4d03a HTTP/1.1" 200 None
DEBUG    reportportal_client.client:client.py:690 finish_test_item - ID: f69a8e5f-82a0-4755-85c8-bbd881b4d03a
DEBUG    reportportal_client.client:client.py:691 response message: Accepted finish request for test item ID = f69a8e5f-82a0-4755-85c8-bbd881b4d03a
DEBUG    urllib3.connectionpool:connectionpool.py:544 http://192.168.7.189:8080 "PUT /api/v2/default_personal/item/8394c152-8042-408a-acc4-9ab33ebddd49 HTTP/1.1" 200 None
DEBUG    reportportal_client.client:client.py:690 finish_test_item - ID: 8394c152-8042-408a-acc4-9ab33ebddd49
DEBUG    reportportal_client.client:client.py:691 response message: Accepted finish request for test item ID = 8394c152-8042-408a-acc4-9ab33ebddd49
DEBUG    pytest_reportportal.service:service.py:765 ReportPortal - Finish TestItem: request_body={'attributes': [{'value': 'library_preview'}, {'value': 'media_room_func'}, {'value': 'media_room'}], 'end_time': '1742549357140', 'status': 'PASSED', 'issue': None, 'item_id': '200e21b9-512d-4872-b2dd-b1bdbbc642c7'}
DEBUG    urllib3.connectionpool:connectionpool.py:544 http://192.168.7.189:8080 "PUT /api/v2/default_personal/item/200e21b9-512d-4872-b2dd-b1bdbbc642c7 HTTP/1.1" 200 None
DEBUG    reportportal_client.client:client.py:690 finish_test_item - ID: 200e21b9-512d-4872-b2dd-b1bdbbc642c7
DEBUG    reportportal_client.client:client.py:691 response message: Accepted finish request for test item ID = 200e21b9-512d-4872-b2dd-b1bdbbc642c7
DEBUG    pytest_reportportal.service:service.py:695 ReportPortal - Start TestItem: request_body={'attributes': [{'value': 'media_room_func'}, {'value': 'clip_marker'}, {'value': 'timecode'}, {'value': 'library_preview'}, {'value': 'media_room'}], 'name': '[test_media_room_func_2_18] Add Clip Marker and Modify Text', 'description': "0. Ensure the dependency test is run and passed\n1. Set Timecode ('00_00_07_11') on Library Preview and screenshot (locator=L.library_preview.upper_view_region)\n2. Click [Add Clip Marker]\n3. Check the preview is updated after adding marker (similarity=0.95)\n4. Input [Text]('Test BFT and add marker') on [Modify Clip Marker]\n5. Check the preview is updated after adding text (similarity=0.95)", 'start_time': '1742549357158', 'item_type': 'STEP', 'code_ref': 'test_BFT_PDR23_stage1_reportportal.py:Test_BFT_365_OS14.test_media_room_func_2_18', 'parameters': None, 'parent_item_id': None, 'test_case_id': 'test_BFT_PDR23_stage1_reportportal.py:Test_BFT_365_OS14.test_media_room_func_2_18'}
DEBUG    urllib3.connectionpool:connectionpool.py:544 http://192.168.7.189:8080 "POST /api/v2/default_personal/item HTTP/1.1" 201 None
DEBUG    reportportal_client.client:client.py:635 start_test_item - ID: 28507ba6-7dbc-48b3-bd4c-babe19320caf
DEBUG    my_package:__init__.py:122 [STEP]: [Initial] Check dependency test result
DEBUG    urllib3.connectionpool:connectionpool.py:544 http://192.168.7.189:8080 "POST /api/v2/default_personal/item/28507ba6-7dbc-48b3-bd4c-babe19320caf HTTP/1.1" 201 None
DEBUG    reportportal_client.client:client.py:635 start_test_item - ID: f731762e-0c8f-4397-8431-774187598a4e
DEBUG    urllib3.connectionpool:connectionpool.py:544 http://192.168.7.189:8080 "PUT /api/v2/default_personal/item/f731762e-0c8f-4397-8431-774187598a4e HTTP/1.1" 200 None
DEBUG    reportportal_client.client:client.py:690 finish_test_item - ID: f731762e-0c8f-4397-8431-774187598a4e
DEBUG    reportportal_client.client:client.py:691 response message: Accepted finish request for test item ID = f731762e-0c8f-4397-8431-774187598a4e
DEBUG    my_package:__init__.py:122 [STEP]: [Action] Set Timecode ('00_00_07_11') on Library Preview and screenshot
DEBUG    urllib3.connectionpool:connectionpool.py:544 http://192.168.7.189:8080 "POST /api/v2/default_personal/item/28507ba6-7dbc-48b3-bd4c-babe19320caf HTTP/1.1" 201 None
DEBUG    reportportal_client.client:client.py:635 start_test_item - ID: a913209a-b293-46a9-aca3-096110a0dc95
DEBUG    my_package:__init__.py:122 [STEP]: [Action][Main_page] Set Timecode on Library Preview
DEBUG    urllib3.connectionpool:connectionpool.py:544 http://192.168.7.189:8080 "POST /api/v2/default_personal/item/a913209a-b293-46a9-aca3-096110a0dc95 HTTP/1.1" 201 None
DEBUG    reportportal_client.client:client.py:635 start_test_item - ID: c0961e88-8c44-4462-b577-325337810058
DEBUG    my_package:__init__.py:122 [STEP]: [Action] Base_page: Snapshot
DEBUG    urllib3.connectionpool:connectionpool.py:544 http://192.168.7.189:8080 "POST /api/v2/default_personal/log HTTP/1.1" 201 None
DEBUG    urllib3.connectionpool:connectionpool.py:544 http://192.168.7.189:8080 "POST /api/v2/default_personal/item/c0961e88-8c44-4462-b577-325337810058 HTTP/1.1" 201 None
DEBUG    reportportal_client.client:client.py:635 start_test_item - ID: 315858b5-cc14-4877-a708-468c70749a0e
DEBUG    urllib3.connectionpool:connectionpool.py:544 http://192.168.7.189:8080 "PUT /api/v2/default_personal/item/315858b5-cc14-4877-a708-468c70749a0e HTTP/1.1" 200 None
DEBUG    reportportal_client.client:client.py:690 finish_test_item - ID: 315858b5-cc14-4877-a708-468c70749a0e
DEBUG    reportportal_client.client:client.py:691 response message: Accepted finish request for test item ID = 315858b5-cc14-4877-a708-468c70749a0e
DEBUG    my_package:__init__.py:122 [STEP]: [Action][Main_page] Set Timecode
DEBUG    urllib3.connectionpool:connectionpool.py:544 http://192.168.7.189:8080 "POST /api/v2/default_personal/item/c0961e88-8c44-4462-b577-325337810058 HTTP/1.1" 201 None
DEBUG    reportportal_client.client:client.py:635 start_test_item - ID: a921b4b8-83c4-44aa-80f4-221001c5f45b
DEBUG    ATFramework:log.py:80  set_time_code - Input duration='00_00_07_11'
DEBUG    urllib3.connectionpool:connectionpool.py:544 http://192.168.7.189:8080 "PUT /api/v2/default_personal/item/a921b4b8-83c4-44aa-80f4-221001c5f45b HTTP/1.1" 200 None
DEBUG    reportportal_client.client:client.py:690 finish_test_item - ID: a921b4b8-83c4-44aa-80f4-221001c5f45b
DEBUG    reportportal_client.client:client.py:691 response message: Accepted finish request for test item ID = a921b4b8-83c4-44aa-80f4-221001c5f45b
DEBUG    my_package:__init__.py:122 [STEP]: [Action] Base_page: Snapshot
DEBUG    urllib3.connectionpool:connectionpool.py:544 http://192.168.7.189:8080 "POST /api/v2/default_personal/item/c0961e88-8c44-4462-b577-325337810058 HTTP/1.1" 201 None
DEBUG    reportportal_client.client:client.py:635 start_test_item - ID: 6a9ad970-f92b-40c0-a112-a9ff66c961bd
DEBUG    urllib3.connectionpool:connectionpool.py:544 http://192.168.7.189:8080 "PUT /api/v2/default_personal/item/6a9ad970-f92b-40c0-a112-a9ff66c961bd HTTP/1.1" 200 None
DEBUG    reportportal_client.client:client.py:690 finish_test_item - ID: 6a9ad970-f92b-40c0-a112-a9ff66c961bd
DEBUG    reportportal_client.client:client.py:691 response message: Accepted finish request for test item ID = 6a9ad970-f92b-40c0-a112-a9ff66c961bd
DEBUG    my_package:__init__.py:122 [STEP]: [Action] Base_page: Compare Images
DEBUG    urllib3.connectionpool:connectionpool.py:544 http://192.168.7.189:8080 "POST /api/v2/default_personal/item/c0961e88-8c44-4462-b577-325337810058 HTTP/1.1" 201 None
DEBUG    reportportal_client.client:client.py:635 start_test_item - ID: 355b03fe-adce-45a5-95ab-17c05168b99a
DEBUG    ATFramework:log.py:80  source_path='/var/folders/yh/gry3198j28v1cbcqgwd35c680000gn/T/mac_driver/d8a33640-41f7-4c12-9d1d-f3e2399c6b8e.png'
target_path='/var/folders/yh/gry3198j28v1cbcqgwd35c680000gn/T/mac_driver/baee40f7-d17b-4082-86e3-97ee0c916d5f.png'
similarity=0.95
DEBUG    ATFramework:log.py:80  Result similarity = 0.9483537971973419
DEBUG    urllib3.connectionpool:connectionpool.py:544 http://192.168.7.189:8080 "PUT /api/v2/default_personal/item/355b03fe-adce-45a5-95ab-17c05168b99a HTTP/1.1" 200 None
DEBUG    reportportal_client.client:client.py:690 finish_test_item - ID: 355b03fe-adce-45a5-95ab-17c05168b99a
DEBUG    reportportal_client.client:client.py:691 response message: Accepted finish request for test item ID = 355b03fe-adce-45a5-95ab-17c05168b99a
DEBUG    urllib3.connectionpool:connectionpool.py:544 http://192.168.7.189:8080 "PUT /api/v2/default_personal/item/c0961e88-8c44-4462-b577-325337810058 HTTP/1.1" 200 None
DEBUG    reportportal_client.client:client.py:690 finish_test_item - ID: c0961e88-8c44-4462-b577-325337810058
DEBUG    reportportal_client.client:client.py:691 response message: Accepted finish request for test item ID = c0961e88-8c44-4462-b577-325337810058
DEBUG    my_package:__init__.py:122 [STEP]: [Action] Base_page: Snapshot
DEBUG    urllib3.connectionpool:connectionpool.py:544 http://192.168.7.189:8080 "POST /api/v2/default_personal/item/a913209a-b293-46a9-aca3-096110a0dc95 HTTP/1.1" 201 None
DEBUG    reportportal_client.client:client.py:635 start_test_item - ID: 81e12aae-fd5b-47ad-b11b-f33aab0cd8d4
DEBUG    urllib3.connectionpool:connectionpool.py:544 http://192.168.7.189:8080 "PUT /api/v2/default_personal/item/81e12aae-fd5b-47ad-b11b-f33aab0cd8d4 HTTP/1.1" 200 None
DEBUG    reportportal_client.client:client.py:690 finish_test_item - ID: 81e12aae-fd5b-47ad-b11b-f33aab0cd8d4
DEBUG    reportportal_client.client:client.py:691 response message: Accepted finish request for test item ID = 81e12aae-fd5b-47ad-b11b-f33aab0cd8d4
DEBUG    urllib3.connectionpool:connectionpool.py:544 http://192.168.7.189:8080 "PUT /api/v2/default_personal/item/a913209a-b293-46a9-aca3-096110a0dc95 HTTP/1.1" 200 None
DEBUG    reportportal_client.client:client.py:690 finish_test_item - ID: a913209a-b293-46a9-aca3-096110a0dc95
DEBUG    reportportal_client.client:client.py:691 response message: Accepted finish request for test item ID = a913209a-b293-46a9-aca3-096110a0dc95
DEBUG    my_package:__init__.py:122 [STEP]: [Action] Click [Add Clip Marker]
DEBUG    urllib3.connectionpool:connectionpool.py:544 http://192.168.7.189:8080 "POST /api/v2/default_personal/item/28507ba6-7dbc-48b3-bd4c-babe19320caf HTTP/1.1" 201 None
DEBUG    reportportal_client.client:client.py:635 start_test_item - ID: fc470c0e-8748-4773-bccc-0eec477eb85f
DEBUG    my_package:__init__.py:122 [STEP]: [Action][Library Preview] Click [Add Clip Marker]
DEBUG    urllib3.connectionpool:connectionpool.py:544 http://192.168.7.189:8080 "POST /api/v2/default_personal/item/fc470c0e-8748-4773-bccc-0eec477eb85f HTTP/1.1" 201 None
DEBUG    reportportal_client.client:client.py:635 start_test_item - ID: 60b81a27-cb0d-433e-bc8e-1c6ef9e476c2
DEBUG    urllib3.connectionpool:connectionpool.py:544 http://192.168.7.189:8080 "PUT /api/v2/default_personal/item/60b81a27-cb0d-433e-bc8e-1c6ef9e476c2 HTTP/1.1" 200 None
DEBUG    reportportal_client.client:client.py:690 finish_test_item - ID: 60b81a27-cb0d-433e-bc8e-1c6ef9e476c2
DEBUG    reportportal_client.client:client.py:691 response message: Accepted finish request for test item ID = 60b81a27-cb0d-433e-bc8e-1c6ef9e476c2
DEBUG    urllib3.connectionpool:connectionpool.py:544 http://192.168.7.189:8080 "PUT /api/v2/default_personal/item/fc470c0e-8748-4773-bccc-0eec477eb85f HTTP/1.1" 200 None
DEBUG    reportportal_client.client:client.py:690 finish_test_item - ID: fc470c0e-8748-4773-bccc-0eec477eb85f
DEBUG    reportportal_client.client:client.py:691 response message: Accepted finish request for test item ID = fc470c0e-8748-4773-bccc-0eec477eb85f
DEBUG    my_package:__init__.py:122 [STEP]: [Verify] Check the preview is updated after adding marker
DEBUG    urllib3.connectionpool:connectionpool.py:544 http://192.168.7.189:8080 "POST /api/v2/default_personal/item/28507ba6-7dbc-48b3-bd4c-babe19320caf HTTP/1.1" 201 None
DEBUG    reportportal_client.client:client.py:635 start_test_item - ID: 4f912b22-149b-447c-a5d7-ff4e0453d330
DEBUG    my_package:__init__.py:122 [STEP]: [Action] Base_page: Snapshot
DEBUG    urllib3.connectionpool:connectionpool.py:544 http://192.168.7.189:8080 "POST /api/v2/default_personal/item/4f912b22-149b-447c-a5d7-ff4e0453d330 HTTP/1.1" 201 None
DEBUG    reportportal_client.client:client.py:635 start_test_item - ID: a5f66277-0732-4be0-afd3-d3b4ae393c71
DEBUG    urllib3.connectionpool:connectionpool.py:544 http://192.168.7.189:8080 "PUT /api/v2/default_personal/item/a5f66277-0732-4be0-afd3-d3b4ae393c71 HTTP/1.1" 200 None
DEBUG    reportportal_client.client:client.py:690 finish_test_item - ID: a5f66277-0732-4be0-afd3-d3b4ae393c71
DEBUG    reportportal_client.client:client.py:691 response message: Accepted finish request for test item ID = a5f66277-0732-4be0-afd3-d3b4ae393c71
DEBUG    my_package:__init__.py:122 [STEP]: [Action] Base_page: Compare Images
DEBUG    urllib3.connectionpool:connectionpool.py:544 http://192.168.7.189:8080 "POST /api/v2/default_personal/item/4f912b22-149b-447c-a5d7-ff4e0453d330 HTTP/1.1" 201 None
DEBUG    reportportal_client.client:client.py:635 start_test_item - ID: 8725dded-959d-45ce-9252-4c7f17d66579
DEBUG    urllib3.connectionpool:connectionpool.py:544 http://192.168.7.189:8080 "POST /api/v2/default_personal/log HTTP/1.1" 201 None
DEBUG    ATFramework:log.py:80  source_path='/var/folders/yh/gry3198j28v1cbcqgwd35c680000gn/T/mac_driver/0426d63c-c27c-4d80-9035-3b174ef860bd.png'
target_path='/var/folders/yh/gry3198j28v1cbcqgwd35c680000gn/T/mac_driver/c9cb73d1-758d-4829-afb7-8fdbeddf673b.png'
similarity=0.99
DEBUG    ATFramework:log.py:80  Result similarity = 0.9684684872627258
DEBUG    urllib3.connectionpool:connectionpool.py:544 http://192.168.7.189:8080 "PUT /api/v2/default_personal/item/8725dded-959d-45ce-9252-4c7f17d66579 HTTP/1.1" 200 None
DEBUG    reportportal_client.client:client.py:690 finish_test_item - ID: 8725dded-959d-45ce-9252-4c7f17d66579
DEBUG    reportportal_client.client:client.py:691 response message: Accepted finish request for test item ID = 8725dded-959d-45ce-9252-4c7f17d66579
DEBUG    urllib3.connectionpool:connectionpool.py:544 http://192.168.7.189:8080 "PUT /api/v2/default_personal/item/4f912b22-149b-447c-a5d7-ff4e0453d330 HTTP/1.1" 200 None
DEBUG    reportportal_client.client:client.py:690 finish_test_item - ID: 4f912b22-149b-447c-a5d7-ff4e0453d330
DEBUG    reportportal_client.client:client.py:691 response message: Accepted finish request for test item ID = 4f912b22-149b-447c-a5d7-ff4e0453d330
DEBUG    my_package:__init__.py:122 [STEP]: [Action] Input [Text]('Test BFT and add marker') on [Modify Clip Marker]
DEBUG    urllib3.connectionpool:connectionpool.py:544 http://192.168.7.189:8080 "POST /api/v2/default_personal/item/28507ba6-7dbc-48b3-bd4c-babe19320caf HTTP/1.1" 201 None
DEBUG    reportportal_client.client:client.py:635 start_test_item - ID: 2e657b1a-e642-4d4f-8913-acfe9ad0f4b5
DEBUG    my_package:__init__.py:122 [STEP]: [Action][Library Preview] Input [Text] on [Modify Clip Marker]
DEBUG    urllib3.connectionpool:connectionpool.py:544 http://192.168.7.189:8080 "POST /api/v2/default_personal/item/2e657b1a-e642-4d4f-8913-acfe9ad0f4b5 HTTP/1.1" 201 None
DEBUG    reportportal_client.client:client.py:635 start_test_item - ID: 89ce6bc2-75f1-443e-a26a-26dd9a488629
DEBUG    my_package:__init__.py:122 [STEP]: [Action][Base_page] Tap [Select All] via hotkey
DEBUG    urllib3.connectionpool:connectionpool.py:544 http://192.168.7.189:8080 "POST /api/v2/default_personal/item/89ce6bc2-75f1-443e-a26a-26dd9a488629 HTTP/1.1" 201 None
DEBUG    reportportal_client.client:client.py:635 start_test_item - ID: 1cb06dbe-dc8e-493d-a825-2daecad64200
DEBUG    urllib3.connectionpool:connectionpool.py:544 http://192.168.7.189:8080 "PUT /api/v2/default_personal/item/1cb06dbe-dc8e-493d-a825-2daecad64200 HTTP/1.1" 200 None
DEBUG    reportportal_client.client:client.py:690 finish_test_item - ID: 1cb06dbe-dc8e-493d-a825-2daecad64200
DEBUG    reportportal_client.client:client.py:691 response message: Accepted finish request for test item ID = 1cb06dbe-dc8e-493d-a825-2daecad64200
DEBUG    urllib3.connectionpool:connectionpool.py:544 http://192.168.7.189:8080 "PUT /api/v2/default_personal/item/89ce6bc2-75f1-443e-a26a-26dd9a488629 HTTP/1.1" 200 None
DEBUG    reportportal_client.client:client.py:690 finish_test_item - ID: 89ce6bc2-75f1-443e-a26a-26dd9a488629
DEBUG    reportportal_client.client:client.py:691 response message: Accepted finish request for test item ID = 89ce6bc2-75f1-443e-a26a-26dd9a488629
DEBUG    urllib3.connectionpool:connectionpool.py:544 http://192.168.7.189:8080 "PUT /api/v2/default_personal/item/2e657b1a-e642-4d4f-8913-acfe9ad0f4b5 HTTP/1.1" 200 None
DEBUG    reportportal_client.client:client.py:690 finish_test_item - ID: 2e657b1a-e642-4d4f-8913-acfe9ad0f4b5
DEBUG    reportportal_client.client:client.py:691 response message: Accepted finish request for test item ID = 2e657b1a-e642-4d4f-8913-acfe9ad0f4b5
DEBUG    my_package:__init__.py:122 [STEP]: [Verify] Check the preview is updated after adding text
DEBUG    urllib3.connectionpool:connectionpool.py:544 http://192.168.7.189:8080 "POST /api/v2/default_personal/item/28507ba6-7dbc-48b3-bd4c-babe19320caf HTTP/1.1" 201 None
DEBUG    reportportal_client.client:client.py:635 start_test_item - ID: 24cb458b-01de-409e-b9ed-14f3b0759851
DEBUG    my_package:__init__.py:122 [STEP]: [Action] Base_page: Snapshot
DEBUG    urllib3.connectionpool:connectionpool.py:544 http://192.168.7.189:8080 "POST /api/v2/default_personal/item/24cb458b-01de-409e-b9ed-14f3b0759851 HTTP/1.1" 201 None
DEBUG    reportportal_client.client:client.py:635 start_test_item - ID: 6099b4e8-8417-4cb3-a47d-344057023ec6
DEBUG    urllib3.connectionpool:connectionpool.py:544 http://192.168.7.189:8080 "PUT /api/v2/default_personal/item/6099b4e8-8417-4cb3-a47d-344057023ec6 HTTP/1.1" 200 None
DEBUG    reportportal_client.client:client.py:690 finish_test_item - ID: 6099b4e8-8417-4cb3-a47d-344057023ec6
DEBUG    reportportal_client.client:client.py:691 response message: Accepted finish request for test item ID = 6099b4e8-8417-4cb3-a47d-344057023ec6
DEBUG    my_package:__init__.py:122 [STEP]: [Action] Base_page: Compare Images
DEBUG    urllib3.connectionpool:connectionpool.py:544 http://192.168.7.189:8080 "POST /api/v2/default_personal/item/24cb458b-01de-409e-b9ed-14f3b0759851 HTTP/1.1" 201 None
DEBUG    reportportal_client.client:client.py:635 start_test_item - ID: 34a03b97-7ed5-4167-884b-15f34748dbd0
DEBUG    ATFramework:log.py:80  source_path='/var/folders/yh/gry3198j28v1cbcqgwd35c680000gn/T/mac_driver/c9cb73d1-758d-4829-afb7-8fdbeddf673b.png'
target_path='/var/folders/yh/gry3198j28v1cbcqgwd35c680000gn/T/mac_driver/ff1d1279-8947-402b-be12-b0d6f9c0f390.png'
similarity=0.99
DEBUG    ATFramework:log.py:80  Result similarity = 0.9684310853481293
DEBUG    urllib3.connectionpool:connectionpool.py:544 http://192.168.7.189:8080 "PUT /api/v2/default_personal/item/34a03b97-7ed5-4167-884b-15f34748dbd0 HTTP/1.1" 200 None
DEBUG    reportportal_client.client:client.py:690 finish_test_item - ID: 34a03b97-7ed5-4167-884b-15f34748dbd0
DEBUG    reportportal_client.client:client.py:691 response message: Accepted finish request for test item ID = 34a03b97-7ed5-4167-884b-15f34748dbd0
DEBUG    urllib3.connectionpool:connectionpool.py:544 http://192.168.7.189:8080 "PUT /api/v2/default_personal/item/24cb458b-01de-409e-b9ed-14f3b0759851 HTTP/1.1" 200 None
DEBUG    reportportal_client.client:client.py:690 finish_test_item - ID: 24cb458b-01de-409e-b9ed-14f3b0759851
DEBUG    reportportal_client.client:client.py:691 response message: Accepted finish request for test item ID = 24cb458b-01de-409e-b9ed-14f3b0759851
DEBUG    pytest_reportportal.service:service.py:765 ReportPortal - Finish TestItem: request_body={'attributes': [{'value': 'media_room_func'}, {'value': 'clip_marker'}, {'value': 'timecode'}, {'value': 'library_preview'}, {'value': 'media_room'}], 'end_time': '1742549372797', 'status': 'PASSED', 'issue': None, 'item_id': '28507ba6-7dbc-48b3-bd4c-babe19320caf'}
DEBUG    urllib3.connectionpool:connectionpool.py:544 http://192.168.7.189:8080 "PUT /api/v2/default_personal/item/28507ba6-7dbc-48b3-bd4c-babe19320caf HTTP/1.1" 200 None
DEBUG    reportportal_client.client:client.py:690 finish_test_item - ID: 28507ba6-7dbc-48b3-bd4c-babe19320caf
DEBUG    reportportal_client.client:client.py:691 response message: Accepted finish request for test item ID = 28507ba6-7dbc-48b3-bd4c-babe19320caf
DEBUG    pytest_reportportal.service:service.py:695 ReportPortal - Start TestItem: request_body={'attributes': [{'value': 'media_room_func'}, {'value': 'mark_in_out'}, {'value': 'timecode'}, {'value': 'library_preview'}, {'value': 'trim'}, {'value': 'media_room'}], 'name': '[test_media_room_func_2_19] Mark In/Out, Insert, and Trim Video', 'description': "0. Ensure the dependency test is run and passed\n1. Set Timecode ('00_00_03_00') on Library Preview and screenshot (locator=L.library_preview.upper_view_region)\n2. Click [Mark In] and check the preview is updated after adding marker (similarity=0.95)\n3. Set Timecode ('00_00_10_07') on Library Preview and screenshot (locator=L.library_preview.upper_view_region)\n4. Click [Mark Out] and check the preview is updated after adding marker (similarity=0.95)\n5. Click [Insert] on selected track\n6. Click [Trim] button in [Tips Area] (type='video')\n7. Switch [Trim Mode] to ('Single') in [Precut Window]\n8. Get Single Trim Duration and check if it is ('00:00:07:07')\n9. Click [OK] Button to leave Precut Window", 'start_time': '1742549372818', 'item_type': 'STEP', 'code_ref': 'test_BFT_PDR23_stage1_reportportal.py:Test_BFT_365_OS14.test_media_room_func_2_19', 'parameters': None, 'parent_item_id': None, 'test_case_id': 'test_BFT_PDR23_stage1_reportportal.py:Test_BFT_365_OS14.test_media_room_func_2_19'}
DEBUG    urllib3.connectionpool:connectionpool.py:544 http://192.168.7.189:8080 "POST /api/v2/default_personal/item HTTP/1.1" 201 None
DEBUG    reportportal_client.client:client.py:635 start_test_item - ID: fba9eaac-5ac6-4cb4-b3b3-084f13c01fef
DEBUG    my_package:__init__.py:122 [STEP]: [Initial] Check dependency test result
DEBUG    urllib3.connectionpool:connectionpool.py:544 http://192.168.7.189:8080 "POST /api/v2/default_personal/item/fba9eaac-5ac6-4cb4-b3b3-084f13c01fef HTTP/1.1" 201 None
DEBUG    reportportal_client.client:client.py:635 start_test_item - ID: 4688880e-0aff-4e8f-bbcb-5c0d9cb6bfdb
DEBUG    urllib3.connectionpool:connectionpool.py:544 http://192.168.7.189:8080 "PUT /api/v2/default_personal/item/4688880e-0aff-4e8f-bbcb-5c0d9cb6bfdb HTTP/1.1" 200 None
DEBUG    reportportal_client.client:client.py:690 finish_test_item - ID: 4688880e-0aff-4e8f-bbcb-5c0d9cb6bfdb
DEBUG    reportportal_client.client:client.py:691 response message: Accepted finish request for test item ID = 4688880e-0aff-4e8f-bbcb-5c0d9cb6bfdb
DEBUG    my_package:__init__.py:122 [STEP]: [Action] Set Timecode ('00_00_03_00') on Library Preview and screenshot
DEBUG    urllib3.connectionpool:connectionpool.py:544 http://192.168.7.189:8080 "POST /api/v2/default_personal/item/fba9eaac-5ac6-4cb4-b3b3-084f13c01fef HTTP/1.1" 201 None
DEBUG    reportportal_client.client:client.py:635 start_test_item - ID: b133b29d-6370-4ad1-b34a-70f539ca1974
DEBUG    my_package:__init__.py:122 [STEP]: [Action][Main_page] Set Timecode on Library Preview
DEBUG    urllib3.connectionpool:connectionpool.py:544 http://192.168.7.189:8080 "POST /api/v2/default_personal/item/b133b29d-6370-4ad1-b34a-70f539ca1974 HTTP/1.1" 201 None
DEBUG    reportportal_client.client:client.py:635 start_test_item - ID: 292b1d09-48d1-454c-af05-6b66ce42fe95
DEBUG    my_package:__init__.py:122 [STEP]: [Action] Base_page: Snapshot
DEBUG    urllib3.connectionpool:connectionpool.py:544 http://192.168.7.189:8080 "POST /api/v2/default_personal/log HTTP/1.1" 201 None
DEBUG    urllib3.connectionpool:connectionpool.py:544 http://192.168.7.189:8080 "POST /api/v2/default_personal/item/292b1d09-48d1-454c-af05-6b66ce42fe95 HTTP/1.1" 201 None
DEBUG    reportportal_client.client:client.py:635 start_test_item - ID: 40469cf3-566e-4d37-a5bf-db33fce3f01d
DEBUG    urllib3.connectionpool:connectionpool.py:544 http://192.168.7.189:8080 "PUT /api/v2/default_personal/item/40469cf3-566e-4d37-a5bf-db33fce3f01d HTTP/1.1" 200 None
DEBUG    reportportal_client.client:client.py:690 finish_test_item - ID: 40469cf3-566e-4d37-a5bf-db33fce3f01d
DEBUG    reportportal_client.client:client.py:691 response message: Accepted finish request for test item ID = 40469cf3-566e-4d37-a5bf-db33fce3f01d
DEBUG    my_package:__init__.py:122 [STEP]: [Action][Main_page] Set Timecode
DEBUG    urllib3.connectionpool:connectionpool.py:544 http://192.168.7.189:8080 "POST /api/v2/default_personal/item/292b1d09-48d1-454c-af05-6b66ce42fe95 HTTP/1.1" 201 None
DEBUG    reportportal_client.client:client.py:635 start_test_item - ID: 665fc2b7-a081-4018-9df6-c37edcafe7ab
DEBUG    ATFramework:log.py:80  set_time_code - Input duration='00_00_03_00'
DEBUG    urllib3.connectionpool:connectionpool.py:544 http://192.168.7.189:8080 "PUT /api/v2/default_personal/item/665fc2b7-a081-4018-9df6-c37edcafe7ab HTTP/1.1" 200 None
DEBUG    reportportal_client.client:client.py:690 finish_test_item - ID: 665fc2b7-a081-4018-9df6-c37edcafe7ab
DEBUG    reportportal_client.client:client.py:691 response message: Accepted finish request for test item ID = 665fc2b7-a081-4018-9df6-c37edcafe7ab
DEBUG    my_package:__init__.py:122 [STEP]: [Action] Base_page: Snapshot
DEBUG    urllib3.connectionpool:connectionpool.py:544 http://192.168.7.189:8080 "POST /api/v2/default_personal/item/292b1d09-48d1-454c-af05-6b66ce42fe95 HTTP/1.1" 201 None
DEBUG    reportportal_client.client:client.py:635 start_test_item - ID: fdb548a9-5be2-43f6-bbcc-06c11e593e95
DEBUG    urllib3.connectionpool:connectionpool.py:544 http://192.168.7.189:8080 "PUT /api/v2/default_personal/item/fdb548a9-5be2-43f6-bbcc-06c11e593e95 HTTP/1.1" 200 None
DEBUG    reportportal_client.client:client.py:690 finish_test_item - ID: fdb548a9-5be2-43f6-bbcc-06c11e593e95
DEBUG    reportportal_client.client:client.py:691 response message: Accepted finish request for test item ID = fdb548a9-5be2-43f6-bbcc-06c11e593e95
DEBUG    my_package:__init__.py:122 [STEP]: [Action] Base_page: Compare Images
DEBUG    urllib3.connectionpool:connectionpool.py:544 http://192.168.7.189:8080 "POST /api/v2/default_personal/item/292b1d09-48d1-454c-af05-6b66ce42fe95 HTTP/1.1" 201 None
DEBUG    reportportal_client.client:client.py:635 start_test_item - ID: d0641705-d126-4fbe-a429-53adda44ac50
DEBUG    ATFramework:log.py:80  source_path='/var/folders/yh/gry3198j28v1cbcqgwd35c680000gn/T/mac_driver/97a3c892-2a86-4c8d-9146-dbcaf5e0d259.png'
target_path='/var/folders/yh/gry3198j28v1cbcqgwd35c680000gn/T/mac_driver/ce8c299e-3089-41e0-8525-9b326fb66a45.png'
similarity=0.95
DEBUG    ATFramework:log.py:80  Result similarity = 0.940963089466095
DEBUG    urllib3.connectionpool:connectionpool.py:544 http://192.168.7.189:8080 "PUT /api/v2/default_personal/item/d0641705-d126-4fbe-a429-53adda44ac50 HTTP/1.1" 200 None
DEBUG    reportportal_client.client:client.py:690 finish_test_item - ID: d0641705-d126-4fbe-a429-53adda44ac50
DEBUG    reportportal_client.client:client.py:691 response message: Accepted finish request for test item ID = d0641705-d126-4fbe-a429-53adda44ac50
DEBUG    urllib3.connectionpool:connectionpool.py:544 http://192.168.7.189:8080 "PUT /api/v2/default_personal/item/292b1d09-48d1-454c-af05-6b66ce42fe95 HTTP/1.1" 200 None
DEBUG    reportportal_client.client:client.py:690 finish_test_item - ID: 292b1d09-48d1-454c-af05-6b66ce42fe95
DEBUG    reportportal_client.client:client.py:691 response message: Accepted finish request for test item ID = 292b1d09-48d1-454c-af05-6b66ce42fe95
DEBUG    my_package:__init__.py:122 [STEP]: [Action] Base_page: Snapshot
DEBUG    urllib3.connectionpool:connectionpool.py:544 http://192.168.7.189:8080 "POST /api/v2/default_personal/item/b133b29d-6370-4ad1-b34a-70f539ca1974 HTTP/1.1" 201 None
DEBUG    reportportal_client.client:client.py:635 start_test_item - ID: f1840a7b-1d61-4c69-82d4-2016633be318
DEBUG    urllib3.connectionpool:connectionpool.py:544 http://192.168.7.189:8080 "PUT /api/v2/default_personal/item/f1840a7b-1d61-4c69-82d4-2016633be318 HTTP/1.1" 200 None
DEBUG    reportportal_client.client:client.py:690 finish_test_item - ID: f1840a7b-1d61-4c69-82d4-2016633be318
DEBUG    reportportal_client.client:client.py:691 response message: Accepted finish request for test item ID = f1840a7b-1d61-4c69-82d4-2016633be318
DEBUG    urllib3.connectionpool:connectionpool.py:544 http://192.168.7.189:8080 "PUT /api/v2/default_personal/item/b133b29d-6370-4ad1-b34a-70f539ca1974 HTTP/1.1" 200 None
DEBUG    reportportal_client.client:client.py:690 finish_test_item - ID: b133b29d-6370-4ad1-b34a-70f539ca1974
DEBUG    reportportal_client.client:client.py:691 response message: Accepted finish request for test item ID = b133b29d-6370-4ad1-b34a-70f539ca1974
DEBUG    my_package:__init__.py:122 [STEP]: [Action] Click [Mark In] and check the preview update
DEBUG    urllib3.connectionpool:connectionpool.py:544 http://192.168.7.189:8080 "POST /api/v2/default_personal/item/fba9eaac-5ac6-4cb4-b3b3-084f13c01fef HTTP/1.1" 201 None
DEBUG    reportportal_client.client:client.py:635 start_test_item - ID: 3b4a307c-73eb-48c1-af15-7eec1cd9b06f
DEBUG    my_package:__init__.py:122 [STEP]: [Action][Library Preview] Click [Mark In]
DEBUG    urllib3.connectionpool:connectionpool.py:544 http://192.168.7.189:8080 "POST /api/v2/default_personal/item/3b4a307c-73eb-48c1-af15-7eec1cd9b06f HTTP/1.1" 201 None
DEBUG    reportportal_client.client:client.py:635 start_test_item - ID: f9d677ba-c796-47b6-a16d-0d216c7812e2
DEBUG    urllib3.connectionpool:connectionpool.py:544 http://192.168.7.189:8080 "PUT /api/v2/default_personal/item/f9d677ba-c796-47b6-a16d-0d216c7812e2 HTTP/1.1" 200 None
DEBUG    reportportal_client.client:client.py:690 finish_test_item - ID: f9d677ba-c796-47b6-a16d-0d216c7812e2
DEBUG    reportportal_client.client:client.py:691 response message: Accepted finish request for test item ID = f9d677ba-c796-47b6-a16d-0d216c7812e2
DEBUG    my_package:__init__.py:122 [STEP]: [Action] Base_page: Snapshot
DEBUG    urllib3.connectionpool:connectionpool.py:544 http://192.168.7.189:8080 "POST /api/v2/default_personal/item/3b4a307c-73eb-48c1-af15-7eec1cd9b06f HTTP/1.1" 201 None
DEBUG    reportportal_client.client:client.py:635 start_test_item - ID: 591a0f30-e5c1-483b-8a8d-6cf732faff13
DEBUG    urllib3.connectionpool:connectionpool.py:544 http://192.168.7.189:8080 "PUT /api/v2/default_personal/item/591a0f30-e5c1-483b-8a8d-6cf732faff13 HTTP/1.1" 200 None
DEBUG    reportportal_client.client:client.py:690 finish_test_item - ID: 591a0f30-e5c1-483b-8a8d-6cf732faff13
DEBUG    reportportal_client.client:client.py:691 response message: Accepted finish request for test item ID = 591a0f30-e5c1-483b-8a8d-6cf732faff13
DEBUG    my_package:__init__.py:122 [STEP]: [Action] Base_page: Compare Images
DEBUG    urllib3.connectionpool:connectionpool.py:544 http://192.168.7.189:8080 "POST /api/v2/default_personal/item/3b4a307c-73eb-48c1-af15-7eec1cd9b06f HTTP/1.1" 201 None
DEBUG    reportportal_client.client:client.py:635 start_test_item - ID: f895f227-881e-4ab9-be41-0044b534d5d6
DEBUG    ATFramework:log.py:80  source_path='/var/folders/yh/gry3198j28v1cbcqgwd35c680000gn/T/mac_driver/4d38ea98-3b1e-421a-85a4-68a9e6adae72.png'
target_path='/var/folders/yh/gry3198j28v1cbcqgwd35c680000gn/T/mac_driver/6afcc098-d943-460f-8d12-11b070e74e97.png'
similarity=0.9999
DEBUG    urllib3.connectionpool:connectionpool.py:544 http://192.168.7.189:8080 "POST /api/v2/default_personal/log HTTP/1.1" 201 None
DEBUG    ATFramework:log.py:80  Result similarity = 0.999607503414154
DEBUG    urllib3.connectionpool:connectionpool.py:544 http://192.168.7.189:8080 "PUT /api/v2/default_personal/item/f895f227-881e-4ab9-be41-0044b534d5d6 HTTP/1.1" 200 None
DEBUG    reportportal_client.client:client.py:690 finish_test_item - ID: f895f227-881e-4ab9-be41-0044b534d5d6
DEBUG    reportportal_client.client:client.py:691 response message: Accepted finish request for test item ID = f895f227-881e-4ab9-be41-0044b534d5d6
DEBUG    urllib3.connectionpool:connectionpool.py:544 http://192.168.7.189:8080 "PUT /api/v2/default_personal/item/3b4a307c-73eb-48c1-af15-7eec1cd9b06f HTTP/1.1" 200 None
DEBUG    reportportal_client.client:client.py:690 finish_test_item - ID: 3b4a307c-73eb-48c1-af15-7eec1cd9b06f
DEBUG    reportportal_client.client:client.py:691 response message: Accepted finish request for test item ID = 3b4a307c-73eb-48c1-af15-7eec1cd9b06f
DEBUG    my_package:__init__.py:122 [STEP]: [Action] Set Timecode ('00_00_10_07') on Library Preview and screenshot
DEBUG    urllib3.connectionpool:connectionpool.py:544 http://192.168.7.189:8080 "POST /api/v2/default_personal/item/fba9eaac-5ac6-4cb4-b3b3-084f13c01fef HTTP/1.1" 201 None
DEBUG    reportportal_client.client:client.py:635 start_test_item - ID: 4e3adf7f-4acf-4e4f-8f18-c23b03991026
DEBUG    my_package:__init__.py:122 [STEP]: [Action][Main_page] Set Timecode on Library Preview
DEBUG    urllib3.connectionpool:connectionpool.py:544 http://192.168.7.189:8080 "POST /api/v2/default_personal/item/4e3adf7f-4acf-4e4f-8f18-c23b03991026 HTTP/1.1" 201 None
DEBUG    reportportal_client.client:client.py:635 start_test_item - ID: bcb4cd5f-6286-4a00-bb05-39a82ebb4ce0
DEBUG    my_package:__init__.py:122 [STEP]: [Action] Base_page: Snapshot
DEBUG    urllib3.connectionpool:connectionpool.py:544 http://192.168.7.189:8080 "POST /api/v2/default_personal/item/bcb4cd5f-6286-4a00-bb05-39a82ebb4ce0 HTTP/1.1" 201 None
DEBUG    reportportal_client.client:client.py:635 start_test_item - ID: 6da4516f-21ee-4dfb-a860-83487a76f3e7
DEBUG    urllib3.connectionpool:connectionpool.py:544 http://192.168.7.189:8080 "PUT /api/v2/default_personal/item/6da4516f-21ee-4dfb-a860-83487a76f3e7 HTTP/1.1" 200 None
DEBUG    reportportal_client.client:client.py:690 finish_test_item - ID: 6da4516f-21ee-4dfb-a860-83487a76f3e7
DEBUG    reportportal_client.client:client.py:691 response message: Accepted finish request for test item ID = 6da4516f-21ee-4dfb-a860-83487a76f3e7
DEBUG    my_package:__init__.py:122 [STEP]: [Action][Main_page] Set Timecode
DEBUG    urllib3.connectionpool:connectionpool.py:544 http://192.168.7.189:8080 "POST /api/v2/default_personal/item/bcb4cd5f-6286-4a00-bb05-39a82ebb4ce0 HTTP/1.1" 201 None
DEBUG    reportportal_client.client:client.py:635 start_test_item - ID: f3358e3a-a400-4a5d-aed2-7391324b07ad
DEBUG    ATFramework:log.py:80  set_time_code - Input duration='00_00_10_07'
DEBUG    urllib3.connectionpool:connectionpool.py:544 http://192.168.7.189:8080 "PUT /api/v2/default_personal/item/f3358e3a-a400-4a5d-aed2-7391324b07ad HTTP/1.1" 200 None
DEBUG    reportportal_client.client:client.py:690 finish_test_item - ID: f3358e3a-a400-4a5d-aed2-7391324b07ad
DEBUG    reportportal_client.client:client.py:691 response message: Accepted finish request for test item ID = f3358e3a-a400-4a5d-aed2-7391324b07ad
DEBUG    my_package:__init__.py:122 [STEP]: [Action] Base_page: Snapshot
DEBUG    urllib3.connectionpool:connectionpool.py:544 http://192.168.7.189:8080 "POST /api/v2/default_personal/item/bcb4cd5f-6286-4a00-bb05-39a82ebb4ce0 HTTP/1.1" 201 None
DEBUG    reportportal_client.client:client.py:635 start_test_item - ID: 3865debf-a627-4ca1-9b16-f9baf1937c28
DEBUG    urllib3.connectionpool:connectionpool.py:544 http://192.168.7.189:8080 "PUT /api/v2/default_personal/item/3865debf-a627-4ca1-9b16-f9baf1937c28 HTTP/1.1" 200 None
DEBUG    reportportal_client.client:client.py:690 finish_test_item - ID: 3865debf-a627-4ca1-9b16-f9baf1937c28
DEBUG    reportportal_client.client:client.py:691 response message: Accepted finish request for test item ID = 3865debf-a627-4ca1-9b16-f9baf1937c28
DEBUG    my_package:__init__.py:122 [STEP]: [Action] Base_page: Compare Images
DEBUG    urllib3.connectionpool:connectionpool.py:544 http://192.168.7.189:8080 "POST /api/v2/default_personal/item/bcb4cd5f-6286-4a00-bb05-39a82ebb4ce0 HTTP/1.1" 201 None
DEBUG    reportportal_client.client:client.py:635 start_test_item - ID: c3095c32-5371-41cf-91e6-d75860bd9924
DEBUG    ATFramework:log.py:80  source_path='/var/folders/yh/gry3198j28v1cbcqgwd35c680000gn/T/mac_driver/ed4a00a5-c7d5-4730-9ca7-a8e8e6c24040.png'
target_path='/var/folders/yh/gry3198j28v1cbcqgwd35c680000gn/T/mac_driver/75eba95c-890e-4976-8712-b3d63c1cabb4.png'
similarity=0.95
DEBUG    ATFramework:log.py:80  Result similarity = 0.9429505467414856
DEBUG    urllib3.connectionpool:connectionpool.py:544 http://192.168.7.189:8080 "PUT /api/v2/default_personal/item/c3095c32-5371-41cf-91e6-d75860bd9924 HTTP/1.1" 200 None
DEBUG    reportportal_client.client:client.py:690 finish_test_item - ID: c3095c32-5371-41cf-91e6-d75860bd9924
DEBUG    reportportal_client.client:client.py:691 response message: Accepted finish request for test item ID = c3095c32-5371-41cf-91e6-d75860bd9924
DEBUG    urllib3.connectionpool:connectionpool.py:544 http://192.168.7.189:8080 "PUT /api/v2/default_personal/item/bcb4cd5f-6286-4a00-bb05-39a82ebb4ce0 HTTP/1.1" 200 None
DEBUG    reportportal_client.client:client.py:690 finish_test_item - ID: bcb4cd5f-6286-4a00-bb05-39a82ebb4ce0
DEBUG    reportportal_client.client:client.py:691 response message: Accepted finish request for test item ID = bcb4cd5f-6286-4a00-bb05-39a82ebb4ce0
DEBUG    my_package:__init__.py:122 [STEP]: [Action] Base_page: Snapshot
DEBUG    urllib3.connectionpool:connectionpool.py:544 http://192.168.7.189:8080 "POST /api/v2/default_personal/item/4e3adf7f-4acf-4e4f-8f18-c23b03991026 HTTP/1.1" 201 None
DEBUG    reportportal_client.client:client.py:635 start_test_item - ID: f6d0ea70-c0b1-4a0b-9cad-ad284c8b382d
DEBUG    urllib3.connectionpool:connectionpool.py:544 http://192.168.7.189:8080 "PUT /api/v2/default_personal/item/f6d0ea70-c0b1-4a0b-9cad-ad284c8b382d HTTP/1.1" 200 None
DEBUG    reportportal_client.client:client.py:690 finish_test_item - ID: f6d0ea70-c0b1-4a0b-9cad-ad284c8b382d
DEBUG    reportportal_client.client:client.py:691 response message: Accepted finish request for test item ID = f6d0ea70-c0b1-4a0b-9cad-ad284c8b382d
DEBUG    urllib3.connectionpool:connectionpool.py:544 http://192.168.7.189:8080 "PUT /api/v2/default_personal/item/4e3adf7f-4acf-4e4f-8f18-c23b03991026 HTTP/1.1" 200 None
DEBUG    reportportal_client.client:client.py:690 finish_test_item - ID: 4e3adf7f-4acf-4e4f-8f18-c23b03991026
DEBUG    reportportal_client.client:client.py:691 response message: Accepted finish request for test item ID = 4e3adf7f-4acf-4e4f-8f18-c23b03991026
DEBUG    my_package:__init__.py:122 [STEP]: [Action] Click [Mark Out] and check the preview update
DEBUG    urllib3.connectionpool:connectionpool.py:544 http://192.168.7.189:8080 "POST /api/v2/default_personal/item/fba9eaac-5ac6-4cb4-b3b3-084f13c01fef HTTP/1.1" 201 None
DEBUG    reportportal_client.client:client.py:635 start_test_item - ID: 9f74b672-ad5d-4d32-80e4-4a51c902e6ab
DEBUG    my_package:__init__.py:122 [STEP]: [Action][Library Preview] Click [Mark Out]
DEBUG    urllib3.connectionpool:connectionpool.py:544 http://192.168.7.189:8080 "POST /api/v2/default_personal/item/9f74b672-ad5d-4d32-80e4-4a51c902e6ab HTTP/1.1" 201 None
DEBUG    reportportal_client.client:client.py:635 start_test_item - ID: 08416b61-19e4-40b8-aa88-6e299709e134
DEBUG    urllib3.connectionpool:connectionpool.py:544 http://192.168.7.189:8080 "POST /api/v2/default_personal/log HTTP/1.1" 201 None
DEBUG    urllib3.connectionpool:connectionpool.py:544 http://192.168.7.189:8080 "PUT /api/v2/default_personal/item/08416b61-19e4-40b8-aa88-6e299709e134 HTTP/1.1" 200 None
DEBUG    reportportal_client.client:client.py:690 finish_test_item - ID: 08416b61-19e4-40b8-aa88-6e299709e134
DEBUG    reportportal_client.client:client.py:691 response message: Accepted finish request for test item ID = 08416b61-19e4-40b8-aa88-6e299709e134
DEBUG    my_package:__init__.py:122 [STEP]: [Action] Base_page: Snapshot
DEBUG    urllib3.connectionpool:connectionpool.py:544 http://192.168.7.189:8080 "POST /api/v2/default_personal/item/9f74b672-ad5d-4d32-80e4-4a51c902e6ab HTTP/1.1" 201 None
DEBUG    reportportal_client.client:client.py:635 start_test_item - ID: a3f79873-fd15-4214-a9c7-efe0c2ca8788
DEBUG    urllib3.connectionpool:connectionpool.py:544 http://192.168.7.189:8080 "PUT /api/v2/default_personal/item/a3f79873-fd15-4214-a9c7-efe0c2ca8788 HTTP/1.1" 200 None
DEBUG    reportportal_client.client:client.py:690 finish_test_item - ID: a3f79873-fd15-4214-a9c7-efe0c2ca8788
DEBUG    reportportal_client.client:client.py:691 response message: Accepted finish request for test item ID = a3f79873-fd15-4214-a9c7-efe0c2ca8788
DEBUG    my_package:__init__.py:122 [STEP]: [Action] Base_page: Compare Images
DEBUG    urllib3.connectionpool:connectionpool.py:544 http://192.168.7.189:8080 "POST /api/v2/default_personal/item/9f74b672-ad5d-4d32-80e4-4a51c902e6ab HTTP/1.1" 201 None
DEBUG    reportportal_client.client:client.py:635 start_test_item - ID: 883e7560-48aa-48f8-a8e1-9d53ff9687f7
DEBUG    ATFramework:log.py:80  source_path='/var/folders/yh/gry3198j28v1cbcqgwd35c680000gn/T/mac_driver/1b181d72-4db9-415a-adb5-c3d20eee3e45.png'
target_path='/var/folders/yh/gry3198j28v1cbcqgwd35c680000gn/T/mac_driver/19c0ad14-8989-454b-9286-880502ba3abc.png'
similarity=0.9999
DEBUG    ATFramework:log.py:80  Result similarity = 0.9990971684455872
DEBUG    urllib3.connectionpool:connectionpool.py:544 http://192.168.7.189:8080 "PUT /api/v2/default_personal/item/883e7560-48aa-48f8-a8e1-9d53ff9687f7 HTTP/1.1" 200 None
DEBUG    reportportal_client.client:client.py:690 finish_test_item - ID: 883e7560-48aa-48f8-a8e1-9d53ff9687f7
DEBUG    reportportal_client.client:client.py:691 response message: Accepted finish request for test item ID = 883e7560-48aa-48f8-a8e1-9d53ff9687f7
DEBUG    urllib3.connectionpool:connectionpool.py:544 http://192.168.7.189:8080 "PUT /api/v2/default_personal/item/9f74b672-ad5d-4d32-80e4-4a51c902e6ab HTTP/1.1" 200 None
DEBUG    reportportal_client.client:client.py:690 finish_test_item - ID: 9f74b672-ad5d-4d32-80e4-4a51c902e6ab
DEBUG    reportportal_client.client:client.py:691 response message: Accepted finish request for test item ID = 9f74b672-ad5d-4d32-80e4-4a51c902e6ab
DEBUG    my_package:__init__.py:122 [STEP]: [Action] Click [Insert] on selected track
DEBUG    urllib3.connectionpool:connectionpool.py:544 http://192.168.7.189:8080 "POST /api/v2/default_personal/item/fba9eaac-5ac6-4cb4-b3b3-084f13c01fef HTTP/1.1" 201 None
DEBUG    reportportal_client.client:client.py:635 start_test_item - ID: c39332e6-cf9f-41d5-9cb0-d40b27c30931
DEBUG    my_package:__init__.py:122 [STEP]: [Action][Library Preview] Click [Insert] on selected track
DEBUG    urllib3.connectionpool:connectionpool.py:544 http://192.168.7.189:8080 "POST /api/v2/default_personal/item/c39332e6-cf9f-41d5-9cb0-d40b27c30931 HTTP/1.1" 201 None
DEBUG    reportportal_client.client:client.py:635 start_test_item - ID: 8a05b02f-e00c-48a7-b40d-deb5cb44748c
DEBUG    urllib3.connectionpool:connectionpool.py:544 http://192.168.7.189:8080 "PUT /api/v2/default_personal/item/8a05b02f-e00c-48a7-b40d-deb5cb44748c HTTP/1.1" 200 None
DEBUG    reportportal_client.client:client.py:690 finish_test_item - ID: 8a05b02f-e00c-48a7-b40d-deb5cb44748c
DEBUG    reportportal_client.client:client.py:691 response message: Accepted finish request for test item ID = 8a05b02f-e00c-48a7-b40d-deb5cb44748c
DEBUG    urllib3.connectionpool:connectionpool.py:544 http://192.168.7.189:8080 "PUT /api/v2/default_personal/item/c39332e6-cf9f-41d5-9cb0-d40b27c30931 HTTP/1.1" 200 None
DEBUG    reportportal_client.client:client.py:690 finish_test_item - ID: c39332e6-cf9f-41d5-9cb0-d40b27c30931
DEBUG    reportportal_client.client:client.py:691 response message: Accepted finish request for test item ID = c39332e6-cf9f-41d5-9cb0-d40b27c30931
DEBUG    my_package:__init__.py:122 [STEP]: [Action] Click [Trim] button in [Tips Area] (type='video')
DEBUG    urllib3.connectionpool:connectionpool.py:544 http://192.168.7.189:8080 "POST /api/v2/default_personal/item/fba9eaac-5ac6-4cb4-b3b3-084f13c01fef HTTP/1.1" 201 None
DEBUG    reportportal_client.client:client.py:635 start_test_item - ID: 9894eceb-87b8-4ed0-8dba-48862587082d
DEBUG    my_package:__init__.py:122 [STEP]: [Action][TipsArea] Click [Trim] button in [Tips Area]
DEBUG    urllib3.connectionpool:connectionpool.py:544 http://192.168.7.189:8080 "POST /api/v2/default_personal/item/9894eceb-87b8-4ed0-8dba-48862587082d HTTP/1.1" 201 None
DEBUG    reportportal_client.client:client.py:635 start_test_item - ID: 7fa189d2-7334-40e6-badb-7f66c70ff742
DEBUG    urllib3.connectionpool:connectionpool.py:544 http://192.168.7.189:8080 "PUT /api/v2/default_personal/item/7fa189d2-7334-40e6-badb-7f66c70ff742 HTTP/1.1" 200 None
DEBUG    reportportal_client.client:client.py:690 finish_test_item - ID: 7fa189d2-7334-40e6-badb-7f66c70ff742
DEBUG    reportportal_client.client:client.py:691 response message: Accepted finish request for test item ID = 7fa189d2-7334-40e6-badb-7f66c70ff742
DEBUG    urllib3.connectionpool:connectionpool.py:544 http://192.168.7.189:8080 "PUT /api/v2/default_personal/item/9894eceb-87b8-4ed0-8dba-48862587082d HTTP/1.1" 200 None
DEBUG    reportportal_client.client:client.py:690 finish_test_item - ID: 9894eceb-87b8-4ed0-8dba-48862587082d
DEBUG    reportportal_client.client:client.py:691 response message: Accepted finish request for test item ID = 9894eceb-87b8-4ed0-8dba-48862587082d
DEBUG    my_package:__init__.py:122 [STEP]: [Action] Switch [Trim Mode] to ('Single') in [Precut Window]
DEBUG    urllib3.connectionpool:connectionpool.py:544 http://192.168.7.189:8080 "POST /api/v2/default_personal/item/fba9eaac-5ac6-4cb4-b3b3-084f13c01fef HTTP/1.1" 201 None
DEBUG    reportportal_client.client:client.py:635 start_test_item - ID: ff91e3b4-9bb0-45a1-80ce-4f02629f2cfb
DEBUG    my_package:__init__.py:122 [STEP]: [Action][Precut] Switch [Trim Mode] in [Precut Window]
DEBUG    urllib3.connectionpool:connectionpool.py:544 http://192.168.7.189:8080 "POST /api/v2/default_personal/item/ff91e3b4-9bb0-45a1-80ce-4f02629f2cfb HTTP/1.1" 201 None
DEBUG    reportportal_client.client:client.py:635 start_test_item - ID: 84c418ce-7b17-4023-a09b-fc1b60121ba2
DEBUG    urllib3.connectionpool:connectionpool.py:544 http://192.168.7.189:8080 "PUT /api/v2/default_personal/item/84c418ce-7b17-4023-a09b-fc1b60121ba2 HTTP/1.1" 200 None
DEBUG    reportportal_client.client:client.py:690 finish_test_item - ID: 84c418ce-7b17-4023-a09b-fc1b60121ba2
DEBUG    reportportal_client.client:client.py:691 response message: Accepted finish request for test item ID = 84c418ce-7b17-4023-a09b-fc1b60121ba2
DEBUG    urllib3.connectionpool:connectionpool.py:544 http://192.168.7.189:8080 "PUT /api/v2/default_personal/item/ff91e3b4-9bb0-45a1-80ce-4f02629f2cfb HTTP/1.1" 200 None
DEBUG    reportportal_client.client:client.py:690 finish_test_item - ID: ff91e3b4-9bb0-45a1-80ce-4f02629f2cfb
DEBUG    reportportal_client.client:client.py:691 response message: Accepted finish request for test item ID = ff91e3b4-9bb0-45a1-80ce-4f02629f2cfb
DEBUG    my_package:__init__.py:122 [STEP]: [Verify] Get Single Trim Duration and check if it is ('00:00:07:07')
DEBUG    urllib3.connectionpool:connectionpool.py:544 http://192.168.7.189:8080 "POST /api/v2/default_personal/item/fba9eaac-5ac6-4cb4-b3b3-084f13c01fef HTTP/1.1" 201 None
DEBUG    reportportal_client.client:client.py:635 start_test_item - ID: 70ca1afc-19e8-4cf2-be41-ac24f0f40816
DEBUG    my_package:__init__.py:122 [STEP]: [Action][Precut] Get Single Trim Duration
DEBUG    urllib3.connectionpool:connectionpool.py:544 http://192.168.7.189:8080 "POST /api/v2/default_personal/item/70ca1afc-19e8-4cf2-be41-ac24f0f40816 HTTP/1.1" 201 None
DEBUG    reportportal_client.client:client.py:635 start_test_item - ID: 03b8bdca-666d-46a0-88e4-37348cd269e1
DEBUG    urllib3.connectionpool:connectionpool.py:544 http://192.168.7.189:8080 "PUT /api/v2/default_personal/item/03b8bdca-666d-46a0-88e4-37348cd269e1 HTTP/1.1" 200 None
DEBUG    reportportal_client.client:client.py:690 finish_test_item - ID: 03b8bdca-666d-46a0-88e4-37348cd269e1
DEBUG    reportportal_client.client:client.py:691 response message: Accepted finish request for test item ID = 03b8bdca-666d-46a0-88e4-37348cd269e1
DEBUG    urllib3.connectionpool:connectionpool.py:544 http://192.168.7.189:8080 "PUT /api/v2/default_personal/item/70ca1afc-19e8-4cf2-be41-ac24f0f40816 HTTP/1.1" 200 None
DEBUG    reportportal_client.client:client.py:690 finish_test_item - ID: 70ca1afc-19e8-4cf2-be41-ac24f0f40816
DEBUG    reportportal_client.client:client.py:691 response message: Accepted finish request for test item ID = 70ca1afc-19e8-4cf2-be41-ac24f0f40816
DEBUG    my_package:__init__.py:122 [STEP]: [Action] Click [OK] Button to leave Precut Window
DEBUG    urllib3.connectionpool:connectionpool.py:544 http://192.168.7.189:8080 "POST /api/v2/default_personal/item/fba9eaac-5ac6-4cb4-b3b3-084f13c01fef HTTP/1.1" 201 None
DEBUG    reportportal_client.client:client.py:635 start_test_item - ID: 0f202bd1-bc29-4300-ad63-f866220852cd
DEBUG    my_package:__init__.py:122 [STEP]: [Action][Precut] Click [OK] Button to leave Precut Window
DEBUG    urllib3.connectionpool:connectionpool.py:544 http://192.168.7.189:8080 "POST /api/v2/default_personal/log HTTP/1.1" 201 None
DEBUG    urllib3.connectionpool:connectionpool.py:544 http://192.168.7.189:8080 "POST /api/v2/default_personal/item/0f202bd1-bc29-4300-ad63-f866220852cd HTTP/1.1" 201 None
DEBUG    reportportal_client.client:client.py:635 start_test_item - ID: 2c192a79-6db9-4591-aa0c-766b61687c13
DEBUG    ATFramework:log.py:80  [Locator] The element is not found via >> {'AXRole': 'AXWindow', 'AXIdentifier': 'IDC_VIDEO_TRIM_DIALOG_WINDOW'} <<
DEBUG    urllib3.connectionpool:connectionpool.py:544 http://192.168.7.189:8080 "PUT /api/v2/default_personal/item/2c192a79-6db9-4591-aa0c-766b61687c13 HTTP/1.1" 200 None
DEBUG    reportportal_client.client:client.py:690 finish_test_item - ID: 2c192a79-6db9-4591-aa0c-766b61687c13
DEBUG    reportportal_client.client:client.py:691 response message: Accepted finish request for test item ID = 2c192a79-6db9-4591-aa0c-766b61687c13
DEBUG    urllib3.connectionpool:connectionpool.py:544 http://192.168.7.189:8080 "PUT /api/v2/default_personal/item/0f202bd1-bc29-4300-ad63-f866220852cd HTTP/1.1" 200 None
DEBUG    reportportal_client.client:client.py:690 finish_test_item - ID: 0f202bd1-bc29-4300-ad63-f866220852cd
DEBUG    reportportal_client.client:client.py:691 response message: Accepted finish request for test item ID = 0f202bd1-bc29-4300-ad63-f866220852cd
DEBUG    pytest_reportportal.service:service.py:765 ReportPortal - Finish TestItem: request_body={'attributes': [{'value': 'media_room_func'}, {'value': 'mark_in_out'}, {'value': 'timecode'}, {'value': 'library_preview'}, {'value': 'trim'}, {'value': 'media_room'}], 'end_time': '1742549402194', 'status': 'PASSED', 'issue': None, 'item_id': 'fba9eaac-5ac6-4cb4-b3b3-084f13c01fef'}
DEBUG    urllib3.connectionpool:connectionpool.py:544 http://192.168.7.189:8080 "PUT /api/v2/default_personal/item/fba9eaac-5ac6-4cb4-b3b3-084f13c01fef HTTP/1.1" 200 None
DEBUG    reportportal_client.client:client.py:690 finish_test_item - ID: fba9eaac-5ac6-4cb4-b3b3-084f13c01fef
DEBUG    reportportal_client.client:client.py:691 response message: Accepted finish request for test item ID = fba9eaac-5ac6-4cb4-b3b3-084f13c01fef
DEBUG    pytest_reportportal.service:service.py:695 ReportPortal - Start TestItem: request_body={'attributes': [{'value': 'library_preview'}, {'value': 'media_room_func'}], 'name': '[test_media_room_func_2_20] Click Minimize button on Preview Window and check result', 'description': '0. Ensure the dependency test is run and passed\n1. Click [Minimize] button on [Preview Window] and check result', 'start_time': '1742549402203', 'item_type': 'STEP', 'code_ref': 'test_BFT_PDR23_stage1_reportportal.py:Test_BFT_365_OS14.test_media_room_func_2_20', 'parameters': None, 'parent_item_id': None, 'test_case_id': 'test_BFT_PDR23_stage1_reportportal.py:Test_BFT_365_OS14.test_media_room_func_2_20'}
DEBUG    urllib3.connectionpool:connectionpool.py:544 http://192.168.7.189:8080 "POST /api/v2/default_personal/item HTTP/1.1" 201 None
DEBUG    reportportal_client.client:client.py:635 start_test_item - ID: 63c5858e-06d2-4886-9975-67696be8fffc
DEBUG    my_package:__init__.py:122 [STEP]: [Initial] Check dependency test result
DEBUG    urllib3.connectionpool:connectionpool.py:544 http://192.168.7.189:8080 "POST /api/v2/default_personal/item/63c5858e-06d2-4886-9975-67696be8fffc HTTP/1.1" 201 None
DEBUG    reportportal_client.client:client.py:635 start_test_item - ID: d0e64901-b45f-4543-8856-a5bdb58fe77f
DEBUG    urllib3.connectionpool:connectionpool.py:544 http://192.168.7.189:8080 "PUT /api/v2/default_personal/item/d0e64901-b45f-4543-8856-a5bdb58fe77f HTTP/1.1" 200 None
DEBUG    reportportal_client.client:client.py:690 finish_test_item - ID: d0e64901-b45f-4543-8856-a5bdb58fe77f
DEBUG    reportportal_client.client:client.py:691 response message: Accepted finish request for test item ID = d0e64901-b45f-4543-8856-a5bdb58fe77f
DEBUG    my_package:__init__.py:122 [STEP]: [Action] Click [Minimize] button on [Preview Window]
DEBUG    urllib3.connectionpool:connectionpool.py:544 http://192.168.7.189:8080 "POST /api/v2/default_personal/item/63c5858e-06d2-4886-9975-67696be8fffc HTTP/1.1" 201 None
DEBUG    reportportal_client.client:client.py:635 start_test_item - ID: 8a429fcf-f059-41f3-b734-19f00e523e6d
DEBUG    my_package:__init__.py:122 [STEP]: [Action][Library Preview] Click [Minimize] button on [Preview Window]
DEBUG    urllib3.connectionpool:connectionpool.py:544 http://192.168.7.189:8080 "POST /api/v2/default_personal/item/8a429fcf-f059-41f3-b734-19f00e523e6d HTTP/1.1" 201 None
DEBUG    reportportal_client.client:client.py:635 start_test_item - ID: 55566c41-3626-40d3-8c00-0065399e3f90
DEBUG    ATFramework:log.py:80  [Locator] The element is not found via >> {'AXDescription': 'Custom View', 'AXRole': 'AXButton'} <<
DEBUG    urllib3.connectionpool:connectionpool.py:544 http://192.168.7.189:8080 "PUT /api/v2/default_personal/item/55566c41-3626-40d3-8c00-0065399e3f90 HTTP/1.1" 200 None
DEBUG    reportportal_client.client:client.py:690 finish_test_item - ID: 55566c41-3626-40d3-8c00-0065399e3f90
DEBUG    reportportal_client.client:client.py:691 response message: Accepted finish request for test item ID = 55566c41-3626-40d3-8c00-0065399e3f90
DEBUG    urllib3.connectionpool:connectionpool.py:544 http://192.168.7.189:8080 "PUT /api/v2/default_personal/item/8a429fcf-f059-41f3-b734-19f00e523e6d HTTP/1.1" 200 None
DEBUG    reportportal_client.client:client.py:690 finish_test_item - ID: 8a429fcf-f059-41f3-b734-19f00e523e6d
DEBUG    reportportal_client.client:client.py:691 response message: Accepted finish request for test item ID = 8a429fcf-f059-41f3-b734-19f00e523e6d
DEBUG    pytest_reportportal.service:service.py:765 ReportPortal - Finish TestItem: request_body={'attributes': [{'value': 'library_preview'}, {'value': 'media_room_func'}], 'end_time': '1742549414112', 'status': 'PASSED', 'issue': None, 'item_id': '63c5858e-06d2-4886-9975-67696be8fffc'}
DEBUG    urllib3.connectionpool:connectionpool.py:544 http://192.168.7.189:8080 "PUT /api/v2/default_personal/item/63c5858e-06d2-4886-9975-67696be8fffc HTTP/1.1" 200 None
DEBUG    reportportal_client.client:client.py:690 finish_test_item - ID: 63c5858e-06d2-4886-9975-67696be8fffc
DEBUG    reportportal_client.client:client.py:691 response message: Accepted finish request for test item ID = 63c5858e-06d2-4886-9975-67696be8fffc
DEBUG    pytest_reportportal.service:service.py:695 ReportPortal - Start TestItem: request_body={'attributes': [{'value': 'library_preview'}, {'value': 'media_room_func'}], 'name': '[test_media_room_func_2_21] Show, Dock, and Close Library Preview Window', 'description': '0. Ensure the dependency test is run and passed\n1. Click [Show Library Preview] button when [Minimized window]\n2. Click [Dock] button on [Preview Window]\n3. Click [Close] button on [Preview Window]', 'start_time': '1742549414123', 'item_type': 'STEP', 'code_ref': 'test_BFT_PDR23_stage1_reportportal.py:Test_BFT_365_OS14.test_media_room_func_2_21', 'parameters': None, 'parent_item_id': None, 'test_case_id': 'test_BFT_PDR23_stage1_reportportal.py:Test_BFT_365_OS14.test_media_room_func_2_21'}
DEBUG    urllib3.connectionpool:connectionpool.py:544 http://192.168.7.189:8080 "POST /api/v2/default_personal/item HTTP/1.1" 201 None
DEBUG    reportportal_client.client:client.py:635 start_test_item - ID: dfb3c6dd-093d-48ad-808f-ace5fd4e791b
DEBUG    my_package:__init__.py:122 [STEP]: [Initial] Check dependency test result
DEBUG    urllib3.connectionpool:connectionpool.py:544 http://192.168.7.189:8080 "POST /api/v2/default_personal/item/dfb3c6dd-093d-48ad-808f-ace5fd4e791b HTTP/1.1" 201 None
DEBUG    reportportal_client.client:client.py:635 start_test_item - ID: 672ed3d9-d129-4f34-b778-9aa274a07125
DEBUG    urllib3.connectionpool:connectionpool.py:544 http://192.168.7.189:8080 "PUT /api/v2/default_personal/item/672ed3d9-d129-4f34-b778-9aa274a07125 HTTP/1.1" 200 None
DEBUG    reportportal_client.client:client.py:690 finish_test_item - ID: 672ed3d9-d129-4f34-b778-9aa274a07125
DEBUG    reportportal_client.client:client.py:691 response message: Accepted finish request for test item ID = 672ed3d9-d129-4f34-b778-9aa274a07125
DEBUG    my_package:__init__.py:122 [STEP]: [Action] Click [Show Library Preview] button when [Minimized window]
DEBUG    urllib3.connectionpool:connectionpool.py:544 http://192.168.7.189:8080 "POST /api/v2/default_personal/item/dfb3c6dd-093d-48ad-808f-ace5fd4e791b HTTP/1.1" 201 None
DEBUG    reportportal_client.client:client.py:635 start_test_item - ID: 9ad5cf09-2281-43d1-8a96-16d1675ebdf5
DEBUG    my_package:__init__.py:122 [STEP]: [Action][Library Preview] Click [Show Library Preview] button when [Minimized window]
DEBUG    urllib3.connectionpool:connectionpool.py:544 http://192.168.7.189:8080 "POST /api/v2/default_personal/item/9ad5cf09-2281-43d1-8a96-16d1675ebdf5 HTTP/1.1" 201 None
DEBUG    reportportal_client.client:client.py:635 start_test_item - ID: 62f77c3b-b22e-4bb9-b718-496911d72ab3
DEBUG    urllib3.connectionpool:connectionpool.py:544 http://192.168.7.189:8080 "PUT /api/v2/default_personal/item/62f77c3b-b22e-4bb9-b718-496911d72ab3 HTTP/1.1" 200 None
DEBUG    reportportal_client.client:client.py:690 finish_test_item - ID: 62f77c3b-b22e-4bb9-b718-496911d72ab3
DEBUG    reportportal_client.client:client.py:691 response message: Accepted finish request for test item ID = 62f77c3b-b22e-4bb9-b718-496911d72ab3
DEBUG    urllib3.connectionpool:connectionpool.py:544 http://192.168.7.189:8080 "PUT /api/v2/default_personal/item/9ad5cf09-2281-43d1-8a96-16d1675ebdf5 HTTP/1.1" 200 None
DEBUG    reportportal_client.client:client.py:690 finish_test_item - ID: 9ad5cf09-2281-43d1-8a96-16d1675ebdf5
DEBUG    reportportal_client.client:client.py:691 response message: Accepted finish request for test item ID = 9ad5cf09-2281-43d1-8a96-16d1675ebdf5
DEBUG    my_package:__init__.py:122 [STEP]: [Action] Click [Dock] button on [Preview Window]
DEBUG    urllib3.connectionpool:connectionpool.py:544 http://192.168.7.189:8080 "POST /api/v2/default_personal/item/dfb3c6dd-093d-48ad-808f-ace5fd4e791b HTTP/1.1" 201 None
DEBUG    reportportal_client.client:client.py:635 start_test_item - ID: 69e15dfc-e8f9-4492-8639-8ece69e1670d
DEBUG    my_package:__init__.py:122 [STEP]: [Action][Library Preview] Click [Dock] button on [Preview Window]
DEBUG    urllib3.connectionpool:connectionpool.py:544 http://192.168.7.189:8080 "POST /api/v2/default_personal/item/69e15dfc-e8f9-4492-8639-8ece69e1670d HTTP/1.1" 201 None
DEBUG    reportportal_client.client:client.py:635 start_test_item - ID: 625e64a8-7afc-421a-8829-3ac9e317b9ba
DEBUG    urllib3.connectionpool:connectionpool.py:544 http://192.168.7.189:8080 "PUT /api/v2/default_personal/item/625e64a8-7afc-421a-8829-3ac9e317b9ba HTTP/1.1" 200 None
DEBUG    reportportal_client.client:client.py:690 finish_test_item - ID: 625e64a8-7afc-421a-8829-3ac9e317b9ba
DEBUG    reportportal_client.client:client.py:691 response message: Accepted finish request for test item ID = 625e64a8-7afc-421a-8829-3ac9e317b9ba
DEBUG    urllib3.connectionpool:connectionpool.py:544 http://192.168.7.189:8080 "PUT /api/v2/default_personal/item/69e15dfc-e8f9-4492-8639-8ece69e1670d HTTP/1.1" 200 None
DEBUG    reportportal_client.client:client.py:690 finish_test_item - ID: 69e15dfc-e8f9-4492-8639-8ece69e1670d
DEBUG    reportportal_client.client:client.py:691 response message: Accepted finish request for test item ID = 69e15dfc-e8f9-4492-8639-8ece69e1670d
DEBUG    my_package:__init__.py:122 [STEP]: [Action] Click [Close] button on [Preview Window]
DEBUG    urllib3.connectionpool:connectionpool.py:544 http://192.168.7.189:8080 "POST /api/v2/default_personal/item/dfb3c6dd-093d-48ad-808f-ace5fd4e791b HTTP/1.1" 201 None
DEBUG    reportportal_client.client:client.py:635 start_test_item - ID: 36d179c1-4542-48a0-adcf-9537ba502d16
DEBUG    my_package:__init__.py:122 [STEP]: [Action][Library Preview] Click [Close] button on [Preview Window]
DEBUG    urllib3.connectionpool:connectionpool.py:544 http://192.168.7.189:8080 "POST /api/v2/default_personal/item/36d179c1-4542-48a0-adcf-9537ba502d16 HTTP/1.1" 201 None
DEBUG    reportportal_client.client:client.py:635 start_test_item - ID: da328196-8c4a-44ab-9c78-927e7bbf0f73
DEBUG    ATFramework:log.py:80  [Locator] The element is not found via >> {'AXIdentifier': 'IDC_LIB_PREVIEW_BTN_UNDOCK'} <<
DEBUG    urllib3.connectionpool:connectionpool.py:544 http://192.168.7.189:8080 "POST /api/v2/default_personal/log HTTP/1.1" 201 None
DEBUG    urllib3.connectionpool:connectionpool.py:544 http://192.168.7.189:8080 "PUT /api/v2/default_personal/item/da328196-8c4a-44ab-9c78-927e7bbf0f73 HTTP/1.1" 200 None
DEBUG    reportportal_client.client:client.py:690 finish_test_item - ID: da328196-8c4a-44ab-9c78-927e7bbf0f73
DEBUG    reportportal_client.client:client.py:691 response message: Accepted finish request for test item ID = da328196-8c4a-44ab-9c78-927e7bbf0f73
DEBUG    urllib3.connectionpool:connectionpool.py:544 http://192.168.7.189:8080 "PUT /api/v2/default_personal/item/36d179c1-4542-48a0-adcf-9537ba502d16 HTTP/1.1" 200 None
DEBUG    reportportal_client.client:client.py:690 finish_test_item - ID: 36d179c1-4542-48a0-adcf-9537ba502d16
DEBUG    reportportal_client.client:client.py:691 response message: Accepted finish request for test item ID = 36d179c1-4542-48a0-adcf-9537ba502d16
DEBUG    pytest_reportportal.service:service.py:765 ReportPortal - Finish TestItem: request_body={'attributes': [{'value': 'library_preview'}, {'value': 'media_room_func'}], 'end_time': '1742549428940', 'status': 'PASSED', 'issue': None, 'item_id': 'dfb3c6dd-093d-48ad-808f-ace5fd4e791b'}
DEBUG    urllib3.connectionpool:connectionpool.py:544 http://192.168.7.189:8080 "PUT /api/v2/default_personal/item/dfb3c6dd-093d-48ad-808f-ace5fd4e791b HTTP/1.1" 200 None
DEBUG    reportportal_client.client:client.py:690 finish_test_item - ID: dfb3c6dd-093d-48ad-808f-ace5fd4e791b
DEBUG    reportportal_client.client:client.py:691 response message: Accepted finish request for test item ID = dfb3c6dd-093d-48ad-808f-ace5fd4e791b
DEBUG    pytest_reportportal.service:service.py:695 ReportPortal - Start TestItem: request_body={'attributes': [{'value': 'library_preview'}, {'value': 'media_room_func'}, {'value': 'media_room'}, {'value': 'search_library'}], 'name': '[test_media_room_func_2_22] Search Component, Select Media, and Verify Preview Update', 'description': "0. Ensure the dependency test is run and passed\n1. Search component ('02') in library and screenshot (locator=L.base.Area.preview.main)\n2. Select media ('Travel 02.jpg') by library icon view and check search result\n3. Check preview is updated after search ('02') (similarity=0.95)", 'start_time': '1742549428947', 'item_type': 'STEP', 'code_ref': 'test_BFT_PDR23_stage1_reportportal.py:Test_BFT_365_OS14.test_media_room_func_2_22', 'parameters': None, 'parent_item_id': None, 'test_case_id': 'test_BFT_PDR23_stage1_reportportal.py:Test_BFT_365_OS14.test_media_room_func_2_22'}
DEBUG    urllib3.connectionpool:connectionpool.py:544 http://192.168.7.189:8080 "POST /api/v2/default_personal/item HTTP/1.1" 201 None
DEBUG    reportportal_client.client:client.py:635 start_test_item - ID: 16e93975-7674-487f-89af-85274112cf7b
DEBUG    my_package:__init__.py:122 [STEP]: [Initial] Check dependency test result
DEBUG    urllib3.connectionpool:connectionpool.py:544 http://192.168.7.189:8080 "POST /api/v2/default_personal/item/16e93975-7674-487f-89af-85274112cf7b HTTP/1.1" 201 None
DEBUG    reportportal_client.client:client.py:635 start_test_item - ID: 2bbef8d0-c4c1-4624-a896-104efc6a2e45
DEBUG    urllib3.connectionpool:connectionpool.py:544 http://192.168.7.189:8080 "PUT /api/v2/default_personal/item/2bbef8d0-c4c1-4624-a896-104efc6a2e45 HTTP/1.1" 200 None
DEBUG    reportportal_client.client:client.py:690 finish_test_item - ID: 2bbef8d0-c4c1-4624-a896-104efc6a2e45
DEBUG    reportportal_client.client:client.py:691 response message: Accepted finish request for test item ID = 2bbef8d0-c4c1-4624-a896-104efc6a2e45
DEBUG    my_package:__init__.py:122 [STEP]: [Action] Search component ('02') in library and screenshot
DEBUG    urllib3.connectionpool:connectionpool.py:544 http://192.168.7.189:8080 "POST /api/v2/default_personal/item/16e93975-7674-487f-89af-85274112cf7b HTTP/1.1" 201 None
DEBUG    reportportal_client.client:client.py:635 start_test_item - ID: 2e159ce5-f1d9-455a-9d99-9b10c55ab247
DEBUG    my_package:__init__.py:122 [STEP]: [Action][Media Room] Search library for (content name)
DEBUG    urllib3.connectionpool:connectionpool.py:544 http://192.168.7.189:8080 "POST /api/v2/default_personal/item/2e159ce5-f1d9-455a-9d99-9b10c55ab247 HTTP/1.1" 201 None
DEBUG    reportportal_client.client:client.py:635 start_test_item - ID: 6edff569-99ca-439b-b935-2e0a6fb05f40
DEBUG    my_package:__init__.py:122 [STEP]: [Action] Base_page: Snapshot
DEBUG    urllib3.connectionpool:connectionpool.py:544 http://192.168.7.189:8080 "POST /api/v2/default_personal/item/6edff569-99ca-439b-b935-2e0a6fb05f40 HTTP/1.1" 201 None
DEBUG    reportportal_client.client:client.py:635 start_test_item - ID: a5e29af0-d9c3-43d7-9c74-438c31bb2196
DEBUG    urllib3.connectionpool:connectionpool.py:544 http://192.168.7.189:8080 "PUT /api/v2/default_personal/item/a5e29af0-d9c3-43d7-9c74-438c31bb2196 HTTP/1.1" 200 None
DEBUG    reportportal_client.client:client.py:690 finish_test_item - ID: a5e29af0-d9c3-43d7-9c74-438c31bb2196
DEBUG    reportportal_client.client:client.py:691 response message: Accepted finish request for test item ID = a5e29af0-d9c3-43d7-9c74-438c31bb2196
DEBUG    my_package:__init__.py:122 [STEP]: [Action][Base_page] Press [Enter] key
DEBUG    urllib3.connectionpool:connectionpool.py:544 http://192.168.7.189:8080 "POST /api/v2/default_personal/item/6edff569-99ca-439b-b935-2e0a6fb05f40 HTTP/1.1" 201 None
DEBUG    reportportal_client.client:client.py:635 start_test_item - ID: 64ad789d-4777-45b9-9986-89e85c77ab27
DEBUG    urllib3.connectionpool:connectionpool.py:544 http://192.168.7.189:8080 "PUT /api/v2/default_personal/item/64ad789d-4777-45b9-9986-89e85c77ab27 HTTP/1.1" 200 None
DEBUG    reportportal_client.client:client.py:690 finish_test_item - ID: 64ad789d-4777-45b9-9986-89e85c77ab27
DEBUG    reportportal_client.client:client.py:691 response message: Accepted finish request for test item ID = 64ad789d-4777-45b9-9986-89e85c77ab27
DEBUG    my_package:__init__.py:122 [STEP]: [Action] Base_page: Snapshot
DEBUG    urllib3.connectionpool:connectionpool.py:544 http://192.168.7.189:8080 "POST /api/v2/default_personal/item/6edff569-99ca-439b-b935-2e0a6fb05f40 HTTP/1.1" 201 None
DEBUG    reportportal_client.client:client.py:635 start_test_item - ID: 6ebbc5e4-ce2b-4523-a7a3-302bfb6d4b80
DEBUG    urllib3.connectionpool:connectionpool.py:544 http://192.168.7.189:8080 "PUT /api/v2/default_personal/item/6ebbc5e4-ce2b-4523-a7a3-302bfb6d4b80 HTTP/1.1" 200 None
DEBUG    reportportal_client.client:client.py:690 finish_test_item - ID: 6ebbc5e4-ce2b-4523-a7a3-302bfb6d4b80
DEBUG    reportportal_client.client:client.py:691 response message: Accepted finish request for test item ID = 6ebbc5e4-ce2b-4523-a7a3-302bfb6d4b80
DEBUG    my_package:__init__.py:122 [STEP]: [Action] Base_page: Compare Images
DEBUG    urllib3.connectionpool:connectionpool.py:544 http://192.168.7.189:8080 "POST /api/v2/default_personal/item/6edff569-99ca-439b-b935-2e0a6fb05f40 HTTP/1.1" 201 None
DEBUG    reportportal_client.client:client.py:635 start_test_item - ID: 981605ec-7ddf-4426-b1b5-57b413f37e87
DEBUG    ATFramework:log.py:80  source_path='/var/folders/yh/gry3198j28v1cbcqgwd35c680000gn/T/mac_driver/adeefdb0-8408-46ea-b9f5-56f5cc6fd317.png'
target_path='/var/folders/yh/gry3198j28v1cbcqgwd35c680000gn/T/mac_driver/2a94b415-35d8-4cbd-a2e2-c456fdfb6d5b.png'
similarity=0.95
DEBUG    ATFramework:log.py:80  Result similarity = 0.5504665561020374
DEBUG    urllib3.connectionpool:connectionpool.py:544 http://192.168.7.189:8080 "PUT /api/v2/default_personal/item/981605ec-7ddf-4426-b1b5-57b413f37e87 HTTP/1.1" 200 None
DEBUG    reportportal_client.client:client.py:690 finish_test_item - ID: 981605ec-7ddf-4426-b1b5-57b413f37e87
DEBUG    reportportal_client.client:client.py:691 response message: Accepted finish request for test item ID = 981605ec-7ddf-4426-b1b5-57b413f37e87
DEBUG    urllib3.connectionpool:connectionpool.py:544 http://192.168.7.189:8080 "PUT /api/v2/default_personal/item/6edff569-99ca-439b-b935-2e0a6fb05f40 HTTP/1.1" 200 None
DEBUG    reportportal_client.client:client.py:690 finish_test_item - ID: 6edff569-99ca-439b-b935-2e0a6fb05f40
DEBUG    reportportal_client.client:client.py:691 response message: Accepted finish request for test item ID = 6edff569-99ca-439b-b935-2e0a6fb05f40
DEBUG    my_package:__init__.py:122 [STEP]: [Action] Base_page: Snapshot
DEBUG    urllib3.connectionpool:connectionpool.py:544 http://192.168.7.189:8080 "POST /api/v2/default_personal/item/2e159ce5-f1d9-455a-9d99-9b10c55ab247 HTTP/1.1" 201 None
DEBUG    reportportal_client.client:client.py:635 start_test_item - ID: 34ac42f1-116a-4e9a-9cd2-8ec433a41771
DEBUG    urllib3.connectionpool:connectionpool.py:544 http://192.168.7.189:8080 "PUT /api/v2/default_personal/item/34ac42f1-116a-4e9a-9cd2-8ec433a41771 HTTP/1.1" 200 None
DEBUG    reportportal_client.client:client.py:690 finish_test_item - ID: 34ac42f1-116a-4e9a-9cd2-8ec433a41771
DEBUG    reportportal_client.client:client.py:691 response message: Accepted finish request for test item ID = 34ac42f1-116a-4e9a-9cd2-8ec433a41771
DEBUG    urllib3.connectionpool:connectionpool.py:544 http://192.168.7.189:8080 "PUT /api/v2/default_personal/item/2e159ce5-f1d9-455a-9d99-9b10c55ab247 HTTP/1.1" 200 None
DEBUG    reportportal_client.client:client.py:690 finish_test_item - ID: 2e159ce5-f1d9-455a-9d99-9b10c55ab247
DEBUG    reportportal_client.client:client.py:691 response message: Accepted finish request for test item ID = 2e159ce5-f1d9-455a-9d99-9b10c55ab247
DEBUG    my_package:__init__.py:122 [STEP]: [Action] Select media ('Travel 02.jpg') by library icon view and check search result
DEBUG    urllib3.connectionpool:connectionpool.py:544 http://192.168.7.189:8080 "POST /api/v2/default_personal/item/16e93975-7674-487f-89af-85274112cf7b HTTP/1.1" 201 None
DEBUG    reportportal_client.client:client.py:635 start_test_item - ID: 2d80c93c-0580-4b0a-b33b-3ee8db334293
DEBUG    my_package:__init__.py:122 [STEP]: [Action][Main_page] Select media by library icon view
DEBUG    urllib3.connectionpool:connectionpool.py:544 http://192.168.7.189:8080 "POST /api/v2/default_personal/item/2d80c93c-0580-4b0a-b33b-3ee8db334293 HTTP/1.1" 201 None
DEBUG    reportportal_client.client:client.py:635 start_test_item - ID: 6b47f035-cc72-40b7-a748-72829bc7795a
DEBUG    urllib3.connectionpool:connectionpool.py:544 http://192.168.7.189:8080 "POST /api/v2/default_personal/log HTTP/1.1" 201 None
DEBUG    urllib3.connectionpool:connectionpool.py:544 http://192.168.7.189:8080 "PUT /api/v2/default_personal/item/6b47f035-cc72-40b7-a748-72829bc7795a HTTP/1.1" 200 None
DEBUG    reportportal_client.client:client.py:690 finish_test_item - ID: 6b47f035-cc72-40b7-a748-72829bc7795a
DEBUG    reportportal_client.client:client.py:691 response message: Accepted finish request for test item ID = 6b47f035-cc72-40b7-a748-72829bc7795a
DEBUG    urllib3.connectionpool:connectionpool.py:544 http://192.168.7.189:8080 "PUT /api/v2/default_personal/item/2d80c93c-0580-4b0a-b33b-3ee8db334293 HTTP/1.1" 200 None
DEBUG    reportportal_client.client:client.py:690 finish_test_item - ID: 2d80c93c-0580-4b0a-b33b-3ee8db334293
DEBUG    reportportal_client.client:client.py:691 response message: Accepted finish request for test item ID = 2d80c93c-0580-4b0a-b33b-3ee8db334293
DEBUG    my_package:__init__.py:122 [STEP]: [Verify] Check preview is updated after search ('02')
DEBUG    urllib3.connectionpool:connectionpool.py:544 http://192.168.7.189:8080 "POST /api/v2/default_personal/item/16e93975-7674-487f-89af-85274112cf7b HTTP/1.1" 201 None
DEBUG    reportportal_client.client:client.py:635 start_test_item - ID: e429a67e-5cea-4172-bcdd-8af976ece4c8
DEBUG    my_package:__init__.py:122 [STEP]: [Action] Base_page: Snapshot
DEBUG    urllib3.connectionpool:connectionpool.py:544 http://192.168.7.189:8080 "POST /api/v2/default_personal/item/e429a67e-5cea-4172-bcdd-8af976ece4c8 HTTP/1.1" 201 None
DEBUG    reportportal_client.client:client.py:635 start_test_item - ID: 46857e90-1688-45df-bcdd-d0353993ec96
DEBUG    urllib3.connectionpool:connectionpool.py:544 http://192.168.7.189:8080 "PUT /api/v2/default_personal/item/46857e90-1688-45df-bcdd-d0353993ec96 HTTP/1.1" 200 None
DEBUG    reportportal_client.client:client.py:690 finish_test_item - ID: 46857e90-1688-45df-bcdd-d0353993ec96
DEBUG    reportportal_client.client:client.py:691 response message: Accepted finish request for test item ID = 46857e90-1688-45df-bcdd-d0353993ec96
DEBUG    my_package:__init__.py:122 [STEP]: [Action] Base_page: Compare Images
DEBUG    urllib3.connectionpool:connectionpool.py:544 http://192.168.7.189:8080 "POST /api/v2/default_personal/item/e429a67e-5cea-4172-bcdd-8af976ece4c8 HTTP/1.1" 201 None
DEBUG    reportportal_client.client:client.py:635 start_test_item - ID: 9b456ed8-33f8-40b4-9109-7fc604b6a1ca
DEBUG    ATFramework:log.py:80  source_path='/var/folders/yh/gry3198j28v1cbcqgwd35c680000gn/T/mac_driver/b5ed0025-792e-4259-8307-63128d72f164.png'
target_path='/var/folders/yh/gry3198j28v1cbcqgwd35c680000gn/T/mac_driver/770f446c-6659-4e1d-9df5-bf478a90bcd5.png'
similarity=0.95
DEBUG    ATFramework:log.py:80  Result similarity = 0.6661803126335144
DEBUG    urllib3.connectionpool:connectionpool.py:544 http://192.168.7.189:8080 "PUT /api/v2/default_personal/item/9b456ed8-33f8-40b4-9109-7fc604b6a1ca HTTP/1.1" 200 None
DEBUG    reportportal_client.client:client.py:690 finish_test_item - ID: 9b456ed8-33f8-40b4-9109-7fc604b6a1ca
DEBUG    reportportal_client.client:client.py:691 response message: Accepted finish request for test item ID = 9b456ed8-33f8-40b4-9109-7fc604b6a1ca
DEBUG    urllib3.connectionpool:connectionpool.py:544 http://192.168.7.189:8080 "PUT /api/v2/default_personal/item/e429a67e-5cea-4172-bcdd-8af976ece4c8 HTTP/1.1" 200 None
DEBUG    reportportal_client.client:client.py:690 finish_test_item - ID: e429a67e-5cea-4172-bcdd-8af976ece4c8
DEBUG    reportportal_client.client:client.py:691 response message: Accepted finish request for test item ID = e429a67e-5cea-4172-bcdd-8af976ece4c8
DEBUG    pytest_reportportal.service:service.py:765 ReportPortal - Finish TestItem: request_body={'attributes': [{'value': 'library_preview'}, {'value': 'media_room_func'}, {'value': 'media_room'}, {'value': 'search_library'}], 'end_time': '1742549439056', 'status': 'PASSED', 'issue': None, 'item_id': '16e93975-7674-487f-89af-85274112cf7b'}
DEBUG    urllib3.connectionpool:connectionpool.py:544 http://192.168.7.189:8080 "PUT /api/v2/default_personal/item/16e93975-7674-487f-89af-85274112cf7b HTTP/1.1" 200 None
DEBUG    reportportal_client.client:client.py:690 finish_test_item - ID: 16e93975-7674-487f-89af-85274112cf7b
DEBUG    reportportal_client.client:client.py:691 response message: Accepted finish request for test item ID = 16e93975-7674-487f-89af-85274112cf7b
DEBUG    pytest_reportportal.service:service.py:695 ReportPortal - Start TestItem: request_body={'attributes': [{'value': 'library_preview'}, {'value': 'media_room_func'}, {'value': 'search_library'}], 'name': '[test_media_room_func_2_23] Screenshot, Cancel Search, and Verify Preview', 'description': '0. Ensure the dependency test is run and passed\n1. Screenshot (locator=L.base.Area.preview.main)\n2. Click [Cancel] button in search library\n3. Check preview is the same as initial preview (similarity=0.95)', 'start_time': '1742549439065', 'item_type': 'STEP', 'code_ref': 'test_BFT_PDR23_stage1_reportportal.py:Test_BFT_365_OS14.test_media_room_func_2_23', 'parameters': None, 'parent_item_id': None, 'test_case_id': 'test_BFT_PDR23_stage1_reportportal.py:Test_BFT_365_OS14.test_media_room_func_2_23'}
DEBUG    urllib3.connectionpool:connectionpool.py:544 http://192.168.7.189:8080 "POST /api/v2/default_personal/item HTTP/1.1" 201 None
DEBUG    reportportal_client.client:client.py:635 start_test_item - ID: 9e627c0e-5d59-4c0c-ac68-0a1c6a971e4b
DEBUG    my_package:__init__.py:122 [STEP]: [Initial] Check dependency test result
DEBUG    urllib3.connectionpool:connectionpool.py:544 http://192.168.7.189:8080 "POST /api/v2/default_personal/item/9e627c0e-5d59-4c0c-ac68-0a1c6a971e4b HTTP/1.1" 201 None
DEBUG    reportportal_client.client:client.py:635 start_test_item - ID: 203bbf8a-3ef7-49f6-80e1-6f2d7296a6c7
DEBUG    urllib3.connectionpool:connectionpool.py:544 http://192.168.7.189:8080 "PUT /api/v2/default_personal/item/203bbf8a-3ef7-49f6-80e1-6f2d7296a6c7 HTTP/1.1" 200 None
DEBUG    reportportal_client.client:client.py:690 finish_test_item - ID: 203bbf8a-3ef7-49f6-80e1-6f2d7296a6c7
DEBUG    reportportal_client.client:client.py:691 response message: Accepted finish request for test item ID = 203bbf8a-3ef7-49f6-80e1-6f2d7296a6c7
DEBUG    my_package:__init__.py:122 [STEP]: [Action] Screenshot (locator=L.base.Area.preview.main)
DEBUG    urllib3.connectionpool:connectionpool.py:544 http://192.168.7.189:8080 "POST /api/v2/default_personal/item/9e627c0e-5d59-4c0c-ac68-0a1c6a971e4b HTTP/1.1" 201 None
DEBUG    reportportal_client.client:client.py:635 start_test_item - ID: 0ecd672c-7189-42d4-b85c-dbdeebbc8795
DEBUG    my_package:__init__.py:122 [STEP]: [Action] Base_page: Snapshot
DEBUG    urllib3.connectionpool:connectionpool.py:544 http://192.168.7.189:8080 "POST /api/v2/default_personal/item/0ecd672c-7189-42d4-b85c-dbdeebbc8795 HTTP/1.1" 201 None
DEBUG    reportportal_client.client:client.py:635 start_test_item - ID: 5fd5c7fc-b2c0-4214-8dfc-3e975acc7bfe
DEBUG    urllib3.connectionpool:connectionpool.py:544 http://192.168.7.189:8080 "PUT /api/v2/default_personal/item/5fd5c7fc-b2c0-4214-8dfc-3e975acc7bfe HTTP/1.1" 200 None
DEBUG    reportportal_client.client:client.py:690 finish_test_item - ID: 5fd5c7fc-b2c0-4214-8dfc-3e975acc7bfe
DEBUG    reportportal_client.client:client.py:691 response message: Accepted finish request for test item ID = 5fd5c7fc-b2c0-4214-8dfc-3e975acc7bfe
DEBUG    urllib3.connectionpool:connectionpool.py:544 http://192.168.7.189:8080 "PUT /api/v2/default_personal/item/0ecd672c-7189-42d4-b85c-dbdeebbc8795 HTTP/1.1" 200 None
DEBUG    reportportal_client.client:client.py:690 finish_test_item - ID: 0ecd672c-7189-42d4-b85c-dbdeebbc8795
DEBUG    reportportal_client.client:client.py:691 response message: Accepted finish request for test item ID = 0ecd672c-7189-42d4-b85c-dbdeebbc8795
DEBUG    my_package:__init__.py:122 [STEP]: [Action] Click [Cancel] button in search library
DEBUG    urllib3.connectionpool:connectionpool.py:544 http://192.168.7.189:8080 "POST /api/v2/default_personal/item/9e627c0e-5d59-4c0c-ac68-0a1c6a971e4b HTTP/1.1" 201 None
DEBUG    reportportal_client.client:client.py:635 start_test_item - ID: b0f03b9a-9136-4b95-be0f-7c7abff8d8fc
DEBUG    my_package:__init__.py:122 [STEP]: [Action][Media Room] Click [Cancel] button in search library
DEBUG    urllib3.connectionpool:connectionpool.py:544 http://192.168.7.189:8080 "POST /api/v2/default_personal/item/b0f03b9a-9136-4b95-be0f-7c7abff8d8fc HTTP/1.1" 201 None
DEBUG    reportportal_client.client:client.py:635 start_test_item - ID: 540ce8e7-e3ae-43e3-badb-d18898198c9e
DEBUG    ATFramework:log.py:80  [Locator] The element is not found via >> {'AXDescription': 'cancel'} <<
DEBUG    urllib3.connectionpool:connectionpool.py:544 http://192.168.7.189:8080 "PUT /api/v2/default_personal/item/540ce8e7-e3ae-43e3-badb-d18898198c9e HTTP/1.1" 200 None
DEBUG    reportportal_client.client:client.py:690 finish_test_item - ID: 540ce8e7-e3ae-43e3-badb-d18898198c9e
DEBUG    reportportal_client.client:client.py:691 response message: Accepted finish request for test item ID = 540ce8e7-e3ae-43e3-badb-d18898198c9e
DEBUG    urllib3.connectionpool:connectionpool.py:544 http://192.168.7.189:8080 "PUT /api/v2/default_personal/item/b0f03b9a-9136-4b95-be0f-7c7abff8d8fc HTTP/1.1" 200 None
DEBUG    reportportal_client.client:client.py:690 finish_test_item - ID: b0f03b9a-9136-4b95-be0f-7c7abff8d8fc
DEBUG    reportportal_client.client:client.py:691 response message: Accepted finish request for test item ID = b0f03b9a-9136-4b95-be0f-7c7abff8d8fc
DEBUG    my_package:__init__.py:122 [STEP]: [Verify] Check preview is updated
DEBUG    urllib3.connectionpool:connectionpool.py:544 http://192.168.7.189:8080 "POST /api/v2/default_personal/item/9e627c0e-5d59-4c0c-ac68-0a1c6a971e4b HTTP/1.1" 201 None
DEBUG    reportportal_client.client:client.py:635 start_test_item - ID: 9352203c-083b-4389-83c8-e799936ff619
DEBUG    my_package:__init__.py:122 [STEP]: [Action] Base_page: Snapshot
DEBUG    urllib3.connectionpool:connectionpool.py:544 http://192.168.7.189:8080 "POST /api/v2/default_personal/item/9352203c-083b-4389-83c8-e799936ff619 HTTP/1.1" 201 None
DEBUG    reportportal_client.client:client.py:635 start_test_item - ID: 33596b6a-9770-4cd7-8c37-cba0174e27b4
DEBUG    urllib3.connectionpool:connectionpool.py:544 http://192.168.7.189:8080 "PUT /api/v2/default_personal/item/33596b6a-9770-4cd7-8c37-cba0174e27b4 HTTP/1.1" 200 None
DEBUG    reportportal_client.client:client.py:690 finish_test_item - ID: 33596b6a-9770-4cd7-8c37-cba0174e27b4
DEBUG    reportportal_client.client:client.py:691 response message: Accepted finish request for test item ID = 33596b6a-9770-4cd7-8c37-cba0174e27b4
DEBUG    my_package:__init__.py:122 [STEP]: [Action] Base_page: Compare Images
DEBUG    urllib3.connectionpool:connectionpool.py:544 http://192.168.7.189:8080 "POST /api/v2/default_personal/log HTTP/1.1" 201 None
DEBUG    urllib3.connectionpool:connectionpool.py:544 http://192.168.7.189:8080 "POST /api/v2/default_personal/item/9352203c-083b-4389-83c8-e799936ff619 HTTP/1.1" 201 None
DEBUG    reportportal_client.client:client.py:635 start_test_item - ID: 2592385c-db6d-4264-becf-03ac58621ffc
DEBUG    ATFramework:log.py:80  source_path='/var/folders/yh/gry3198j28v1cbcqgwd35c680000gn/T/mac_driver/a533d838-8c75-4028-94bd-5456376248b3.png'
target_path='/var/folders/yh/gry3198j28v1cbcqgwd35c680000gn/T/mac_driver/c34ccdbc-7be3-4f46-8743-69fece7a544b.png'
similarity=0.95
DEBUG    ATFramework:log.py:80  Result similarity = 0.8290041387081146
DEBUG    urllib3.connectionpool:connectionpool.py:544 http://192.168.7.189:8080 "PUT /api/v2/default_personal/item/2592385c-db6d-4264-becf-03ac58621ffc HTTP/1.1" 200 None
DEBUG    reportportal_client.client:client.py:690 finish_test_item - ID: 2592385c-db6d-4264-becf-03ac58621ffc
DEBUG    reportportal_client.client:client.py:691 response message: Accepted finish request for test item ID = 2592385c-db6d-4264-becf-03ac58621ffc
DEBUG    urllib3.connectionpool:connectionpool.py:544 http://192.168.7.189:8080 "PUT /api/v2/default_personal/item/9352203c-083b-4389-83c8-e799936ff619 HTTP/1.1" 200 None
DEBUG    reportportal_client.client:client.py:690 finish_test_item - ID: 9352203c-083b-4389-83c8-e799936ff619
DEBUG    reportportal_client.client:client.py:691 response message: Accepted finish request for test item ID = 9352203c-083b-4389-83c8-e799936ff619
DEBUG    pytest_reportportal.service:service.py:765 ReportPortal - Finish TestItem: request_body={'attributes': [{'value': 'library_preview'}, {'value': 'media_room_func'}, {'value': 'search_library'}], 'end_time': '1742549450140', 'status': 'PASSED', 'issue': None, 'item_id': '9e627c0e-5d59-4c0c-ac68-0a1c6a971e4b'}
DEBUG    urllib3.connectionpool:connectionpool.py:544 http://192.168.7.189:8080 "PUT /api/v2/default_personal/item/9e627c0e-5d59-4c0c-ac68-0a1c6a971e4b HTTP/1.1" 200 None
DEBUG    reportportal_client.client:client.py:690 finish_test_item - ID: 9e627c0e-5d59-4c0c-ac68-0a1c6a971e4b
DEBUG    reportportal_client.client:client.py:691 response message: Accepted finish request for test item ID = 9e627c0e-5d59-4c0c-ac68-0a1c6a971e4b
DEBUG    pytest_reportportal.service:service.py:695 ReportPortal - Start TestItem: request_body={'attributes': [{'value': 'library_preview'}, {'value': 'media_room_func'}, {'value': 'explore_view'}], 'name': '[test_media_room_func_2_24] Hide Explore View and Verify Media Content is hidden', 'description': '0. Ensure the dependency test is run and passed\n1. Click [Display/Hide Explore View] button to hide Explore View\n2. Check if [Media Content] category (L.media_room.tag_media_content) is hidden', 'start_time': '1742549450149', 'item_type': 'STEP', 'code_ref': 'test_BFT_PDR23_stage1_reportportal.py:Test_BFT_365_OS14.test_media_room_func_2_24', 'parameters': None, 'parent_item_id': None, 'test_case_id': 'test_BFT_PDR23_stage1_reportportal.py:Test_BFT_365_OS14.test_media_room_func_2_24'}
DEBUG    urllib3.connectionpool:connectionpool.py:544 http://192.168.7.189:8080 "POST /api/v2/default_personal/item HTTP/1.1" 201 None
DEBUG    reportportal_client.client:client.py:635 start_test_item - ID: 0c614d87-446e-47a1-aea2-ffa5671367d1
DEBUG    my_package:__init__.py:122 [STEP]: [Initial] Check dependency test result
DEBUG    urllib3.connectionpool:connectionpool.py:544 http://192.168.7.189:8080 "POST /api/v2/default_personal/item/0c614d87-446e-47a1-aea2-ffa5671367d1 HTTP/1.1" 201 None
DEBUG    reportportal_client.client:client.py:635 start_test_item - ID: accdf311-bf63-4d5a-96e0-ea6d105bc33a
DEBUG    urllib3.connectionpool:connectionpool.py:544 http://192.168.7.189:8080 "PUT /api/v2/default_personal/item/accdf311-bf63-4d5a-96e0-ea6d105bc33a HTTP/1.1" 200 None
DEBUG    reportportal_client.client:client.py:690 finish_test_item - ID: accdf311-bf63-4d5a-96e0-ea6d105bc33a
DEBUG    reportportal_client.client:client.py:691 response message: Accepted finish request for test item ID = accdf311-bf63-4d5a-96e0-ea6d105bc33a
DEBUG    my_package:__init__.py:122 [STEP]: [Action] Click [Display/Hide Explore View] button to hide Explore View
DEBUG    urllib3.connectionpool:connectionpool.py:544 http://192.168.7.189:8080 "POST /api/v2/default_personal/item/0c614d87-446e-47a1-aea2-ffa5671367d1 HTTP/1.1" 201 None
DEBUG    reportportal_client.client:client.py:635 start_test_item - ID: 7438b915-060e-4591-97ce-97a11bcc421c
DEBUG    my_package:__init__.py:122 [STEP]: [Action][Media Room] Click [Display/Hide Explore View] button
DEBUG    urllib3.connectionpool:connectionpool.py:544 http://192.168.7.189:8080 "POST /api/v2/default_personal/item/7438b915-060e-4591-97ce-97a11bcc421c HTTP/1.1" 201 None
DEBUG    reportportal_client.client:client.py:635 start_test_item - ID: 336af9f5-5b5d-4117-9054-7817373161c6
DEBUG    urllib3.connectionpool:connectionpool.py:544 http://192.168.7.189:8080 "PUT /api/v2/default_personal/item/336af9f5-5b5d-4117-9054-7817373161c6 HTTP/1.1" 200 None
DEBUG    reportportal_client.client:client.py:690 finish_test_item - ID: 336af9f5-5b5d-4117-9054-7817373161c6
DEBUG    reportportal_client.client:client.py:691 response message: Accepted finish request for test item ID = 336af9f5-5b5d-4117-9054-7817373161c6
DEBUG    urllib3.connectionpool:connectionpool.py:544 http://192.168.7.189:8080 "PUT /api/v2/default_personal/item/7438b915-060e-4591-97ce-97a11bcc421c HTTP/1.1" 200 None
DEBUG    reportportal_client.client:client.py:690 finish_test_item - ID: 7438b915-060e-4591-97ce-97a11bcc421c
DEBUG    reportportal_client.client:client.py:691 response message: Accepted finish request for test item ID = 7438b915-060e-4591-97ce-97a11bcc421c
DEBUG    my_package:__init__.py:122 [STEP]: [Verify] Check if [Media Content] category is hidden
DEBUG    urllib3.connectionpool:connectionpool.py:544 http://192.168.7.189:8080 "POST /api/v2/default_personal/item/0c614d87-446e-47a1-aea2-ffa5671367d1 HTTP/1.1" 201 None
DEBUG    reportportal_client.client:client.py:635 start_test_item - ID: fa23de4b-8253-4386-b1b8-36744d57c8dc
DEBUG    ATFramework:log.py:80  [Locator] The element is not found via >> {'AXValue': 'Media Content'} <<
DEBUG    urllib3.connectionpool:connectionpool.py:544 http://192.168.7.189:8080 "PUT /api/v2/default_personal/item/fa23de4b-8253-4386-b1b8-36744d57c8dc HTTP/1.1" 200 None
DEBUG    reportportal_client.client:client.py:690 finish_test_item - ID: fa23de4b-8253-4386-b1b8-36744d57c8dc
DEBUG    reportportal_client.client:client.py:691 response message: Accepted finish request for test item ID = fa23de4b-8253-4386-b1b8-36744d57c8dc
DEBUG    my_package:__init__.py:122 [STEP]: [Action] Click [Display/Hide Explore View] button to display Explore View
DEBUG    urllib3.connectionpool:connectionpool.py:544 http://192.168.7.189:8080 "POST /api/v2/default_personal/item/0c614d87-446e-47a1-aea2-ffa5671367d1 HTTP/1.1" 201 None
DEBUG    reportportal_client.client:client.py:635 start_test_item - ID: 81ab43fb-59c9-44be-ac6f-7a86f0bdd0f0
DEBUG    my_package:__init__.py:122 [STEP]: [Action][Media Room] Click [Display/Hide Explore View] button
DEBUG    urllib3.connectionpool:connectionpool.py:544 http://192.168.7.189:8080 "POST /api/v2/default_personal/item/81ab43fb-59c9-44be-ac6f-7a86f0bdd0f0 HTTP/1.1" 201 None
DEBUG    reportportal_client.client:client.py:635 start_test_item - ID: 131456b6-88e1-4901-b836-e961110f60e4
DEBUG    urllib3.connectionpool:connectionpool.py:544 http://192.168.7.189:8080 "PUT /api/v2/default_personal/item/131456b6-88e1-4901-b836-e961110f60e4 HTTP/1.1" 200 None
DEBUG    reportportal_client.client:client.py:690 finish_test_item - ID: 131456b6-88e1-4901-b836-e961110f60e4
DEBUG    reportportal_client.client:client.py:691 response message: Accepted finish request for test item ID = 131456b6-88e1-4901-b836-e961110f60e4
DEBUG    urllib3.connectionpool:connectionpool.py:544 http://192.168.7.189:8080 "PUT /api/v2/default_personal/item/81ab43fb-59c9-44be-ac6f-7a86f0bdd0f0 HTTP/1.1" 200 None
DEBUG    reportportal_client.client:client.py:690 finish_test_item - ID: 81ab43fb-59c9-44be-ac6f-7a86f0bdd0f0
DEBUG    reportportal_client.client:client.py:691 response message: Accepted finish request for test item ID = 81ab43fb-59c9-44be-ac6f-7a86f0bdd0f0
DEBUG    pytest_reportportal.service:service.py:765 ReportPortal - Finish TestItem: request_body={'attributes': [{'value': 'library_preview'}, {'value': 'media_room_func'}, {'value': 'explore_view'}], 'end_time': '1742549463203', 'status': 'PASSED', 'issue': None, 'item_id': '0c614d87-446e-47a1-aea2-ffa5671367d1'}
DEBUG    urllib3.connectionpool:connectionpool.py:544 http://192.168.7.189:8080 "PUT /api/v2/default_personal/item/0c614d87-446e-47a1-aea2-ffa5671367d1 HTTP/1.1" 200 None
DEBUG    reportportal_client.client:client.py:690 finish_test_item - ID: 0c614d87-446e-47a1-aea2-ffa5671367d1
DEBUG    reportportal_client.client:client.py:691 response message: Accepted finish request for test item ID = 0c614d87-446e-47a1-aea2-ffa5671367d1
DEBUG    pytest_reportportal.service:service.py:695 ReportPortal - Start TestItem: request_body={'attributes': [{'value': 'library_preview'}, {'value': 'media_room_func'}, {'value': 'custom_tag'}], 'name': '[test_media_room_func_2_25] Add New Custom Tag', 'description': "0. Ensure the dependency test is run and passed\n1. Add new tag with name ('auto_Testing')", 'start_time': '1742549463211', 'item_type': 'STEP', 'code_ref': 'test_BFT_PDR23_stage1_reportportal.py:Test_BFT_365_OS14.test_media_room_func_2_25', 'parameters': None, 'parent_item_id': None, 'test_case_id': 'test_BFT_PDR23_stage1_reportportal.py:Test_BFT_365_OS14.test_media_room_func_2_25'}
DEBUG    urllib3.connectionpool:connectionpool.py:544 http://192.168.7.189:8080 "POST /api/v2/default_personal/item HTTP/1.1" 201 None
DEBUG    reportportal_client.client:client.py:635 start_test_item - ID: dd24ca7e-802e-4ee7-ac15-b37e2774e4c5
DEBUG    my_package:__init__.py:122 [STEP]: [Initial] Check dependency test result
DEBUG    urllib3.connectionpool:connectionpool.py:544 http://192.168.7.189:8080 "POST /api/v2/default_personal/item/dd24ca7e-802e-4ee7-ac15-b37e2774e4c5 HTTP/1.1" 201 None
DEBUG    reportportal_client.client:client.py:635 start_test_item - ID: aeacd7b0-5a15-426c-b098-411a69f427bd
DEBUG    urllib3.connectionpool:connectionpool.py:544 http://192.168.7.189:8080 "PUT /api/v2/default_personal/item/aeacd7b0-5a15-426c-b098-411a69f427bd HTTP/1.1" 200 None
DEBUG    reportportal_client.client:client.py:690 finish_test_item - ID: aeacd7b0-5a15-426c-b098-411a69f427bd
DEBUG    reportportal_client.client:client.py:691 response message: Accepted finish request for test item ID = aeacd7b0-5a15-426c-b098-411a69f427bd
DEBUG    my_package:__init__.py:122 [STEP]: [Action] Add new tag with name ('auto_Testing')
DEBUG    urllib3.connectionpool:connectionpool.py:544 http://192.168.7.189:8080 "POST /api/v2/default_personal/item/dd24ca7e-802e-4ee7-ac15-b37e2774e4c5 HTTP/1.1" 201 None
DEBUG    reportportal_client.client:client.py:635 start_test_item - ID: 6bef0672-ed9d-44da-abc1-dfc8177a2688
DEBUG    my_package:__init__.py:122 [STEP]: [Action][Media Room] Add new tag with name
DEBUG    urllib3.connectionpool:connectionpool.py:544 http://192.168.7.189:8080 "POST /api/v2/default_personal/item/6bef0672-ed9d-44da-abc1-dfc8177a2688 HTTP/1.1" 201 None
DEBUG    reportportal_client.client:client.py:635 start_test_item - ID: b3b9b157-0d51-4751-83f3-85512297ea36
DEBUG    ATFramework:log.py:80  el_count_before=8
DEBUG    ATFramework:log.py:80  [Locator] The element is not found via >> {'AXRoleDescription': 'button', 'AXTitle': 'OK'} <<
DEBUG    urllib3.connectionpool:connectionpool.py:544 http://192.168.7.189:8080 "POST /api/v2/default_personal/log HTTP/1.1" 201 None
DEBUG    ATFramework:log.py:80  el_count_after=9
DEBUG    ATFramework:log.py:80  tag_name_new='auto_Testing (0)'
DEBUG    urllib3.connectionpool:connectionpool.py:544 http://192.168.7.189:8080 "PUT /api/v2/default_personal/item/b3b9b157-0d51-4751-83f3-85512297ea36 HTTP/1.1" 200 None
DEBUG    reportportal_client.client:client.py:690 finish_test_item - ID: b3b9b157-0d51-4751-83f3-85512297ea36
DEBUG    reportportal_client.client:client.py:691 response message: Accepted finish request for test item ID = b3b9b157-0d51-4751-83f3-85512297ea36
DEBUG    urllib3.connectionpool:connectionpool.py:544 http://192.168.7.189:8080 "PUT /api/v2/default_personal/item/6bef0672-ed9d-44da-abc1-dfc8177a2688 HTTP/1.1" 200 None
DEBUG    reportportal_client.client:client.py:690 finish_test_item - ID: 6bef0672-ed9d-44da-abc1-dfc8177a2688
DEBUG    reportportal_client.client:client.py:691 response message: Accepted finish request for test item ID = 6bef0672-ed9d-44da-abc1-dfc8177a2688
DEBUG    pytest_reportportal.service:service.py:765 ReportPortal - Finish TestItem: request_body={'attributes': [{'value': 'library_preview'}, {'value': 'media_room_func'}, {'value': 'custom_tag'}], 'end_time': '1742549475473', 'status': 'PASSED', 'issue': None, 'item_id': 'dd24ca7e-802e-4ee7-ac15-b37e2774e4c5'}
DEBUG    urllib3.connectionpool:connectionpool.py:544 http://192.168.7.189:8080 "PUT /api/v2/default_personal/item/dd24ca7e-802e-4ee7-ac15-b37e2774e4c5 HTTP/1.1" 200 None
DEBUG    reportportal_client.client:client.py:690 finish_test_item - ID: dd24ca7e-802e-4ee7-ac15-b37e2774e4c5
DEBUG    reportportal_client.client:client.py:691 response message: Accepted finish request for test item ID = dd24ca7e-802e-4ee7-ac15-b37e2774e4c5
DEBUG    pytest_reportportal.service:service.py:695 ReportPortal - Start TestItem: request_body={'attributes': [{'value': 'library_preview'}, {'value': 'media_room_func'}, {'value': 'custom_tag'}], 'name': '[test_media_room_func_2_26] Rename Custom Tag', 'description': "0. Ensure the dependency test is run and passed\n1. Rename tag by right click from ('auto_Testing') to ('QADF_testing')", 'start_time': '1742549475676', 'item_type': 'STEP', 'code_ref': 'test_BFT_PDR23_stage1_reportportal.py:Test_BFT_365_OS14.test_media_room_func_2_26', 'parameters': None, 'parent_item_id': None, 'test_case_id': 'test_BFT_PDR23_stage1_reportportal.py:Test_BFT_365_OS14.test_media_room_func_2_26'}
DEBUG    urllib3.connectionpool:connectionpool.py:544 http://192.168.7.189:8080 "POST /api/v2/default_personal/item HTTP/1.1" 201 None
DEBUG    reportportal_client.client:client.py:635 start_test_item - ID: 2c53274d-6674-45bd-88f4-17a4efdb6e80
DEBUG    my_package:__init__.py:122 [STEP]: [Initial] Check dependency test result
DEBUG    urllib3.connectionpool:connectionpool.py:544 http://192.168.7.189:8080 "POST /api/v2/default_personal/item/2c53274d-6674-45bd-88f4-17a4efdb6e80 HTTP/1.1" 201 None
DEBUG    reportportal_client.client:client.py:635 start_test_item - ID: 105ab4fc-e667-4dc0-ada6-8633e101dcc4
DEBUG    urllib3.connectionpool:connectionpool.py:544 http://192.168.7.189:8080 "PUT /api/v2/default_personal/item/105ab4fc-e667-4dc0-ada6-8633e101dcc4 HTTP/1.1" 200 None
DEBUG    reportportal_client.client:client.py:690 finish_test_item - ID: 105ab4fc-e667-4dc0-ada6-8633e101dcc4
DEBUG    reportportal_client.client:client.py:691 response message: Accepted finish request for test item ID = 105ab4fc-e667-4dc0-ada6-8633e101dcc4
DEBUG    my_package:__init__.py:122 [STEP]: [Action] Rename tag by right click from ('auto_Testing') to ('QADF_testing')
DEBUG    urllib3.connectionpool:connectionpool.py:544 http://192.168.7.189:8080 "POST /api/v2/default_personal/item/2c53274d-6674-45bd-88f4-17a4efdb6e80 HTTP/1.1" 201 None
DEBUG    reportportal_client.client:client.py:635 start_test_item - ID: f25586c5-0957-4775-8b5a-432a0711ef80
DEBUG    my_package:__init__.py:122 [STEP]: [Action][Media Room] Rename tag by right click
DEBUG    urllib3.connectionpool:connectionpool.py:544 http://192.168.7.189:8080 "POST /api/v2/default_personal/item/f25586c5-0957-4775-8b5a-432a0711ef80 HTTP/1.1" 201 None
DEBUG    reportportal_client.client:client.py:635 start_test_item - ID: b2ea2133-4a30-41a3-a665-84c36d69293c
DEBUG    ATFramework:log.py:80  el_count_before=9
DEBUG    my_package:__init__.py:122 [STEP]: [Action][Base_page] Right Click
DEBUG    urllib3.connectionpool:connectionpool.py:544 http://192.168.7.189:8080 "POST /api/v2/default_personal/item/b2ea2133-4a30-41a3-a665-84c36d69293c HTTP/1.1" 201 None
DEBUG    reportportal_client.client:client.py:635 start_test_item - ID: f7634bdd-806d-4dd7-a79f-14e3c3f849e9
DEBUG    urllib3.connectionpool:connectionpool.py:544 http://192.168.7.189:8080 "PUT /api/v2/default_personal/item/f7634bdd-806d-4dd7-a79f-14e3c3f849e9 HTTP/1.1" 200 None
DEBUG    reportportal_client.client:client.py:690 finish_test_item - ID: f7634bdd-806d-4dd7-a79f-14e3c3f849e9
DEBUG    reportportal_client.client:client.py:691 response message: Accepted finish request for test item ID = f7634bdd-806d-4dd7-a79f-14e3c3f849e9
DEBUG    my_package:__init__.py:122 [STEP]: [Action][Base_page] Select right click menu
DEBUG    urllib3.connectionpool:connectionpool.py:544 http://192.168.7.189:8080 "POST /api/v2/default_personal/item/b2ea2133-4a30-41a3-a665-84c36d69293c HTTP/1.1" 201 None
DEBUG    reportportal_client.client:client.py:635 start_test_item - ID: d094ce24-80a6-44aa-8439-463d7a02fa90
DEBUG    urllib3.connectionpool:connectionpool.py:544 http://192.168.7.189:8080 "PUT /api/v2/default_personal/item/d094ce24-80a6-44aa-8439-463d7a02fa90 HTTP/1.1" 200 None
DEBUG    reportportal_client.client:client.py:690 finish_test_item - ID: d094ce24-80a6-44aa-8439-463d7a02fa90
DEBUG    reportportal_client.client:client.py:691 response message: Accepted finish request for test item ID = d094ce24-80a6-44aa-8439-463d7a02fa90
DEBUG    ATFramework:log.py:80  [Locator] The element is not found via >> {'AXRoleDescription': 'button', 'AXTitle': 'OK'} <<
DEBUG    ATFramework:log.py:80  el_count_after=9
DEBUG    ATFramework:log.py:80  tag_name_new='QADF_testing (0)'
DEBUG    urllib3.connectionpool:connectionpool.py:544 http://192.168.7.189:8080 "PUT /api/v2/default_personal/item/b2ea2133-4a30-41a3-a665-84c36d69293c HTTP/1.1" 200 None
DEBUG    reportportal_client.client:client.py:690 finish_test_item - ID: b2ea2133-4a30-41a3-a665-84c36d69293c
DEBUG    reportportal_client.client:client.py:691 response message: Accepted finish request for test item ID = b2ea2133-4a30-41a3-a665-84c36d69293c
DEBUG    urllib3.connectionpool:connectionpool.py:544 http://192.168.7.189:8080 "PUT /api/v2/default_personal/item/f25586c5-0957-4775-8b5a-432a0711ef80 HTTP/1.1" 200 None
DEBUG    reportportal_client.client:client.py:690 finish_test_item - ID: f25586c5-0957-4775-8b5a-432a0711ef80
DEBUG    reportportal_client.client:client.py:691 response message: Accepted finish request for test item ID = f25586c5-0957-4775-8b5a-432a0711ef80
DEBUG    pytest_reportportal.service:service.py:765 ReportPortal - Finish TestItem: request_body={'attributes': [{'value': 'library_preview'}, {'value': 'media_room_func'}, {'value': 'custom_tag'}], 'end_time': '1742549492096', 'status': 'PASSED', 'issue': None, 'item_id': '2c53274d-6674-45bd-88f4-17a4efdb6e80'}
DEBUG    urllib3.connectionpool:connectionpool.py:544 http://192.168.7.189:8080 "PUT /api/v2/default_personal/item/2c53274d-6674-45bd-88f4-17a4efdb6e80 HTTP/1.1" 200 None
DEBUG    reportportal_client.client:client.py:690 finish_test_item - ID: 2c53274d-6674-45bd-88f4-17a4efdb6e80
DEBUG    reportportal_client.client:client.py:691 response message: Accepted finish request for test item ID = 2c53274d-6674-45bd-88f4-17a4efdb6e80
DEBUG    pytest_reportportal.service:service.py:695 ReportPortal - Start TestItem: request_body={'attributes': [{'value': 'library_preview'}, {'value': 'media_room_func'}, {'value': 'custom_tag'}], 'name': '[test_media_room_func_2_27] Add Media to Tag and Delete Tag', 'description': "0. Ensure the dependency test is run and passed\n1. Enter [Media Content] Category\n2. Select media ('Landscape 02.jpg') by library icon view\n3. Add media to specific tag ('QADF_testing') by right click and check the result\n4. Delete tag ('QADF_testing', count=1) by right click", 'start_time': '1742549492195', 'item_type': 'STEP', 'code_ref': 'test_BFT_PDR23_stage1_reportportal.py:Test_BFT_365_OS14.test_media_room_func_2_27', 'parameters': None, 'parent_item_id': None, 'test_case_id': 'test_BFT_PDR23_stage1_reportportal.py:Test_BFT_365_OS14.test_media_room_func_2_27'}
DEBUG    urllib3.connectionpool:connectionpool.py:544 http://192.168.7.189:8080 "POST /api/v2/default_personal/item HTTP/1.1" 201 None
DEBUG    reportportal_client.client:client.py:635 start_test_item - ID: 64a762d1-9acb-4883-b7d6-40bbfe408fdd
DEBUG    my_package:__init__.py:122 [STEP]: [Initial] Check dependency test result
DEBUG    urllib3.connectionpool:connectionpool.py:544 http://192.168.7.189:8080 "POST /api/v2/default_personal/item/64a762d1-9acb-4883-b7d6-40bbfe408fdd HTTP/1.1" 201 None
DEBUG    reportportal_client.client:client.py:635 start_test_item - ID: 8343af2b-9861-49f3-aecc-2e9ed27af5cf
DEBUG    urllib3.connectionpool:connectionpool.py:544 http://192.168.7.189:8080 "PUT /api/v2/default_personal/item/8343af2b-9861-49f3-aecc-2e9ed27af5cf HTTP/1.1" 200 None
DEBUG    reportportal_client.client:client.py:690 finish_test_item - ID: 8343af2b-9861-49f3-aecc-2e9ed27af5cf
DEBUG    reportportal_client.client:client.py:691 response message: Accepted finish request for test item ID = 8343af2b-9861-49f3-aecc-2e9ed27af5cf
DEBUG    my_package:__init__.py:122 [STEP]: [Action] Enter [Media Content] Category
DEBUG    urllib3.connectionpool:connectionpool.py:544 http://192.168.7.189:8080 "POST /api/v2/default_personal/item/64a762d1-9acb-4883-b7d6-40bbfe408fdd HTTP/1.1" 201 None
DEBUG    reportportal_client.client:client.py:635 start_test_item - ID: a692026e-f59d-42c7-b8a6-bfe82b0b93e8
DEBUG    my_package:__init__.py:122 [STEP]: [Action][Media Room] Enter [Media Content] Category
DEBUG    urllib3.connectionpool:connectionpool.py:544 http://192.168.7.189:8080 "POST /api/v2/default_personal/item/a692026e-f59d-42c7-b8a6-bfe82b0b93e8 HTTP/1.1" 201 None
DEBUG    reportportal_client.client:client.py:635 start_test_item - ID: 056ec379-88b3-44be-8d5a-0556f7bbb4a9
DEBUG    urllib3.connectionpool:connectionpool.py:544 http://192.168.7.189:8080 "POST /api/v2/default_personal/log HTTP/1.1" 201 None
DEBUG    urllib3.connectionpool:connectionpool.py:544 http://192.168.7.189:8080 "PUT /api/v2/default_personal/item/056ec379-88b3-44be-8d5a-0556f7bbb4a9 HTTP/1.1" 200 None
DEBUG    reportportal_client.client:client.py:690 finish_test_item - ID: 056ec379-88b3-44be-8d5a-0556f7bbb4a9
DEBUG    reportportal_client.client:client.py:691 response message: Accepted finish request for test item ID = 056ec379-88b3-44be-8d5a-0556f7bbb4a9
DEBUG    urllib3.connectionpool:connectionpool.py:544 http://192.168.7.189:8080 "PUT /api/v2/default_personal/item/a692026e-f59d-42c7-b8a6-bfe82b0b93e8 HTTP/1.1" 200 None
DEBUG    reportportal_client.client:client.py:690 finish_test_item - ID: a692026e-f59d-42c7-b8a6-bfe82b0b93e8
DEBUG    reportportal_client.client:client.py:691 response message: Accepted finish request for test item ID = a692026e-f59d-42c7-b8a6-bfe82b0b93e8
DEBUG    my_package:__init__.py:122 [STEP]: [Action] Select media ('Landscape 02.jpg') by library icon view
DEBUG    urllib3.connectionpool:connectionpool.py:544 http://192.168.7.189:8080 "POST /api/v2/default_personal/item/64a762d1-9acb-4883-b7d6-40bbfe408fdd HTTP/1.1" 201 None
DEBUG    reportportal_client.client:client.py:635 start_test_item - ID: ace360ca-b2fd-4d2f-ae38-929953e29ebf
DEBUG    my_package:__init__.py:122 [STEP]: [Action][Main_page] Select media by library icon view
DEBUG    urllib3.connectionpool:connectionpool.py:544 http://192.168.7.189:8080 "POST /api/v2/default_personal/item/ace360ca-b2fd-4d2f-ae38-929953e29ebf HTTP/1.1" 201 None
DEBUG    reportportal_client.client:client.py:635 start_test_item - ID: fac5c417-873a-4b5b-a72d-a8d9010d385c
DEBUG    urllib3.connectionpool:connectionpool.py:544 http://192.168.7.189:8080 "PUT /api/v2/default_personal/item/fac5c417-873a-4b5b-a72d-a8d9010d385c HTTP/1.1" 200 None
DEBUG    reportportal_client.client:client.py:690 finish_test_item - ID: fac5c417-873a-4b5b-a72d-a8d9010d385c
DEBUG    reportportal_client.client:client.py:691 response message: Accepted finish request for test item ID = fac5c417-873a-4b5b-a72d-a8d9010d385c
DEBUG    urllib3.connectionpool:connectionpool.py:544 http://192.168.7.189:8080 "PUT /api/v2/default_personal/item/ace360ca-b2fd-4d2f-ae38-929953e29ebf HTTP/1.1" 200 None
DEBUG    reportportal_client.client:client.py:690 finish_test_item - ID: ace360ca-b2fd-4d2f-ae38-929953e29ebf
DEBUG    reportportal_client.client:client.py:691 response message: Accepted finish request for test item ID = ace360ca-b2fd-4d2f-ae38-929953e29ebf
DEBUG    my_package:__init__.py:122 [STEP]: [Action] Add media to specific tag ('QADF_testing') by right click
DEBUG    urllib3.connectionpool:connectionpool.py:544 http://192.168.7.189:8080 "POST /api/v2/default_personal/item/64a762d1-9acb-4883-b7d6-40bbfe408fdd HTTP/1.1" 201 None
DEBUG    reportportal_client.client:client.py:635 start_test_item - ID: 8ec7d9be-9eb4-4c3a-9845-51da7419d58e
DEBUG    my_package:__init__.py:122 [STEP]: [Action][Media Room] Add media to specific tag by right click
DEBUG    urllib3.connectionpool:connectionpool.py:544 http://192.168.7.189:8080 "POST /api/v2/default_personal/item/8ec7d9be-9eb4-4c3a-9845-51da7419d58e HTTP/1.1" 201 None
DEBUG    reportportal_client.client:client.py:635 start_test_item - ID: ff050ac0-8f80-457a-b012-b09ee5ce6d87
DEBUG    my_package:__init__.py:122 [STEP]: [Action][Base_page] Right Click
DEBUG    urllib3.connectionpool:connectionpool.py:544 http://192.168.7.189:8080 "POST /api/v2/default_personal/item/ff050ac0-8f80-457a-b012-b09ee5ce6d87 HTTP/1.1" 201 None
DEBUG    reportportal_client.client:client.py:635 start_test_item - ID: dfd59e01-c15c-42f8-afb4-59e29de71fe4
DEBUG    urllib3.connectionpool:connectionpool.py:544 http://192.168.7.189:8080 "PUT /api/v2/default_personal/item/dfd59e01-c15c-42f8-afb4-59e29de71fe4 HTTP/1.1" 200 None
DEBUG    reportportal_client.client:client.py:690 finish_test_item - ID: dfd59e01-c15c-42f8-afb4-59e29de71fe4
DEBUG    reportportal_client.client:client.py:691 response message: Accepted finish request for test item ID = dfd59e01-c15c-42f8-afb4-59e29de71fe4
DEBUG    my_package:__init__.py:122 [STEP]: [Action][Base_page] Select right click menu
DEBUG    urllib3.connectionpool:connectionpool.py:544 http://192.168.7.189:8080 "POST /api/v2/default_personal/item/ff050ac0-8f80-457a-b012-b09ee5ce6d87 HTTP/1.1" 201 None
DEBUG    reportportal_client.client:client.py:635 start_test_item - ID: 757c4303-ee9a-4649-be50-f351184976dc
DEBUG    urllib3.connectionpool:connectionpool.py:544 http://192.168.7.189:8080 "PUT /api/v2/default_personal/item/757c4303-ee9a-4649-be50-f351184976dc HTTP/1.1" 200 None
DEBUG    reportportal_client.client:client.py:690 finish_test_item - ID: 757c4303-ee9a-4649-be50-f351184976dc
DEBUG    reportportal_client.client:client.py:691 response message: Accepted finish request for test item ID = 757c4303-ee9a-4649-be50-f351184976dc
DEBUG    ATFramework:log.py:80  tag_media_amount_after=1
DEBUG    urllib3.connectionpool:connectionpool.py:544 http://192.168.7.189:8080 "PUT /api/v2/default_personal/item/ff050ac0-8f80-457a-b012-b09ee5ce6d87 HTTP/1.1" 200 None
DEBUG    reportportal_client.client:client.py:690 finish_test_item - ID: ff050ac0-8f80-457a-b012-b09ee5ce6d87
DEBUG    reportportal_client.client:client.py:691 response message: Accepted finish request for test item ID = ff050ac0-8f80-457a-b012-b09ee5ce6d87
DEBUG    urllib3.connectionpool:connectionpool.py:544 http://192.168.7.189:8080 "PUT /api/v2/default_personal/item/8ec7d9be-9eb4-4c3a-9845-51da7419d58e HTTP/1.1" 200 None
DEBUG    reportportal_client.client:client.py:690 finish_test_item - ID: 8ec7d9be-9eb4-4c3a-9845-51da7419d58e
DEBUG    reportportal_client.client:client.py:691 response message: Accepted finish request for test item ID = 8ec7d9be-9eb4-4c3a-9845-51da7419d58e
DEBUG    my_package:__init__.py:122 [STEP]: [Action] Delete tag ('QADF_testing', count=1) by right click
DEBUG    urllib3.connectionpool:connectionpool.py:544 http://192.168.7.189:8080 "POST /api/v2/default_personal/item/64a762d1-9acb-4883-b7d6-40bbfe408fdd HTTP/1.1" 201 None
DEBUG    reportportal_client.client:client.py:635 start_test_item - ID: 866f6f5a-4191-4c7c-bcd9-54ac13afd1ef
DEBUG    my_package:__init__.py:122 [STEP]: [Action][Media Room] Delete tag by right click
DEBUG    urllib3.connectionpool:connectionpool.py:544 http://192.168.7.189:8080 "POST /api/v2/default_personal/item/866f6f5a-4191-4c7c-bcd9-54ac13afd1ef HTTP/1.1" 201 None
DEBUG    reportportal_client.client:client.py:635 start_test_item - ID: 77b5bdd0-91ad-4d8f-8eb1-7feff2c91ac0
DEBUG    ATFramework:log.py:80  delete_tag start - name='QADF_testing', count=1
DEBUG    ATFramework:log.py:80  el_count_before=9
DEBUG    my_package:__init__.py:122 [STEP]: [Action][Base_page] Right Click
DEBUG    urllib3.connectionpool:connectionpool.py:544 http://192.168.7.189:8080 "POST /api/v2/default_personal/item/77b5bdd0-91ad-4d8f-8eb1-7feff2c91ac0 HTTP/1.1" 201 None
DEBUG    reportportal_client.client:client.py:635 start_test_item - ID: f7efce5c-93e2-4127-a564-e51f3c715eb0
DEBUG    urllib3.connectionpool:connectionpool.py:544 http://192.168.7.189:8080 "PUT /api/v2/default_personal/item/f7efce5c-93e2-4127-a564-e51f3c715eb0 HTTP/1.1" 200 None
DEBUG    reportportal_client.client:client.py:690 finish_test_item - ID: f7efce5c-93e2-4127-a564-e51f3c715eb0
DEBUG    reportportal_client.client:client.py:691 response message: Accepted finish request for test item ID = f7efce5c-93e2-4127-a564-e51f3c715eb0
DEBUG    my_package:__init__.py:122 [STEP]: [Action][Base_page] Select right click menu
DEBUG    urllib3.connectionpool:connectionpool.py:544 http://192.168.7.189:8080 "POST /api/v2/default_personal/item/77b5bdd0-91ad-4d8f-8eb1-7feff2c91ac0 HTTP/1.1" 201 None
DEBUG    reportportal_client.client:client.py:635 start_test_item - ID: 8528c839-0230-48aa-b0ee-c7637d5dfd0e
DEBUG    urllib3.connectionpool:connectionpool.py:544 http://192.168.7.189:8080 "POST /api/v2/default_personal/log HTTP/1.1" 201 None
DEBUG    urllib3.connectionpool:connectionpool.py:544 http://192.168.7.189:8080 "PUT /api/v2/default_personal/item/8528c839-0230-48aa-b0ee-c7637d5dfd0e HTTP/1.1" 200 None
DEBUG    reportportal_client.client:client.py:690 finish_test_item - ID: 8528c839-0230-48aa-b0ee-c7637d5dfd0e
DEBUG    reportportal_client.client:client.py:691 response message: Accepted finish request for test item ID = 8528c839-0230-48aa-b0ee-c7637d5dfd0e
DEBUG    ATFramework:log.py:80  el_count_after=8
DEBUG    urllib3.connectionpool:connectionpool.py:544 http://192.168.7.189:8080 "PUT /api/v2/default_personal/item/77b5bdd0-91ad-4d8f-8eb1-7feff2c91ac0 HTTP/1.1" 200 None
DEBUG    reportportal_client.client:client.py:690 finish_test_item - ID: 77b5bdd0-91ad-4d8f-8eb1-7feff2c91ac0
DEBUG    reportportal_client.client:client.py:691 response message: Accepted finish request for test item ID = 77b5bdd0-91ad-4d8f-8eb1-7feff2c91ac0
DEBUG    urllib3.connectionpool:connectionpool.py:544 http://192.168.7.189:8080 "PUT /api/v2/default_personal/item/866f6f5a-4191-4c7c-bcd9-54ac13afd1ef HTTP/1.1" 200 None
DEBUG    reportportal_client.client:client.py:690 finish_test_item - ID: 866f6f5a-4191-4c7c-bcd9-54ac13afd1ef
DEBUG    reportportal_client.client:client.py:691 response message: Accepted finish request for test item ID = 866f6f5a-4191-4c7c-bcd9-54ac13afd1ef
DEBUG    pytest_reportportal.service:service.py:765 ReportPortal - Finish TestItem: request_body={'attributes': [{'value': 'library_preview'}, {'value': 'media_room_func'}, {'value': 'custom_tag'}], 'end_time': '1742549506276', 'status': 'PASSED', 'issue': None, 'item_id': '64a762d1-9acb-4883-b7d6-40bbfe408fdd'}
DEBUG    urllib3.connectionpool:connectionpool.py:544 http://192.168.7.189:8080 "PUT /api/v2/default_personal/item/64a762d1-9acb-4883-b7d6-40bbfe408fdd HTTP/1.1" 200 None
DEBUG    reportportal_client.client:client.py:690 finish_test_item - ID: 64a762d1-9acb-4883-b7d6-40bbfe408fdd
DEBUG    reportportal_client.client:client.py:691 response message: Accepted finish request for test item ID = 64a762d1-9acb-4883-b7d6-40bbfe408fdd
DEBUG    pytest_reportportal.service:service.py:695 ReportPortal - Start TestItem: request_body={'attributes': [{'value': 'media_room_func'}, {'value': 'color_board'}, {'value': 'timeline'}], 'name': '[test_media_room_func_2_28] Modify Color Board and Verify Preview', 'description': "0. Ensure the dependency test is run and passed\n1. Select timeline track (1) and set timecode ('00_00_10_07') at main page\n2. Enter [Color Boards] in Media Room\n3. Modify [Color Board] Color to ('F2E0B7') in Media Room\n4. Check preview (locator=main_page.area.preview.main) as GT (Ground_Truth_Folder + 'L37.png')(Similarity=0.95)", 'start_time': '1742549506309', 'item_type': 'STEP', 'code_ref': 'test_BFT_PDR23_stage1_reportportal.py:Test_BFT_365_OS14.test_media_room_func_2_28', 'parameters': None, 'parent_item_id': None, 'test_case_id': 'test_BFT_PDR23_stage1_reportportal.py:Test_BFT_365_OS14.test_media_room_func_2_28'}
DEBUG    urllib3.connectionpool:connectionpool.py:544 http://192.168.7.189:8080 "POST /api/v2/default_personal/item HTTP/1.1" 201 None
DEBUG    reportportal_client.client:client.py:635 start_test_item - ID: cfb65725-036d-440c-a927-d6d593304bee
DEBUG    my_package:__init__.py:122 [STEP]: [Initial] Check dependency test result
DEBUG    urllib3.connectionpool:connectionpool.py:544 http://192.168.7.189:8080 "POST /api/v2/default_personal/item/cfb65725-036d-440c-a927-d6d593304bee HTTP/1.1" 201 None
DEBUG    reportportal_client.client:client.py:635 start_test_item - ID: 5763097e-7584-48ff-9a05-5116c04d8ae6
DEBUG    urllib3.connectionpool:connectionpool.py:544 http://192.168.7.189:8080 "PUT /api/v2/default_personal/item/5763097e-7584-48ff-9a05-5116c04d8ae6 HTTP/1.1" 200 None
DEBUG    reportportal_client.client:client.py:690 finish_test_item - ID: 5763097e-7584-48ff-9a05-5116c04d8ae6
DEBUG    reportportal_client.client:client.py:691 response message: Accepted finish request for test item ID = 5763097e-7584-48ff-9a05-5116c04d8ae6
DEBUG    my_package:__init__.py:122 [STEP]: [Action] Select timeline track (1) and set timecode ('00_00_10_07') at main page
DEBUG    urllib3.connectionpool:connectionpool.py:544 http://192.168.7.189:8080 "POST /api/v2/default_personal/item/cfb65725-036d-440c-a927-d6d593304bee HTTP/1.1" 201 None
DEBUG    reportportal_client.client:client.py:635 start_test_item - ID: dc837edc-437c-4541-8227-5cf3c6d6fed1
DEBUG    my_package:__init__.py:122 [STEP]: [Action][Main_page] select target track on timeline
DEBUG    urllib3.connectionpool:connectionpool.py:544 http://192.168.7.189:8080 "POST /api/v2/default_personal/item/dc837edc-437c-4541-8227-5cf3c6d6fed1 HTTP/1.1" 201 None
DEBUG    reportportal_client.client:client.py:635 start_test_item - ID: 36303ccc-e42f-4f32-90a2-bfd903183c56
DEBUG    urllib3.connectionpool:connectionpool.py:544 http://192.168.7.189:8080 "PUT /api/v2/default_personal/item/36303ccc-e42f-4f32-90a2-bfd903183c56 HTTP/1.1" 200 None
DEBUG    reportportal_client.client:client.py:690 finish_test_item - ID: 36303ccc-e42f-4f32-90a2-bfd903183c56
DEBUG    reportportal_client.client:client.py:691 response message: Accepted finish request for test item ID = 36303ccc-e42f-4f32-90a2-bfd903183c56
DEBUG    my_package:__init__.py:122 [STEP]: [Action][Main_page] Set timeline timecode
DEBUG    urllib3.connectionpool:connectionpool.py:544 http://192.168.7.189:8080 "POST /api/v2/default_personal/item/dc837edc-437c-4541-8227-5cf3c6d6fed1 HTTP/1.1" 201 None
DEBUG    reportportal_client.client:client.py:635 start_test_item - ID: 334c1828-c0a8-4854-9027-ec830914d377
DEBUG    my_package:__init__.py:122 [STEP]: [Action][Main_page] Set Timecode
DEBUG    urllib3.connectionpool:connectionpool.py:544 http://192.168.7.189:8080 "POST /api/v2/default_personal/item/334c1828-c0a8-4854-9027-ec830914d377 HTTP/1.1" 201 None
DEBUG    reportportal_client.client:client.py:635 start_test_item - ID: 7e3b76e0-f345-42c1-8c23-728ed85e83a3
DEBUG    ATFramework:log.py:80  set_time_code - Input duration='00_00_10_07'
DEBUG    urllib3.connectionpool:connectionpool.py:544 http://192.168.7.189:8080 "PUT /api/v2/default_personal/item/7e3b76e0-f345-42c1-8c23-728ed85e83a3 HTTP/1.1" 200 None
DEBUG    reportportal_client.client:client.py:690 finish_test_item - ID: 7e3b76e0-f345-42c1-8c23-728ed85e83a3
DEBUG    reportportal_client.client:client.py:691 response message: Accepted finish request for test item ID = 7e3b76e0-f345-42c1-8c23-728ed85e83a3
DEBUG    urllib3.connectionpool:connectionpool.py:544 http://192.168.7.189:8080 "PUT /api/v2/default_personal/item/334c1828-c0a8-4854-9027-ec830914d377 HTTP/1.1" 200 None
DEBUG    reportportal_client.client:client.py:690 finish_test_item - ID: 334c1828-c0a8-4854-9027-ec830914d377
DEBUG    reportportal_client.client:client.py:691 response message: Accepted finish request for test item ID = 334c1828-c0a8-4854-9027-ec830914d377
DEBUG    urllib3.connectionpool:connectionpool.py:544 http://192.168.7.189:8080 "PUT /api/v2/default_personal/item/dc837edc-437c-4541-8227-5cf3c6d6fed1 HTTP/1.1" 200 None
DEBUG    reportportal_client.client:client.py:690 finish_test_item - ID: dc837edc-437c-4541-8227-5cf3c6d6fed1
DEBUG    reportportal_client.client:client.py:691 response message: Accepted finish request for test item ID = dc837edc-437c-4541-8227-5cf3c6d6fed1
DEBUG    my_package:__init__.py:122 [STEP]: [Action] Enter [Color Boards] in Media Room
DEBUG    urllib3.connectionpool:connectionpool.py:544 http://192.168.7.189:8080 "POST /api/v2/default_personal/item/cfb65725-036d-440c-a927-d6d593304bee HTTP/1.1" 201 None
DEBUG    reportportal_client.client:client.py:635 start_test_item - ID: 56ba3879-e52f-4ca5-95bb-56482efb2a90
DEBUG    my_package:__init__.py:122 [STEP]: [Action][Media Room] Enter [Color Boards]
DEBUG    urllib3.connectionpool:connectionpool.py:544 http://192.168.7.189:8080 "POST /api/v2/default_personal/item/56ba3879-e52f-4ca5-95bb-56482efb2a90 HTTP/1.1" 201 None
DEBUG    reportportal_client.client:client.py:635 start_test_item - ID: c7aabfd6-ac92-43e8-b4fb-0e53fb3737fc
DEBUG    urllib3.connectionpool:connectionpool.py:544 http://192.168.7.189:8080 "PUT /api/v2/default_personal/item/c7aabfd6-ac92-43e8-b4fb-0e53fb3737fc HTTP/1.1" 200 None
DEBUG    reportportal_client.client:client.py:690 finish_test_item - ID: c7aabfd6-ac92-43e8-b4fb-0e53fb3737fc
DEBUG    reportportal_client.client:client.py:691 response message: Accepted finish request for test item ID = c7aabfd6-ac92-43e8-b4fb-0e53fb3737fc
DEBUG    urllib3.connectionpool:connectionpool.py:544 http://192.168.7.189:8080 "PUT /api/v2/default_personal/item/56ba3879-e52f-4ca5-95bb-56482efb2a90 HTTP/1.1" 200 None
DEBUG    reportportal_client.client:client.py:690 finish_test_item - ID: 56ba3879-e52f-4ca5-95bb-56482efb2a90
DEBUG    reportportal_client.client:client.py:691 response message: Accepted finish request for test item ID = 56ba3879-e52f-4ca5-95bb-56482efb2a90
DEBUG    my_package:__init__.py:122 [STEP]: [Action] Modify [Color Board] Color to ('F2E0B7') in Media Room
DEBUG    urllib3.connectionpool:connectionpool.py:544 http://192.168.7.189:8080 "POST /api/v2/default_personal/item/cfb65725-036d-440c-a927-d6d593304bee HTTP/1.1" 201 None
DEBUG    reportportal_client.client:client.py:635 start_test_item - ID: e31cf201-bfc5-4199-9f4a-76f3e2b68654
DEBUG    my_package:__init__.py:122 [STEP]: [Action][Media Room] Modify [Color Board] Color
DEBUG    urllib3.connectionpool:connectionpool.py:544 http://192.168.7.189:8080 "POST /api/v2/default_personal/item/e31cf201-bfc5-4199-9f4a-76f3e2b68654 HTTP/1.1" 201 None
DEBUG    reportportal_client.client:client.py:635 start_test_item - ID: 5564cd30-ba11-42a0-9b1c-26db0024ca96
DEBUG    my_package:__init__.py:122 [STEP]: [Action][Base_page] Double click
DEBUG    urllib3.connectionpool:connectionpool.py:544 http://192.168.7.189:8080 "POST /api/v2/default_personal/item/5564cd30-ba11-42a0-9b1c-26db0024ca96 HTTP/1.1" 201 None
DEBUG    reportportal_client.client:client.py:635 start_test_item - ID: 48979cde-0315-49f4-8249-6faf8eb7704c
DEBUG    urllib3.connectionpool:connectionpool.py:544 http://192.168.7.189:8080 "PUT /api/v2/default_personal/item/48979cde-0315-49f4-8249-6faf8eb7704c HTTP/1.1" 200 None
DEBUG    reportportal_client.client:client.py:690 finish_test_item - ID: 48979cde-0315-49f4-8249-6faf8eb7704c
DEBUG    reportportal_client.client:client.py:691 response message: Accepted finish request for test item ID = 48979cde-0315-49f4-8249-6faf8eb7704c
DEBUG    my_package:__init__.py:122 [STEP]: [Action][Base_page] Press [Space] key
DEBUG    urllib3.connectionpool:connectionpool.py:544 http://192.168.7.189:8080 "POST /api/v2/default_personal/log HTTP/1.1" 201 None
DEBUG    urllib3.connectionpool:connectionpool.py:544 http://192.168.7.189:8080 "POST /api/v2/default_personal/item/5564cd30-ba11-42a0-9b1c-26db0024ca96 HTTP/1.1" 201 None
DEBUG    reportportal_client.client:client.py:635 start_test_item - ID: 9ad0ee66-f56f-45b2-b890-d70ee8908968
DEBUG    urllib3.connectionpool:connectionpool.py:544 http://192.168.7.189:8080 "PUT /api/v2/default_personal/item/9ad0ee66-f56f-45b2-b890-d70ee8908968 HTTP/1.1" 200 None
DEBUG    reportportal_client.client:client.py:690 finish_test_item - ID: 9ad0ee66-f56f-45b2-b890-d70ee8908968
DEBUG    reportportal_client.client:client.py:691 response message: Accepted finish request for test item ID = 9ad0ee66-f56f-45b2-b890-d70ee8908968
DEBUG    my_package:__init__.py:122 [STEP]: [Action][Base_page] Input text
DEBUG    urllib3.connectionpool:connectionpool.py:544 http://192.168.7.189:8080 "POST /api/v2/default_personal/item/5564cd30-ba11-42a0-9b1c-26db0024ca96 HTTP/1.1" 201 None
DEBUG    reportportal_client.client:client.py:635 start_test_item - ID: 25e18d53-bc9a-4947-b876-67592304fd9b
DEBUG    urllib3.connectionpool:connectionpool.py:544 http://192.168.7.189:8080 "PUT /api/v2/default_personal/item/25e18d53-bc9a-4947-b876-67592304fd9b HTTP/1.1" 200 None
DEBUG    reportportal_client.client:client.py:690 finish_test_item - ID: 25e18d53-bc9a-4947-b876-67592304fd9b
DEBUG    reportportal_client.client:client.py:691 response message: Accepted finish request for test item ID = 25e18d53-bc9a-4947-b876-67592304fd9b
DEBUG    urllib3.connectionpool:connectionpool.py:544 http://192.168.7.189:8080 "PUT /api/v2/default_personal/item/5564cd30-ba11-42a0-9b1c-26db0024ca96 HTTP/1.1" 200 None
DEBUG    reportportal_client.client:client.py:690 finish_test_item - ID: 5564cd30-ba11-42a0-9b1c-26db0024ca96
DEBUG    reportportal_client.client:client.py:691 response message: Accepted finish request for test item ID = 5564cd30-ba11-42a0-9b1c-26db0024ca96
DEBUG    urllib3.connectionpool:connectionpool.py:544 http://192.168.7.189:8080 "PUT /api/v2/default_personal/item/e31cf201-bfc5-4199-9f4a-76f3e2b68654 HTTP/1.1" 200 None
DEBUG    reportportal_client.client:client.py:690 finish_test_item - ID: e31cf201-bfc5-4199-9f4a-76f3e2b68654
DEBUG    reportportal_client.client:client.py:691 response message: Accepted finish request for test item ID = e31cf201-bfc5-4199-9f4a-76f3e2b68654
DEBUG    my_package:__init__.py:122 [STEP]: [Verify] Check preview as GT (L37.png)
DEBUG    urllib3.connectionpool:connectionpool.py:544 http://192.168.7.189:8080 "POST /api/v2/default_personal/item/cfb65725-036d-440c-a927-d6d593304bee HTTP/1.1" 201 None
DEBUG    reportportal_client.client:client.py:635 start_test_item - ID: 8a5af3bd-574e-4e28-80ea-58089b85db17
DEBUG    my_package:__init__.py:122 [STEP]: [Action] Base_page: Snapshot
DEBUG    urllib3.connectionpool:connectionpool.py:544 http://192.168.7.189:8080 "POST /api/v2/default_personal/item/8a5af3bd-574e-4e28-80ea-58089b85db17 HTTP/1.1" 201 None
DEBUG    reportportal_client.client:client.py:635 start_test_item - ID: 7612d5ae-e002-45bd-9d6d-c408bbf44673
DEBUG    urllib3.connectionpool:connectionpool.py:544 http://192.168.7.189:8080 "PUT /api/v2/default_personal/item/7612d5ae-e002-45bd-9d6d-c408bbf44673 HTTP/1.1" 200 None
DEBUG    reportportal_client.client:client.py:690 finish_test_item - ID: 7612d5ae-e002-45bd-9d6d-c408bbf44673
DEBUG    reportportal_client.client:client.py:691 response message: Accepted finish request for test item ID = 7612d5ae-e002-45bd-9d6d-c408bbf44673
DEBUG    my_package:__init__.py:122 [STEP]: [Action] Base_page: Compare Images
DEBUG    urllib3.connectionpool:connectionpool.py:544 http://192.168.7.189:8080 "POST /api/v2/default_personal/item/8a5af3bd-574e-4e28-80ea-58089b85db17 HTTP/1.1" 201 None
DEBUG    reportportal_client.client:client.py:635 start_test_item - ID: fe2056ee-f052-4972-85e0-c082af6eb945
DEBUG    ATFramework:log.py:80  source_path='/Users/qadf_at/Desktop/AT/GroundTruth/ground_truth/BFT_21_Stage1/L37.png'
target_path='/Users/qadf_at/Desktop/AT/GroundTruth/auto_ground_truth/BFT_21_Stage1/L37.png'
similarity=0.95
DEBUG    ATFramework:log.py:80  Result similarity = 0.9966824352741241
DEBUG    urllib3.connectionpool:connectionpool.py:544 http://192.168.7.189:8080 "PUT /api/v2/default_personal/item/fe2056ee-f052-4972-85e0-c082af6eb945 HTTP/1.1" 200 None
DEBUG    reportportal_client.client:client.py:690 finish_test_item - ID: fe2056ee-f052-4972-85e0-c082af6eb945
DEBUG    reportportal_client.client:client.py:691 response message: Accepted finish request for test item ID = fe2056ee-f052-4972-85e0-c082af6eb945
DEBUG    urllib3.connectionpool:connectionpool.py:544 http://192.168.7.189:8080 "PUT /api/v2/default_personal/item/8a5af3bd-574e-4e28-80ea-58089b85db17 HTTP/1.1" 200 None
DEBUG    reportportal_client.client:client.py:690 finish_test_item - ID: 8a5af3bd-574e-4e28-80ea-58089b85db17
DEBUG    reportportal_client.client:client.py:691 response message: Accepted finish request for test item ID = 8a5af3bd-574e-4e28-80ea-58089b85db17
DEBUG    pytest_reportportal.service:service.py:765 ReportPortal - Finish TestItem: request_body={'attributes': [{'value': 'media_room_func'}, {'value': 'color_board'}, {'value': 'timeline'}], 'end_time': '1742549529493', 'status': 'PASSED', 'issue': None, 'item_id': 'cfb65725-036d-440c-a927-d6d593304bee'}
DEBUG    urllib3.connectionpool:connectionpool.py:544 http://192.168.7.189:8080 "PUT /api/v2/default_personal/item/cfb65725-036d-440c-a927-d6d593304bee HTTP/1.1" 200 None
DEBUG    reportportal_client.client:client.py:690 finish_test_item - ID: cfb65725-036d-440c-a927-d6d593304bee
DEBUG    reportportal_client.client:client.py:691 response message: Accepted finish request for test item ID = cfb65725-036d-440c-a927-d6d593304bee
DEBUG    pytest_reportportal.service:service.py:695 ReportPortal - Start TestItem: request_body={'attributes': [{'value': 'media_room_func'}, {'value': 'color_board'}], 'name': '[test_media_room_func_2_29] Insert Media, Change Color, and Verify Preview', 'description': "0. Ensure the dependency test is run and passed\n1. Insert media to selected track and screenshot (locator=main_page.area.preview.main)\n2. Click [Change Color] button in [Tips Area] and change color to ('882ECC')\n3. Check Preview is updated after changed color (Similarity=0.98)", 'start_time': '1742549529501', 'item_type': 'STEP', 'code_ref': 'test_BFT_PDR23_stage1_reportportal.py:Test_BFT_365_OS14.test_media_room_func_2_29', 'parameters': None, 'parent_item_id': None, 'test_case_id': 'test_BFT_PDR23_stage1_reportportal.py:Test_BFT_365_OS14.test_media_room_func_2_29'}
DEBUG    urllib3.connectionpool:connectionpool.py:544 http://192.168.7.189:8080 "POST /api/v2/default_personal/item HTTP/1.1" 201 None
DEBUG    reportportal_client.client:client.py:635 start_test_item - ID: 66626c7d-222e-4613-8646-1bcec0be47da
DEBUG    my_package:__init__.py:122 [STEP]: [Initial] Check dependency test result
DEBUG    urllib3.connectionpool:connectionpool.py:544 http://192.168.7.189:8080 "POST /api/v2/default_personal/item/66626c7d-222e-4613-8646-1bcec0be47da HTTP/1.1" 201 None
DEBUG    reportportal_client.client:client.py:635 start_test_item - ID: 93cd1f2d-1e95-43fe-aa50-652ec09682e6
DEBUG    urllib3.connectionpool:connectionpool.py:544 http://192.168.7.189:8080 "PUT /api/v2/default_personal/item/93cd1f2d-1e95-43fe-aa50-652ec09682e6 HTTP/1.1" 200 None
DEBUG    reportportal_client.client:client.py:690 finish_test_item - ID: 93cd1f2d-1e95-43fe-aa50-652ec09682e6
DEBUG    reportportal_client.client:client.py:691 response message: Accepted finish request for test item ID = 93cd1f2d-1e95-43fe-aa50-652ec09682e6
DEBUG    my_package:__init__.py:122 [STEP]: [Action] Insert media to selected track and take a screenshot
DEBUG    urllib3.connectionpool:connectionpool.py:544 http://192.168.7.189:8080 "POST /api/v2/default_personal/item/66626c7d-222e-4613-8646-1bcec0be47da HTTP/1.1" 201 None
DEBUG    reportportal_client.client:client.py:635 start_test_item - ID: a7bf8d61-8044-479b-9d59-c1b4985e506a
DEBUG    my_package:__init__.py:122 [STEP]: [Action][Main_page] Insert media to selected track
DEBUG    urllib3.connectionpool:connectionpool.py:544 http://192.168.7.189:8080 "POST /api/v2/default_personal/item/a7bf8d61-8044-479b-9d59-c1b4985e506a HTTP/1.1" 201 None
DEBUG    reportportal_client.client:client.py:635 start_test_item - ID: d7250be0-1761-4b47-a6ea-30fa70e779e3
DEBUG    ATFramework:log.py:80  Fail to add media to selected track
DEBUG    ATFramework:log.py:80  Exception occurs. log=Fail to add media to selected track
DEBUG    urllib3.connectionpool:connectionpool.py:544 http://192.168.7.189:8080 "PUT /api/v2/default_personal/item/d7250be0-1761-4b47-a6ea-30fa70e779e3 HTTP/1.1" 200 None
DEBUG    reportportal_client.client:client.py:690 finish_test_item - ID: d7250be0-1761-4b47-a6ea-30fa70e779e3
DEBUG    reportportal_client.client:client.py:691 response message: Accepted finish request for test item ID = d7250be0-1761-4b47-a6ea-30fa70e779e3
DEBUG    urllib3.connectionpool:connectionpool.py:544 http://192.168.7.189:8080 "PUT /api/v2/default_personal/item/a7bf8d61-8044-479b-9d59-c1b4985e506a HTTP/1.1" 200 None
DEBUG    reportportal_client.client:client.py:690 finish_test_item - ID: a7bf8d61-8044-479b-9d59-c1b4985e506a
DEBUG    reportportal_client.client:client.py:691 response message: Accepted finish request for test item ID = a7bf8d61-8044-479b-9d59-c1b4985e506a
DEBUG    ATFramework:log.py:80  Exception screenshot:/Users/qadf_at/Desktop/AT/PDRMac_BFT_reportportal/SFT/report/MyReport/[Exception]test_media_room_func_2_29_126.png
INFO     ATFramework.utils._report.report:report.py:412 Fail Screenshot: main_page.py
DEBUG    ATFramework:log.py:80  Exception: Exception occurs. log=Fail to add media to selected track
DEBUG    urllib3.connectionpool:connectionpool.py:544 http://192.168.7.189:8080 "POST /api/v2/default_personal/log HTTP/1.1" 201 None
DEBUG    pytest_reportportal.service:service.py:765 ReportPortal - Finish TestItem: request_body={'attributes': [{'value': 'media_room_func'}, {'value': 'color_board'}], 'end_time': '1742549537932', 'status': 'FAILED', 'issue': None, 'item_id': '66626c7d-222e-4613-8646-1bcec0be47da'}
DEBUG    urllib3.connectionpool:connectionpool.py:544 http://192.168.7.189:8080 "PUT /api/v2/default_personal/item/66626c7d-222e-4613-8646-1bcec0be47da HTTP/1.1" 200 None
DEBUG    reportportal_client.client:client.py:690 finish_test_item - ID: 66626c7d-222e-4613-8646-1bcec0be47da
DEBUG    reportportal_client.client:client.py:691 response message: Accepted finish request for test item ID = 66626c7d-222e-4613-8646-1bcec0be47da
DEBUG    pytest_reportportal.service:service.py:695 ReportPortal - Start TestItem: request_body={'attributes': [{'value': 'gradient_color'}, {'value': 'media_room_func'}, {'value': 'save_template'}], 'name': '[test_media_room_func_2_30] Set Gradient Color, Save Template, and Verify Preview', 'description': "0. Ensure the dependency test is run and passed\n1. Set [Gradient Color] to (hex_color='7028E1')\n2. Set template name ('custom_purple') when saving template\n3. Check preview (locator=main_page.area.preview.main) as GT (Ground_Truth_Folder + 'L38.png')(Similarity=0.95)", 'start_time': '1742549538010', 'item_type': 'STEP', 'code_ref': 'test_BFT_PDR23_stage1_reportportal.py:Test_BFT_365_OS14.test_media_room_func_2_30', 'parameters': None, 'parent_item_id': None, 'test_case_id': 'test_BFT_PDR23_stage1_reportportal.py:Test_BFT_365_OS14.test_media_room_func_2_30'}
DEBUG    urllib3.connectionpool:connectionpool.py:544 http://192.168.7.189:8080 "POST /api/v2/default_personal/item HTTP/1.1" 201 None
DEBUG    reportportal_client.client:client.py:635 start_test_item - ID: c0333b91-102e-4613-a394-60a75995fdae
DEBUG    my_package:__init__.py:122 [STEP]: [Initial] Check dependency test result
DEBUG    urllib3.connectionpool:connectionpool.py:544 http://192.168.7.189:8080 "POST /api/v2/default_personal/item/c0333b91-102e-4613-a394-60a75995fdae HTTP/1.1" 201 None
DEBUG    reportportal_client.client:client.py:635 start_test_item - ID: 5e49ddc5-10a2-4d41-8df6-04a58e9abc91
DEBUG    ATFramework:log.py:80  test_media_room_func_2_29 result: False
DEBUG    urllib3.connectionpool:connectionpool.py:544 http://192.168.7.189:8080 "PUT /api/v2/default_personal/item/5e49ddc5-10a2-4d41-8df6-04a58e9abc91 HTTP/1.1" 200 None
DEBUG    reportportal_client.client:client.py:690 finish_test_item - ID: 5e49ddc5-10a2-4d41-8df6-04a58e9abc91
DEBUG    reportportal_client.client:client.py:691 response message: Accepted finish request for test item ID = 5e49ddc5-10a2-4d41-8df6-04a58e9abc91
DEBUG    pytest_reportportal.service:service.py:765 ReportPortal - Finish TestItem: request_body={'attributes': [{'value': 'gradient_color'}, {'value': 'media_room_func'}, {'value': 'save_template'}], 'end_time': '1742549542051', 'status': 'SKIPPED', 'issue': None, 'item_id': 'c0333b91-102e-4613-a394-60a75995fdae'}
DEBUG    urllib3.connectionpool:connectionpool.py:544 http://192.168.7.189:8080 "PUT /api/v2/default_personal/item/c0333b91-102e-4613-a394-60a75995fdae HTTP/1.1" 200 None
DEBUG    reportportal_client.client:client.py:690 finish_test_item - ID: c0333b91-102e-4613-a394-60a75995fdae
DEBUG    reportportal_client.client:client.py:691 response message: Accepted finish request for test item ID = c0333b91-102e-4613-a394-60a75995fdae
DEBUG    pytest_reportportal.service:service.py:695 ReportPortal - Start TestItem: request_body={'attributes': [{'value': 'media_room_func'}, {'value': 'gradient_color'}, {'value': 'color_board'}], 'name': '[test_media_room_func_2_31] Insert Color Board, Change Gradient, and Verify Preview', 'description': "0. Ensure the dependency test is run and passed\n1. Select 2nd color board by clicking (L.media_room.library_listview.unit_collection_view_item_second)\n2. Right click and Select right click menu ('Insert on Selected Track')\n3. Check preview (locator=main_page.area.preview.main) as GT (Ground_Truth_Folder + 'L38.png')(Similarity=0.95)\n4. Click [Change Color] by clicking (L.tips_area.button.btn_change_color)\n5. Handle Color Gradient to ('2DB727')\n6. Check preview (locator=main_page.area.preview.main) is updated (Similarity=0.9999)", 'start_time': '1742549542058', 'item_type': 'STEP', 'code_ref': 'test_BFT_PDR23_stage1_reportportal.py:Test_BFT_365_OS14.test_media_room_func_2_31', 'parameters': None, 'parent_item_id': None, 'test_case_id': 'test_BFT_PDR23_stage1_reportportal.py:Test_BFT_365_OS14.test_media_room_func_2_31'}
DEBUG    urllib3.connectionpool:connectionpool.py:544 http://192.168.7.189:8080 "POST /api/v2/default_personal/item HTTP/1.1" 201 None
DEBUG    reportportal_client.client:client.py:635 start_test_item - ID: 29699b2a-5040-4599-bea3-b5a2c0b05d38
DEBUG    my_package:__init__.py:122 [STEP]: [Initial] Check dependency test result
DEBUG    urllib3.connectionpool:connectionpool.py:544 http://192.168.7.189:8080 "POST /api/v2/default_personal/item/29699b2a-5040-4599-bea3-b5a2c0b05d38 HTTP/1.1" 201 None
DEBUG    reportportal_client.client:client.py:635 start_test_item - ID: e11eff63-80f6-4242-8ccf-8ea37a54dfd2
DEBUG    ATFramework:log.py:80  test_media_room_func_2_30 result: False
DEBUG    urllib3.connectionpool:connectionpool.py:544 http://192.168.7.189:8080 "PUT /api/v2/default_personal/item/e11eff63-80f6-4242-8ccf-8ea37a54dfd2 HTTP/1.1" 200 None
DEBUG    reportportal_client.client:client.py:690 finish_test_item - ID: e11eff63-80f6-4242-8ccf-8ea37a54dfd2
DEBUG    reportportal_client.client:client.py:691 response message: Accepted finish request for test item ID = e11eff63-80f6-4242-8ccf-8ea37a54dfd2
DEBUG    pytest_reportportal.service:service.py:765 ReportPortal - Finish TestItem: request_body={'attributes': [{'value': 'media_room_func'}, {'value': 'gradient_color'}, {'value': 'color_board'}], 'end_time': '1742549546097', 'status': 'SKIPPED', 'issue': None, 'item_id': '29699b2a-5040-4599-bea3-b5a2c0b05d38'}
DEBUG    urllib3.connectionpool:connectionpool.py:544 http://192.168.7.189:8080 "PUT /api/v2/default_personal/item/29699b2a-5040-4599-bea3-b5a2c0b05d38 HTTP/1.1" 200 None
DEBUG    reportportal_client.client:client.py:690 finish_test_item - ID: 29699b2a-5040-4599-bea3-b5a2c0b05d38
DEBUG    reportportal_client.client:client.py:691 response message: Accepted finish request for test item ID = 29699b2a-5040-4599-bea3-b5a2c0b05d38
DEBUG    pytest_reportportal.service:service.py:695 ReportPortal - Start TestItem: request_body={'attributes': [{'value': 'media_room_func'}, {'value': 'content_pack'}, {'value': 'play_video'}], 'name': '[test_media_room_func_2_32] Play Downloaded Media and Verify Preview', 'description': "0. Ensure the dependency test is run and passed\n1. Enter [Download] Category in Media Room\n2. Select media ('487360077_fhd') by library icon view and Press [Space] key\n3. Check if the preview window (main_page.area.preview.main, sec=5) is different when playing", 'start_time': '1742549546107', 'item_type': 'STEP', 'code_ref': 'test_BFT_PDR23_stage1_reportportal.py:Test_BFT_365_OS14.test_media_room_func_2_32', 'parameters': None, 'parent_item_id': None, 'test_case_id': 'test_BFT_PDR23_stage1_reportportal.py:Test_BFT_365_OS14.test_media_room_func_2_32'}
DEBUG    urllib3.connectionpool:connectionpool.py:544 http://192.168.7.189:8080 "POST /api/v2/default_personal/item HTTP/1.1" 201 None
DEBUG    reportportal_client.client:client.py:635 start_test_item - ID: cda09fcc-a9bf-44bd-971a-a77532fd3302
DEBUG    my_package:__init__.py:122 [STEP]: [Initial] Check dependency test result
DEBUG    urllib3.connectionpool:connectionpool.py:544 http://192.168.7.189:8080 "POST /api/v2/default_personal/item/cda09fcc-a9bf-44bd-971a-a77532fd3302 HTTP/1.1" 201 None
DEBUG    reportportal_client.client:client.py:635 start_test_item - ID: 95ce7cc2-9baf-4cc9-adfb-386597c774da
DEBUG    ATFramework:log.py:80  test_media_room_func_2_31 result: False
DEBUG    urllib3.connectionpool:connectionpool.py:544 http://192.168.7.189:8080 "PUT /api/v2/default_personal/item/95ce7cc2-9baf-4cc9-adfb-386597c774da HTTP/1.1" 200 None
DEBUG    reportportal_client.client:client.py:690 finish_test_item - ID: 95ce7cc2-9baf-4cc9-adfb-386597c774da
DEBUG    reportportal_client.client:client.py:691 response message: Accepted finish request for test item ID = 95ce7cc2-9baf-4cc9-adfb-386597c774da
DEBUG    pytest_reportportal.service:service.py:765 ReportPortal - Finish TestItem: request_body={'attributes': [{'value': 'media_room_func'}, {'value': 'content_pack'}, {'value': 'play_video'}], 'end_time': '1742549550245', 'status': 'SKIPPED', 'issue': None, 'item_id': 'cda09fcc-a9bf-44bd-971a-a77532fd3302'}
DEBUG    urllib3.connectionpool:connectionpool.py:544 http://192.168.7.189:8080 "PUT /api/v2/default_personal/item/cda09fcc-a9bf-44bd-971a-a77532fd3302 HTTP/1.1" 200 None
DEBUG    reportportal_client.client:client.py:690 finish_test_item - ID: cda09fcc-a9bf-44bd-971a-a77532fd3302
DEBUG    reportportal_client.client:client.py:691 response message: Accepted finish request for test item ID = cda09fcc-a9bf-44bd-971a-a77532fd3302
DEBUG    pytest_reportportal.service:service.py:695 ReportPortal - Start TestItem: request_body={'attributes': [{'value': 'my_project'}, {'value': 'media_room_func'}, {'value': 'media_room'}], 'name': '[test_media_room_func_2_33] Enter My Project and Select Media', 'description': "0. Ensure the dependency test is run and passed\n1. Enter [My Project]\n2. Select media ('can_del') by library icon view and check result", 'start_time': '1742549550252', 'item_type': 'STEP', 'code_ref': 'test_BFT_PDR23_stage1_reportportal.py:Test_BFT_365_OS14.test_media_room_func_2_33', 'parameters': None, 'parent_item_id': None, 'test_case_id': 'test_BFT_PDR23_stage1_reportportal.py:Test_BFT_365_OS14.test_media_room_func_2_33'}
DEBUG    urllib3.connectionpool:connectionpool.py:544 http://192.168.7.189:8080 "POST /api/v2/default_personal/item HTTP/1.1" 201 None
DEBUG    reportportal_client.client:client.py:635 start_test_item - ID: 85eca063-7a80-4e58-9208-ce01dd564dc8
DEBUG    my_package:__init__.py:122 [STEP]: [Initial] Check dependency test result
DEBUG    urllib3.connectionpool:connectionpool.py:544 http://192.168.7.189:8080 "POST /api/v2/default_personal/item/85eca063-7a80-4e58-9208-ce01dd564dc8 HTTP/1.1" 201 None
DEBUG    reportportal_client.client:client.py:635 start_test_item - ID: 9532f3e7-e5c5-4fd0-a8d3-e466a2108f0c
DEBUG    ATFramework:log.py:80  test_media_room_func_2_32 result: False
DEBUG    urllib3.connectionpool:connectionpool.py:544 http://192.168.7.189:8080 "PUT /api/v2/default_personal/item/9532f3e7-e5c5-4fd0-a8d3-e466a2108f0c HTTP/1.1" 200 None
DEBUG    reportportal_client.client:client.py:690 finish_test_item - ID: 9532f3e7-e5c5-4fd0-a8d3-e466a2108f0c
DEBUG    reportportal_client.client:client.py:691 response message: Accepted finish request for test item ID = 9532f3e7-e5c5-4fd0-a8d3-e466a2108f0c
DEBUG    pytest_reportportal.service:service.py:765 ReportPortal - Finish TestItem: request_body={'attributes': [{'value': 'my_project'}, {'value': 'media_room_func'}, {'value': 'media_room'}], 'end_time': '1742549554303', 'status': 'SKIPPED', 'issue': None, 'item_id': '85eca063-7a80-4e58-9208-ce01dd564dc8'}
DEBUG    urllib3.connectionpool:connectionpool.py:544 http://192.168.7.189:8080 "PUT /api/v2/default_personal/item/85eca063-7a80-4e58-9208-ce01dd564dc8 HTTP/1.1" 200 None
DEBUG    reportportal_client.client:client.py:690 finish_test_item - ID: 85eca063-7a80-4e58-9208-ce01dd564dc8
DEBUG    reportportal_client.client:client.py:691 response message: Accepted finish request for test item ID = 85eca063-7a80-4e58-9208-ce01dd564dc8
DEBUG    pytest_reportportal.service:service.py:695 ReportPortal - Start TestItem: request_body={'attributes': [{'value': 'my_project'}, {'value': 'file_location'}, {'value': 'media_room_func'}, {'value': 'media_room'}], 'name': '[test_media_room_func_2_34] Select media and open file location from context menu', 'description': "0. Ensure the dependency test is run and passed\n1. Select media ('can_del') by library icon view\n2. Open [File Location] from [Library Clip] context menu by right click", 'start_time': '1742549554314', 'item_type': 'STEP', 'code_ref': 'test_BFT_PDR23_stage1_reportportal.py:Test_BFT_365_OS14.test_media_room_func_2_34', 'parameters': None, 'parent_item_id': None, 'test_case_id': 'test_BFT_PDR23_stage1_reportportal.py:Test_BFT_365_OS14.test_media_room_func_2_34'}
DEBUG    urllib3.connectionpool:connectionpool.py:544 http://192.168.7.189:8080 "POST /api/v2/default_personal/item HTTP/1.1" 201 None
DEBUG    reportportal_client.client:client.py:635 start_test_item - ID: ebedaad2-7d15-45cc-970d-295a4780d3c7
DEBUG    my_package:__init__.py:122 [STEP]: [Initial] Check dependency test result
DEBUG    urllib3.connectionpool:connectionpool.py:544 http://192.168.7.189:8080 "POST /api/v2/default_personal/item/ebedaad2-7d15-45cc-970d-295a4780d3c7 HTTP/1.1" 201 None
DEBUG    reportportal_client.client:client.py:635 start_test_item - ID: 019b3659-16f1-4d0c-b42e-6e7446d371d3
DEBUG    ATFramework:log.py:80  test_media_room_func_2_33 result: False
DEBUG    urllib3.connectionpool:connectionpool.py:544 http://192.168.7.189:8080 "POST /api/v2/default_personal/log HTTP/1.1" 201 None
DEBUG    urllib3.connectionpool:connectionpool.py:544 http://192.168.7.189:8080 "PUT /api/v2/default_personal/item/019b3659-16f1-4d0c-b42e-6e7446d371d3 HTTP/1.1" 200 None
DEBUG    reportportal_client.client:client.py:690 finish_test_item - ID: 019b3659-16f1-4d0c-b42e-6e7446d371d3
DEBUG    reportportal_client.client:client.py:691 response message: Accepted finish request for test item ID = 019b3659-16f1-4d0c-b42e-6e7446d371d3
DEBUG    pytest_reportportal.service:service.py:765 ReportPortal - Finish TestItem: request_body={'attributes': [{'value': 'my_project'}, {'value': 'file_location'}, {'value': 'media_room_func'}, {'value': 'media_room'}], 'end_time': '1742549558364', 'status': 'SKIPPED', 'issue': None, 'item_id': 'ebedaad2-7d15-45cc-970d-295a4780d3c7'}
DEBUG    urllib3.connectionpool:connectionpool.py:544 http://192.168.7.189:8080 "PUT /api/v2/default_personal/item/ebedaad2-7d15-45cc-970d-295a4780d3c7 HTTP/1.1" 200 None
DEBUG    reportportal_client.client:client.py:690 finish_test_item - ID: ebedaad2-7d15-45cc-970d-295a4780d3c7
DEBUG    reportportal_client.client:client.py:691 response message: Accepted finish request for test item ID = ebedaad2-7d15-45cc-970d-295a4780d3c7
DEBUG    pytest_reportportal.service:service.py:695 ReportPortal - Start TestItem: request_body={'attributes': [{'value': 'my_project'}, {'value': 'media_room_func'}, {'value': 'media_room'}], 'name': '[test_media_room_func_2_35] Select media and remove clip', 'description': "0. Ensure the dependency test is run and passed\n1. Select media ('can_del') by library icon view\n2. Right click and select_right_click_menu('Remove')", 'start_time': '1742549558372', 'item_type': 'STEP', 'code_ref': 'test_BFT_PDR23_stage1_reportportal.py:Test_BFT_365_OS14.test_media_room_func_2_35', 'parameters': None, 'parent_item_id': None, 'test_case_id': 'test_BFT_PDR23_stage1_reportportal.py:Test_BFT_365_OS14.test_media_room_func_2_35'}
DEBUG    urllib3.connectionpool:connectionpool.py:544 http://192.168.7.189:8080 "POST /api/v2/default_personal/item HTTP/1.1" 201 None
DEBUG    reportportal_client.client:client.py:635 start_test_item - ID: d680010b-aa18-486c-b7b1-28323bddcb58
DEBUG    my_package:__init__.py:122 [STEP]: [Initial] Check dependency test result
DEBUG    urllib3.connectionpool:connectionpool.py:544 http://192.168.7.189:8080 "POST /api/v2/default_personal/item/d680010b-aa18-486c-b7b1-28323bddcb58 HTTP/1.1" 201 None
DEBUG    reportportal_client.client:client.py:635 start_test_item - ID: 654edd6b-7b0e-498d-8203-6c9ee870020f
DEBUG    ATFramework:log.py:80  test_media_room_func_2_34 result: False
DEBUG    urllib3.connectionpool:connectionpool.py:544 http://192.168.7.189:8080 "PUT /api/v2/default_personal/item/654edd6b-7b0e-498d-8203-6c9ee870020f HTTP/1.1" 200 None
DEBUG    reportportal_client.client:client.py:690 finish_test_item - ID: 654edd6b-7b0e-498d-8203-6c9ee870020f
DEBUG    reportportal_client.client:client.py:691 response message: Accepted finish request for test item ID = 654edd6b-7b0e-498d-8203-6c9ee870020f
DEBUG    pytest_reportportal.service:service.py:765 ReportPortal - Finish TestItem: request_body={'attributes': [{'value': 'my_project'}, {'value': 'media_room_func'}, {'value': 'media_room'}], 'end_time': '1742549562409', 'status': 'SKIPPED', 'issue': None, 'item_id': 'd680010b-aa18-486c-b7b1-28323bddcb58'}
DEBUG    urllib3.connectionpool:connectionpool.py:544 http://192.168.7.189:8080 "PUT /api/v2/default_personal/item/d680010b-aa18-486c-b7b1-28323bddcb58 HTTP/1.1" 200 None
DEBUG    reportportal_client.client:client.py:690 finish_test_item - ID: d680010b-aa18-486c-b7b1-28323bddcb58
DEBUG    reportportal_client.client:client.py:691 response message: Accepted finish request for test item ID = d680010b-aa18-486c-b7b1-28323bddcb58
DEBUG    pytest_reportportal.service:service.py:695 ReportPortal - Start TestItem: request_body={'attributes': [{'value': 'clip_marker'}, {'value': 'media_room_func'}, {'value': 'timeline'}], 'name': '[test_media_room_func_2_36] Remove All Clip Markers and Save Project', 'description': '0. Ensure the dependency test is run and passed\n1. Select Timeline media (\'Y man\') and screenshot (locator=L.library_preview.upper_view_region)\n2. Right click and select_right_click_menu(\'Clip Marker\', \'Remove All Clip Markers\')\n3. Check preview is updated (Similarity=0.99)\n4. Save the Project as (name="test_media_room_func_2_36", folder_path=Test_Material_Folder + \'BFT_21_Stage1/\')', 'start_time': '1742549562418', 'item_type': 'STEP', 'code_ref': 'test_BFT_PDR23_stage1_reportportal.py:Test_BFT_365_OS14.test_media_room_func_2_36', 'parameters': None, 'parent_item_id': None, 'test_case_id': 'test_BFT_PDR23_stage1_reportportal.py:Test_BFT_365_OS14.test_media_room_func_2_36'}
DEBUG    urllib3.connectionpool:connectionpool.py:544 http://192.168.7.189:8080 "POST /api/v2/default_personal/item HTTP/1.1" 201 None
DEBUG    reportportal_client.client:client.py:635 start_test_item - ID: 81b07843-1aa6-4db5-bffc-03e68f81948c
DEBUG    my_package:__init__.py:122 [STEP]: [Initial] Check dependency test result
DEBUG    urllib3.connectionpool:connectionpool.py:544 http://192.168.7.189:8080 "POST /api/v2/default_personal/item/81b07843-1aa6-4db5-bffc-03e68f81948c HTTP/1.1" 201 None
DEBUG    reportportal_client.client:client.py:635 start_test_item - ID: 49149c3d-5c5b-4c88-9bad-9c752c17d120
DEBUG    ATFramework:log.py:80  test_media_room_func_2_35 result: False
DEBUG    urllib3.connectionpool:connectionpool.py:544 http://192.168.7.189:8080 "PUT /api/v2/default_personal/item/49149c3d-5c5b-4c88-9bad-9c752c17d120 HTTP/1.1" 200 None
DEBUG    reportportal_client.client:client.py:690 finish_test_item - ID: 49149c3d-5c5b-4c88-9bad-9c752c17d120
DEBUG    reportportal_client.client:client.py:691 response message: Accepted finish request for test item ID = 49149c3d-5c5b-4c88-9bad-9c752c17d120
DEBUG    pytest_reportportal.service:service.py:765 ReportPortal - Finish TestItem: request_body={'attributes': [{'value': 'clip_marker'}, {'value': 'media_room_func'}, {'value': 'timeline'}], 'end_time': '1742549566463', 'status': 'SKIPPED', 'issue': None, 'item_id': '81b07843-1aa6-4db5-bffc-03e68f81948c'}
DEBUG    urllib3.connectionpool:connectionpool.py:544 http://192.168.7.189:8080 "PUT /api/v2/default_personal/item/81b07843-1aa6-4db5-bffc-03e68f81948c HTTP/1.1" 200 None
DEBUG    reportportal_client.client:client.py:690 finish_test_item - ID: 81b07843-1aa6-4db5-bffc-03e68f81948c
DEBUG    reportportal_client.client:client.py:691 response message: Accepted finish request for test item ID = 81b07843-1aa6-4db5-bffc-03e68f81948c
DEBUG    pytest_reportportal.service:service.py:851 ReportPortal - Finish launch: request_body={'end_time': '1742549566482'}
DEBUG    urllib3.connectionpool:connectionpool.py:544 http://192.168.7.189:8080 "PUT /api/v2/default_personal/launch/6f8fc56e-51c9-49d6-a3f1-0c2aaca86677/finish HTTP/1.1" 200 None
DEBUG    reportportal_client.client:client.py:722 finish_launch - ID: 6f8fc56e-51c9-49d6-a3f1-0c2aaca86677
DEBUG    reportportal_client.client:client.py:723 response message: None
DEBUG    urllib3.connectionpool:connectionpool.py:544 http://192.168.7.189:8080 "POST /api/v2/default_personal/log HTTP/1.1" 201 None
